Mail acceptance: darwin/x64, Node 24.11.0; one compilation, concurrency 2.
Running all 65 native mail suites (no provider network or real credentials).
✔ isolated text and Office extraction preserves Unicode and section provenance (1276.832193ms)
✔ actual PDF text and scanned PDF OCR run offline in private processes (2753.666657ms)
✔ bounded stdout preserves Unicode across multiple pipe chunks (309.847338ms)
✔ unsupported, malformed, expanded-byte and page budgets fail visibly (3425.055508ms)
✔ cancellation kills and reaps an actual extraction process before accepting a late result (4.365139ms)
✔ focused actual Electron extraction process resolves canvas, WASM and local bilingual models (1405.021049ms)
✔ trusted shorter deadline kills and reaps the actual parser process (12.463031ms)
✔ EIG-154 Office entity and traversal fixtures cannot read or write local files (1301.591402ms)
✔ EIG-154 PDF JavaScript is data and parser environment excludes parent secrets and loader hooks (1182.98707ms)
✔ German headers, quoted printable and charset decoding remain bounded deterministic metadata (39.790727ms)
✔ inline CID, HTML, attached text and message/rfc822 are preserved without expansion (15.482512ms)
✔ part IDs and output are independent of original chunk boundaries (55.714077ms)
✔ 8MiB generated attachment streams to awaited sink without full-content materialization (21913.229394ms)
✔ malformed base64 and unclosed boundaries fail visibly instead of completing (20.994472ms)
✔ input, headers, body, attachment bytes and counts reject at bounded limits (29.052869ms)
✔ unsupported encoding/charset and duplicate structure headers remain incomplete (5.174904ms)
✔ sink must consume fully; sink/source exceptions remain fixed and original stays unchanged (23.195087ms)
✔ deadline and cancellation bound ignored source/sink waits and fence later writes (28.601265ms)
✔ valid flowed delsp semantics and transport-whitespace delimiters preserve HTML and original hash (15.857662ms)
✔ presentation selects the last supported alternative and related root while retaining mixed body sections (8.409923ms)
✔ original rendering EML fixtures project exact HTML and verified CID bytes (38.508365ms)
✔ mboxrd preserves exact binary MIME and escaped From with ending "" (1371.909218ms)
✔ mboxrd preserves exact binary MIME and escaped From with ending "\n" (1740.335795ms)
✔ mboxrd preserves exact binary MIME and escaped From with ending "\r\n" (1405.972578ms)
✔ mboxrd scan resumes at an envelope and does not buffer long lines (54.377723ms)
✔ write-all advances by actual bytes and rejects zero progress (1.131678ms)
✔ manifest path traversal, symlinks and Content-Length mbox variants are rejected (4.565709ms)
✔ cached access validates binding, avoids refresh, isolates owner and reveals no secret binding fields (326.441889ms)
✔ one in-flight refresh per account, independent accounts, durable replacement and encrypted DB/WAL (470.318931ms)
✔ Gmail omitted scopes preserve recorded grants, unknown remains unknown; explicit scopes replace; refresh preserve is exact (335.296835ms)
✔ expiry margin triggers refresh; missing refresh requires reconsent (254.570541ms)
✔ provider, client and Graph authority mismatches fail before HTTP including cached tokens (271.151014ms)
✔ disconnect fences pending settings and never returns or persists stale token (248.38803ms)
✔ reconnect fences pending settings and never returns or persists stale token (241.292217ms)
✔ disconnect fences pending network and never returns or persists stale token (245.471168ms)
✔ reconnect fences pending network and never returns or persists stale token (245.690406ms)
✔ two coordinators cannot overwrite a winning rotation and loser can acquire winner later (251.80173ms)
✔ close immediately rejects uncooperative settings, late completion cannot write (236.882017ms)
✔ close immediately rejects uncooperative network, late completion cannot write (246.630476ms)
✔ deadline bounds ignored cancellation, late result cannot rotate, transient errors redact and preserve safe retry advice (272.306339ms)
✔ real refresh parser with injected HTTP preserves omitted refresh token and recorded Gmail scopes (261.827052ms)
✔ provider classifications stay bounded, do not retry or mutate stored credentials (310.451831ms)
✔ close fences token delivery even when configuration resolves in the same microtask turn (232.847104ms)
✔ independent review: total deadline fences synchronous refresh overrun before persistence (291.264079ms)
✔ independent review: provider Retry-After is not shortened into an earlier retry (230.013206ms)
✔ new connection atomically persists encrypted credentials and secret-free renewable status (300.873705ms)
✔ repeat stable identity requires explicit reconnect and preserves original credentials (270.346109ms)
✔ reconnect wrong identity cannot replace original binding or tokens (266.752772ms)
✔ reconnect stamp fences disconnect during consent (261.073426ms)
✔ foreign and unconfigured archives reject reconnect before OAuth (225.627659ms)
✔ persistence failure after account insert rolls back both account and credentials (230.793882ms)
✔ cancel during consent and verification fences late tokens and identity (238.060345ms)
✔ close is idempotent, blocks new flows and fences late listener startup (228.657841ms)
✔ expiry is distinct, provider count is bounded and terminal statuses expire (265.049969ms)
✔ resource grants gate connections while missing refresh remains explicit nonrenewable (270.117503ms)
✔ provider denial/identity error redacted and options strictly bounded (249.833828ms)
✔ startup timeout and provider cancellation have distinct terminal semantics (257.175702ms)
✔ explicit reconnect cannot inherit an absent refresh credential or change client registration (281.295929ms)
✔ controller disconnect persists before cleanup and cancels consent/identity reconnect races (305.761325ms)
✔ disconnect retains archive and rejects foreign/unconfigured accounts with fixed errors (260.161455ms)
✔ repeated disconnect fences a reconnect in another controller even while already disconnected (278.46119ms)
✔ recent then paginated all history deduplicates originals and completes encrypted projections (1115.048782ms)
✔ pause fences late discovery; reopen explicitly resumes same generation (1097.185796ms)
✔ missing projector preserves raw and labels but never claims complete (823.454808ms)
✔ provider retry floor survives reopen without early requests (478.178327ms)
✔ rate limits enter persisted cooldown after five failures and recover automatically after reopen (1118.026264ms)
✔ close is bounded and late raw chunks cannot publish after disconnect (354.215427ms)
✔ scope and configuration failures are fixed; metadata-only accounts cannot start (332.277186ms)
✔ uncooperative discovery timeout retains capacity until settlement and never accumulates requests (2914.598599ms)
✔ authentication rejection retains a retry job and resumes after credentials are renewed (1093.334242ms)
✔ pause invalidates discovery even when durable pause update fails (308.425276ms)
✔ failed raw sink releases awaited producer before any retry (289.985478ms)
✔ persisted complete status rechecks current raw and projection availability (831.898431ms)
✔ raw-handler acquisition timeout fences the next queued job and retains original physical operation (2502.30348ms)
✔ history pages durably add mail, apply unread deltas and retain remotely deleted originals (1325.684499ms)
✔ pause/reopen between history pages retains original anchor and continuation (1074.951414ms)
✔ expired history reconciles fresh generation, uses minimal existing snapshots and retains absent originals (1339.347438ms)
✔ history checkpoint transaction failure rolls back label changes and page cursor together (820.592613ms)
✔ one incomplete original remains visible while later history receives new mail and removal resolves it (1616.912488ms)
✔ raw404 records authoritative provider absence instead of a permanently incomplete known message (580.382537ms)
✔ legacy completed backfill without pre-enumeration anchor reconciles a new generation before catch-up (1432.316111ms)
✔ mailbox anchor never becomes an unchanged message history version during initial or expired backfill (584.435736ms)
✔ download throttling defers the whole account without exhausting originals and resumes after restart (1196.253584ms)
✔ restart recovers legacy transiently exhausted downloads without reviving permanent content failures (1062.214927ms)
✔ untyped history refreshes current labels, downloads unknown mail and retains a 404 original (1980.515978ms)
✔ untyped history read failure preserves cursor and applies the whole page after restart (1755.403044ms)
✔ untyped history pause fences late snapshots and never checkpoints their page (1072.118216ms)
✔ untyped history caps collected metadata and keeps the page unacknowledged (2059.04089ms)
✔ authoritative Gmail manifest and never-opened MIME parts survive history replay, expiry reconciliation and offline reopen (1763.998999ms)
✔ production raw and minimal message starts share quota pacing and pause interrupts the wait (1797.406772ms)
✔ Node pagination uses fixed endpoint and retains opaque continuation (30.650285ms)
✔ Node raw delivery is sequential and bounded, metadata follows successful sink (13.752262ms)
✔ Node cancellation fences late sink calls and timeouts reject hanging sinks (14.63131ms)
✔ full paginated history, nested ordinary Archive, all originals and separate attachment references survive reopen (1115.145572ms)
✔ immutable ID move changes membership, keeps original and does not collapse duplicate RFC IDs (670.804237ms)
✔ pause/reopen between pages resumes durable continuation without fetching first original again (983.367653ms)
✔ protected MIME and reference attachment are explicit attention while other content downloads (632.847046ms)
✔ late provider result after disconnect cannot publish; foreign owner cannot inspect (392.871045ms)
✔ fixed-host authenticated immutable requests and hostile continuations are rejected before HTTP (22.376456ms)
✔ actual Node worker and local service select Graph settings, sync, reopen, and lock disconnected archive (2649.484859ms)
✔ page transaction fault rolls back metadata, jobs and continuation together (682.272982ms)
✔ retry floor survives reopening and source interruption never publishes partial raw (578.776961ms)
✔ uncooperative discovery retains physical capacity until settlement (938.024537ms)
✔ file attachment size mismatch prevents completion and keeps raw intact (352.740948ms)
✔ Retry-After preserves numeric and HTTP-date provider minimums without one-hour cap (3.292966ms)
✔ access retry minimum survives journal/reopen and synchronous delayed operation cannot publish (568.128444ms)
✔ byte transport absolute deadline rejects a synchronous delayed fetch before yielding (41.295015ms)
✔ credential retry minimum inside raw job is persisted without early resend (535.661792ms)
✔ generated 8 MiB file and embedded item bytes stream durably without whole-content buffers (1038.131102ms)
✔ v8 to v9 migration rolls back completely and preserves credentials, drafts and legacy actions (455.376322ms)
✔ encrypted MIME envelopes remain intact but cannot claim readable projection complete (559.410132ms)
✔ changed draft on body retry refetches MIME instead of pairing new metadata with an old original (548.508424ms)
✔ direct Graph filenames are indexed with account scope and metadata updates dirty the index (554.493224ms)
✔ documented OData delta continuations retain opaque padding and reject other owners, keys and traversal (6.144943ms)
✔ delta replay resolves moves via current GET, retains removed originals/actions, and recovers expired cursors (2246.480535ms)
✔ delta current GET permission failure never tombstones, and cursor/jobs survive cancelled in-flight metadata (2070.425973ms)
✔ escaped opaque slash is valid and a disappearing folder never cascades live membership (753.511793ms)
✔ folder hierarchy application yields after 100 rows and resumes staged cursor after pause (4637.698163ms)
✔ a revived folder discovers its newly created parent before applying the hierarchy (909.281058ms)
✔ startup rejects a current-version store with incomplete delta state without repairing it (251.683703ms)
✔ mixed bulk success and rejection remain per-message, owner scoped, durable and undoable before dispatch (700.131336ms)
✔ timeout after dispatch is uncertain after reopen and is never automatically resubmitted (486.090026ms)
✔ changed credentials and remote conflicts fence old intent before any write (401.037207ms)
✔ retired dispatch owner publishes nothing; expired lease becomes uncertain and label deletion preserves originals (331.863324ms)
✔ shared Graph actions require declared write access, use the bound mailbox and retire queued intent when grants change (426.790673ms)
✔ Gmail read/flag/archive/trash/labels preserve unrelated labels and dispatch once (45.379453ms)
✔ Gmail checks current labels and permanent delete scope before dispatch; lost post-write verification is uncertain (3.3623ms)
✔ Graph immutable moves, read flags, copies and delegated writes use exact mailbox scope (6.313397ms)
✔ Graph stale change keys, read-only and shared read/write grants never confer primary writes (0.813762ms)
✔ Label rename uses remote identity and name precondition; system labels and nonempty Graph folder deletes never dispatch (7.035197ms)
✔ Gmail media submission retains Bcc in private MIME and treats accepted response as delivery unknown (5.055772ms)
✔ Graph shared MIME uses signed-in submission and preserves From while Graph determines actual Sender (0.481051ms)
✔ Graph primary large attachment uses bounded opaque upload chunks without bearer token, then sends prepared draft once (12.461346ms)
✔ Graph interrupted preparation refuses retry and foreign upload URLs never receive MIME or tokens (2.393933ms)
✔ timeouts and provider failures distinguish uncertainty from explicit rejection; Sent match requires sender and Message-ID (4.775402ms)
✔ Node Google canonical subject comes from userinfo with profile consistency (29.037135ms)
✔ Node Graph identity is bound to API verified tenant, not UPN (1.080743ms)
✔ Node mismatch and ignored-abort deadline produce no identity (13.201639ms)
✔ actual TLS discovers hierarchy/special use, UID pages preserve copies, originals/attachments and INTERNALDATE (738.445755ms)
✔ certificate/authentication failures are fixed and failed connect never creates active accounts (250.874034ms)
✔ reconnect after partial history preserves its durable generation, keeps originals and disconnect blocks search (1494.532691ms)
✔ UIDVALIDITY replacement keeps old message identities and content while configured folder scope is explicit (472.132553ms)
✔ real service and Node worker authenticate TLS IMAP, backfill and expose offline attachment bytes (3965.458267ms)
✔ non-ESEARCH sparse four-billion UID mailbox completes in bounded requests (411.211453ms)
✔ restore of actual IMAP ciphertext clears passwords, pauses runs and preserves attachment bytes (1123.838582ms)
✔ UID pages stay bounded, dense adaptive windows narrow without advancing and mid-backfill validity changes stop safely (1021.565768ms)
✔ polling reconciles flags, expunges, folder removal/addition and UIDVALIDITY while preserving originals and draft/action records (973.586163ms)
✔ actual TLS flags/copy/native MOVE/UIDPLUS delete and empty mailbox changes dispatch once; unknown keywords and unsafe fallback stay unsupported (1057.240982ms)
✔ connection loss after accepted copy is uncertain and never replayed; reconnect fences queued old-password work (687.893866ms)
✔ servers without UIDPLUS/MOVE reject move and permanent delete without any write; copy remains usable (697.008069ms)
✔ actual service worker public local action API executes IMAP intent and preserves offline reads after reconciliation (1532.107503ms)
✔ CONDSTORE/QRESYNC enabled sessions use changedSince; IDLE wakes a bounded full UID/presence reconciliation (498.797704ms)
✔ UIDPLUS MOVE fallback scopes expunge, preserves unrelated Deleted messages and does not delete after an ambiguous COPY (427.004861ms)
✔ native MOVE is one command; stale flag snapshots fail before dispatch and cancellation keeps queued intent inert (546.645873ms)
✔ a mailbox disappearing after LIST is reconciled; repeatedly unstable UIDVALIDITY stops after a bounded recovery budget (497.505169ms)
✔ a superseded engine wake cannot adopt the winner run stamp or revive old dispatch (524.99923ms)
✔ post-discovery refresh refuses another database connection replacing the run revision (479.512109ms)
✔ special archive uses server SPECIAL-USE with UID-safe MOVE; ambiguous or unavailable targets never dispatch (575.371284ms)
✔ actual Node gmail callback with normal system hostname resolution (42.265392ms)
✔ actual Node graph callback with normal system hostname resolution (13.896845ms)
✔ actual Node cancel closes both listeners without provider HTTP (6.817868ms)
✔ gmail real HTTP submission adapter remains uncertain across encrypted reopen and only exact Sent evidence settles it (1164.958592ms)
✔ graph real HTTP submission adapter remains uncertain across encrypted reopen and only exact Sent evidence settles it (982.289842ms)
✔ verified TLS SMTP lost DATA acknowledgment survives encrypted restart; Sent reconciliation never repeats DATA or APPEND (1313.270249ms)
✔ personal OAuth callback, encrypted immutable identity, restart refresh and account-kind binding (1630.267541ms)
✔ onboarding cancellation before HTTP start and during IMAP discovery cannot publish a late account (1435.000749ms)
✔ Graph Inbox comes from the well-known lookup, independent of localized or misleading folder display names (303.856769ms)
✔ late Inbox lookup cannot persist a role after credential disconnect (324.136342ms)
✔ Google preserves omitted refresh token and sends credentials only in form body (32.460218ms)
✔ Graph exposes replacement without mutating original credential (1.258003ms)
✔ Node timeout and reconsent errors remain redacted (12.79978ms)
✔ uncertain SMTP submission reconciles an existing Sent copy read-only without APPEND (1.500871ms)
✔ uncertain SMTP no match, duplicate Message-ID and foreign sender remain unresolved without APPEND (0.486344ms)
✔ only known accepted submission can append a missing Sent copy; existing copy is not duplicated (0.409006ms)
✔ SMTP implicit TLS authenticates over verified TLS and reports partial recipients (173.863305ms)
✔ SMTP required STARTTLS authenticates over verified TLS and reports partial recipients (150.366576ms)
✔ SMTP without required STARTTLS never authenticates or sends (40.8286ms)
✔ SMTP lost final DATA acknowledgment is uncertain and does not repeat DATA (64.119602ms)
✔ actual worker proposal sends nothing until approval, pins journal atomically and resumes exactly once (5182.250345ms)
✔ actual worker rejects edited draft and revoked grant before any outbox record (1851.569296ms)
✔ actual worker saves and binds atomically, denies foreign-grant edits and revoked new writes, allows stale rejection (1623.942343ms)
✔ account disconnect invalidates agent capability and pending approval without sending (1431.321656ms)
✔ real OAuth callback → encrypted account → account-owned worker, duplicate announcements, offline restart and deliberate pause (5145.080975ms)
✔ desktop suspension and supervised worker restart preserve pauses and restore safe account sessions (4247.215903ms)
✔ private worker imports and indexes offline, reopens archive and rejects provider sync (3024.324053ms)
✔ independent provider manifest/raw/body/attachment reads match encrypted originals without writes or private output (734.645397ms)
✔ different memberships and a missing local provider identity remain explicit mismatches (819.222368ms)
✔ moving provider history and exceeded bounds cannot report qualification success (593.09766ms)
✔ overlapping diagnostics are refused; cancellation releases physical requests and emits no private error (597.767796ms)
✔ credential disconnect fences pending provider reads before further work (289.609449ms)
✔ cancel retains the diagnostic slot until an abort-ignoring provider request physically settles (757.160722ms)
✔ matching bytes cannot qualify an unenumerated or failed stored MIME projection (1050.648242ms)
✔ a fresh unsupported MIME projection records incomplete coverage instead of a byte-only match (560.133218ms)
✔ non-metadata failures report only allowlisted category and numeric retry timing without automatic retries (384.350761ms)
✔ metadata pacing and rate-limit recovery count each successful identity once and respect Retry-After (2564.23994ms)
✔ metadata Retry-After beyond the overall deadline is not shortened and never dispatched early (295.633094ms)
✔ cancel interrupts metadata backoff and raw rate limiting never replays partial sink work (324.431059ms)
✔ metadata authorization and unconfirmed transient failures are not retried (360.502681ms)
✔ sample-only mode obtains independent bytes without metadata calls or claiming full membership qualification (282.96531ms)
✔ quota evidence retains only HTTP status and known reason, including bounded429 bodies (368.39531ms)
✔ attachment-only MIME with a complete empty body envelope remains a valid sample (284.470471ms)
✔ qualifier matches multipart originals larger than64KiB including body and attachment bytes (1929.311568ms)
✔ actual worker retention requires pause and fresh preview; isolated archive account removal never calls providers (2603.786224ms)
✔ bounds each run, selects explicit generation and isolates accounts (284.739989ms)
✔ global admission and one job per account persist across scopes (231.089927ms)
✔ explicit bounded parallel accounts remain isolated (234.627018ms)
✔ active leases renew and completion remains fenced (257.617321ms)
✔ expired lease prevents late completion or retirement of another owner (236.781042ms)
✔ stolen lease prevents late completion or retirement of another owner (239.337204ms)
✔ pause fences late completion and quarantines ignored abort until settlement (243.208907ms)
✔ close immediately returns paused result, rejects new runs, and never erases durable jobs (238.222361ms)
✔ monotonic deadline catches synchronous work before completion and rolls callback overrun back (327.684198ms)
✔ provider minimum retry delay and attempts survive reopen; permanent and missing-completion failures are bounded (425.680111ms)
✔ raw publication, metadata and followups commit atomically; rolled-back success is retried (240.274399ms)
✔ committed completion followed by handler error never replays and async metadata writer cannot escape (226.902049ms)
✔ deadline retains physical admission for uncooperative work and late capability stays revoked (232.086087ms)
✔ pause inside metadata callback rolls back publication and job success together (231.452941ms)
✔ account-local replay keys preserve intent, duplicates do not reset success or conflate accounts (438.921866ms)
✔ owner/account lease boundaries and fixed redaction reject foreign or malformed work (247.663614ms)
✔ only safe pre-dispatch failures retry; backoff and exhausted attempts survive reopen (405.224309ms)
✔ dispatch commit fences unsafe retry and recovery never automatically resends (404.730846ms)
✔ cancellation fences active lease; post-dispatch cancellation is uncertain rather than remote cancellation (233.606428ms)
✔ known rejection/conflict are terminal; refresh policy is explicit and never blindly reapplied (236.809124ms)
✔ bounded recovery, pagination and lease renewal preserve ordering and fences (233.186681ms)
✔ write failure after SQL mutation rolls back the dispatch marker with fixed error (237.446312ms)
✔ v4 migration is atomic, preserves unmanaged legacy actions and requires v5 guard (365.137551ms)
✔ SIGKILL after durable running boundary preserves safe recovery (783.852071ms)
✔ SIGKILL after durable dispatching boundary preserves safe recovery (795.329956ms)
✔ competing Node writers deduplicate replay keys and grant only one lease (841.725346ms)
✔ preflight throttling persists provider minimum delay without permitting post-dispatch retry (479.865292ms)
✔ explicit offline archive grant resolves only its opaque capability; unknown token, missing permission and restore deny (251.98133ms)
✔ revoked history and expired grants do not hide or consume live grants (345.375572ms)
✔ actual plugin yields readable body; V1 matter receipt denies changed V2 body/attachments/export/search and in-flight reads (1219.02903ms)
✔ accounts added after schema 0 upgrade retain resumable event streams (332.599133ms)
✔ accounts added after schema 22 upgrade retain resumable event streams (310.948412ms)
✔ schema23 account rebuild atomically retains identities, encrypted blobs and child foreign keys (501.889916ms)
✔ upload retries, scope, verification, cleanup, pinned bytes and restart (1250.731089ms)
✔ same-content uploads reuse verified publication without orphan objects; final retries survive reopen (1003.824733ms)
✔ valid current-schema encrypted content survives reopen and shallow diagnostic returns only fixed codes/counts (514.061652ms)
✔ v1 reopen requires upgrade; a failed current migration rolls back and never repairs legacy stored refs (685.172665ms)
✔ missing/newer/incomplete schema reports fixed codes without creating tables or downgrading (407.334996ms)
✔ logical identity/provider corruption is reported without reflecting private values or repairing rows (238.517239ms)
✔ foreign-key violations and disabled enforcement are diagnosed without changing the setting (384.367386ms)
✔ missing publication and incomplete chunk objects cannot pass a shallow complete-content diagnostic (255.710505ms)
✔ shallow checks explicitly do not claim full content hash verification (259.927403ms)
✔ keyset scan pages and total scan budget stay bounded; partial results never claim health (254.482139ms)
✔ SQLite diagnostic failures return fixed codes instead of database error details (219.119237ms)
✔ fast startup guard uses only schema metadata and settings, with fixed safe failures (297.811944ms)
✔ fast startup guard refuses missing tables, missing columns and future versions before use (1040.117613ms)
✔ Graph immutable identity keeps its stored content while a move replaces folder membership (237.765922ms)
✔ v3 fast guard requires journal tables/columns and refuses an unmigrated v2 schema (434.525059ms)
✔ encrypted content writes/readback/reopen are bounded, coalesced, verified and invisible until publication (862.876607ms)
✔ empty bodies and same-account SHA refs work across messages/labels without cross-account aliasing (246.625114ms)
✔ source failures, incorrect expectations and byte limits preserve an existing durable part (251.174663ms)
✔ chunk disk failure and final publication failure roll back without changing old content or cursor (242.259699ms)
✔ staging cleanup cannot remove published/shared/draft content, and reads detect invalid persisted bytes (271.12638ms)
✔ v1 to current schema preserves legacy metadata, is idempotent and rolls back an injected migration failure (743.56011ms)
✔ process death after a durable staging chunk preserves prior manifest; reopen permits explicit cleanup and retry (761.867383ms)
✔ migrated formerly-complete metadata reports attention until real bytes are published (349.018697ms)
✔ publication and fenced job success commit together; stale lease keeps the previous original (246.727501ms)
✔ publication callbacks reject asynchronous work and roll back callback mutations (232.347861ms)
✔ actual SQLITE_FULL retains the prior raw and unfinished checkpoint job through reopen, then retry publishes once (508.982153ms)
✔ credential tokens stay encrypted in live DB/WAL and retain binding/version after reopen (464.927504ms)
✔ immutable owner/account/provider/client/authority/subject binding fails closed (254.7027ms)
✔ refresh CAS has explicit preserve/replace/clear semantics and does not invent grants (242.308595ms)
✔ disconnect/reconnect fences old refreshes, clears credentials and retains archive bytes (435.102165ms)
✔ write failure redacts driver details and rolls token rotation back (254.42457ms)
✔ revision overflow and invalid expiry never wrap or partially alter credentials (243.691588ms)
✔ two actual Node refresh writers sharing a snapshot produce one CAS winner after restart (848.76991ms)
✔ v3 to v4 migration preserves existing data and fast guard requires credential structure (369.847459ms)
✔ new account and first credentials share the caller's outer transaction (227.556054ms)
(node:7403) ExperimentalWarning: SQLite is an experimental feature and might change at any time
(Use `node --trace-warnings ...` to show where the warning was created)
✔ requires exactly 32 bytes and an absolute filesystem path before creating files (9.475201ms)
✔ encrypted FTS and bytes survive a fresh process; DB/WAL are private and contain no markers (447.635541ms)
✔ wrong key leaves an existing encrypted database byte-identical and readable (489.613735ms)
✔ plaintext database is rejected without encrypting, truncating or migrating it (172.718795ms)
✔ rollback, nested savepoints, synchronous return values and thenable rejection (179.784151ms)
✔ rejects symlinks and insecure existing file permissions (8.108326ms)
✔ rejects Bun before native loading or filesystem changes (70.707771ms)
✔ actual Bun runtime refuses the adapter without loading the native addon (178.752245ms)
✔ rejects unknown/plaintext native modules before creating a target file (159.274149ms)
✔ reused statements preserve bindings, eviction, schema changes and rollback (619.178524ms)
✔ provider mapping and local immutable history survive restart; BCC belongs private draft only (893.187235ms)
✔ lost create acknowledgment reconciles fixed Message-ID after process restart without duplicate creation (672.862884ms)
✔ unresolved outcome never creates a duplicate and incomplete draft remains lossless locally (727.62511ms)
✔ remote edit conflict needs exact reconciliation; use remote preserves prior local revision (615.159366ms)
✔ copy-then-delete recovers after accepted create or accepted delete; no duplicate remote remains (1089.413175ms)
✔ verified remote deletion precedes local tombstone and retains historical unsent text (725.952814ms)
✔ IMAP Drafts convention and UIDPLUS are required, APPENDUID is mapped and UIDVALIDITY fences deletion (2.417337ms)
✔ copy replacement conflict use-remote deletes only verified duplicate and retains local history (606.282752ms)
✔ adopt never overwrites local edits made after the reconciliation request (574.79571ms)
✔ send cleanup requires succeeded immutable submission pin and never deletes newer local edits (522.685234ms)
✔ changed uncertain Gmail result is a conflict; adopted drafts resume normal synchronization (686.740197ms)
✔ unlinked local draft deletion does not require an available provider (375.251167ms)
✔ credential fence rejects disconnected or archive-locked Gmail even with unchanged generation (326.310463ms)
✔ missing To, BCC-only and incomplete recipients publish as drafts with local fragments retained (679.212127ms)
✔ ImapFlow STORE tagged OK MODIFIED behavior cannot lead to unconditional reflag or expunge (1.06416ms)
✔ revocation after remote dispatch retains explicit uncertainty instead of stranded syncing state (418.180756ms)
✔ unavailable sender blocks remote publication while keeping the complete recoverable draft (540.5625ms)
✔ adopting a remote multipart draft above64KiB preserves attachment bytes and local history (763.35591ms)
✔ durable automatic extraction indexes local attachment text and exposes exact part provenance offline (1486.052118ms)
✔ expired claims are restart-recoverable, old lease results rejected, account scope precedes reads (429.005702ms)
✔ raw replacement retains old extraction but removes it from current search/read; reset fences in-flight completion (255.955156ms)
✔ disconnect fences extraction and retained text (241.829183ms)
✔ malformed downloads stay downloaded while extraction fails visibly and can be reset (803.970299ms)
✔ actual IMAP credential generation and archive lock fence extraction without compatibility tables (406.301207ms)
✔ schema29 repairs historical replay triggers atomically and retains complete/failed extraction through reopen (463.708177ms)
✔ schema24 retained filing upgrade atomically and reopen encrypted (429.205192ms)
✔ retained original and attachments are verified, deduplicated and survive source removal/reopen (550.494409ms)
✔ baseline must precede enumeration; legacy partial and completed runs restart a fresh preserved generation (422.308678ms)
✔ large decimal message versions fence raw snapshots and history deltas in both directions; same-event replay is idempotent (398.965333ms)
✔ partial scan cannot sweep; bounded terminal reconciliation survives restart and retains encrypted originals (404.332843ms)
✔ paged event apply, raw jobs and terminal anchor share one transaction and reject stale replay (387.01988ms)
✔ v6 migration preserves legacy presence, is atomic on failure and guard requires v7 columns (494.71495ms)
✔ fenced GET absence retains watermark; reappearance restarts only a missing-original terminal raw job (229.024041ms)
✔ unknown-message stale snapshot is explicit until a fresh complete metadata baseline arrives (221.624333ms)
✔ run generation, fixed recent boundary, retry budget, CAS and explicit completion survive reopen (415.651515ms)
✔ provider envelope survives malformed MIME, updates exact thread/labels and preserves raw (250.520161ms)
✔ raw to MIME projection commits body/attachments/decoded headers and job success with encrypted restart (421.200189ms)
✔ same raw hash preserves current projection; changed raw clears only derived completeness and retains originals (240.943492ms)
✔ credential change during source consumption fences final projection and preserves original (241.100488ms)
✔ v5 migration is atomic and idempotent, guard rejects incomplete v6 (325.587578ms)
✔ progress deduplicates scopes and requires every current projected attachment (260.622817ms)
✔ separate scopes, explicit sender declarations, inherited custody, parent and child revocation fences (350.730818ms)
✔ shared transport binds every collection and continuation to the selected mailbox (23.620133ms)
✔ mailbox-level 403 revokes shared access without touching the signed-in credential (285.248331ms)
✔ schema17 migration is atomic and idempotent (288.616395ms)
✔ worker configures two shared mailboxes with independent sync and restores identity from storage (2970.715744ms)
✔ shared list and delta continuations accept canonical mailbox encodings without changing opaque tokens (17.21666ms)
✔ a parent archive lock fails shared access closed even with connected state and scopes (273.583161ms)
✔ historical v5 persisted store survives SIGKILL after ddl, reopen and upgrade (1019.381301ms)
✔ historical v5 persisted store survives SIGKILL after version-write, reopen and upgrade (1236.880493ms)
✔ historical v9 persisted store survives SIGKILL after ddl, reopen and upgrade (1055.57584ms)
✔ historical v9 persisted store survives SIGKILL after version-write, reopen and upgrade (1042.303648ms)
✔ draft CAS snapshots and idempotent save survive encrypted reopen without changing originals (686.423874ms)
✔ submission snapshots are immutable, replay survives editing/deleting head and never claims sending (644.375947ms)
✔ retained draft attachment reads bind immutable version and ordinal after provider replacement (685.353701ms)
✔ mutation intents validate local scope, stay unapplied and cancellation preserves uncertainty (396.483896ms)
✔ disconnect and reconnect fence credentials without resurrecting an old intent (450.528855ms)
✔ events are account-scoped resumable hints, rollback-safe and reset after restored sequence rewind (609.337224ms)
✔ v9 migration is atomic and preserves legacy rows and encrypted originals (409.118749ms)
✔ actual Gmail removal and durable content publication notify readers, scan touches stay quiet (363.786088ms)
✔ actual native rekey changes access key and preserves complete encrypted contents and search (1503.255548ms)
✔ restore keeps portable source immutable, disconnects tokens and quarantines queued submissions (836.376504ms)
✔ failed authentication, wrong digest and existing destination never replace original ciphertext (574.666659ms)
✔ main-process maintenance promotes generations and restores a passphrase backup through a private actual Node child (4448.194505ms)
✔ actual Graph v9 recovery pauses and fences runs while preserving originals, direct attachments and search (1030.429309ms)
✔ actual v10 recovery preserves immutable drafts and attachment pins and resets event cursors (1072.504059ms)
✔ missing blob aborts backup without changing source; correct digest with wrong key fails closed (1475.312126ms)
✔ schema22 notification ledger upgrade atomically and reopen encrypted (428.987092ms)
✔ all providers suppress backfill, notify current unread Inbox arrivals once, and preserve claims on restart (510.969046ms)
✔ settings epochs, account revocation, burst collapse and private preview boundaries (314.027464ms)
✔ initial discovery cannot alert even when imported messages have recent dates (277.982296ms)
✔ hot first account backlog cannot starve a quiet account notification (284.293978ms)
✔ schema21 outbox and SMTP custody upgrade atomically and reopen encrypted (432.843247ms)
✔ immutable MIME, pinned draft and repeated clicks survive accepted restart without resending (524.29469ms)
✔ lost provider acknowledgment remains uncertain across restart; Sent reconciliation never resends (428.197642ms)
✔ cancel before dispatch prevents send; cancellation after boundary cannot retract known acceptance (434.013886ms)
✔ dispatch rechecks sender rights, partial recipients retain draft, explicit rejected retry keeps MIME (483.912675ms)
✔ SMTP custody is owner scoped, metadata only and invalidated by account generation (356.677012ms)
✔ private worker outbox queues durably while paused and resumes exactly once (4491.965812ms)
✔ private worker legacy-service queues durably while paused and resumes exactly once (3635.995612ms)
✔ private worker legacy-worker queues durably while paused and resumes exactly once (3780.988497ms)
✔ suspension aborts crossed dispatch into uncertainty and resume never resends (486.697918ms)
✔ suspension before dispatch keeps safe queued work and sends once after resume (466.357346ms)
✔ archive migration rollback and reopen retain online account children and enforce FKs (722.254369ms)
✔ encrypted eml roundtrip keeps exact MIME, dates and distinct duplicate IDs offline (964.009398ms)
✔ encrypted mboxrd roundtrip keeps exact MIME, dates and distinct duplicate IDs offline (822.292128ms)
✔ large mbox import pauses and resumes after encrypted reopen without identity merges (7010.709117ms)
✔ changed source, missing footer and hostile manifest cannot spoof an online identity (292.702393ms)
✔ offline archive rejects local drafts, outbound actions and credential binding (330.317398ms)
✔ export snapshot failure rolls back its job; it cannot resume as an empty success (364.240888ms)
✔ export resumes after checkpoint with discarded output tail and complete manifest (3007.184932ms)
✔ attachments are decoded offline and original MIME remains exact; changed bundle bytes fail closed (943.052866ms)
✔ provider received order, real inbox roles, unknown dates and large-frame continuations survive worker pagination (1543.720078ms)
✔ conversation pages group the whole account thread, preserve singletons and include replies outside Inbox (375.342794ms)
✔ list preview is bounded Unicode text from the current indexed source, never a replaced or foreign body (289.940441ms)
✔ actual restored accepted and uncertain submissions stay inert after reconnect; draft and file jobs remain quarantined (1158.97429ms)
✔ legacy v1 recovery envelope with actual schema8 restores to clean profile and repairs search offline (1503.372973ms)
✔ legacy v1 recovery envelope with actual schema24 restores to clean profile and repairs search offline (1303.851768ms)
✔ schema25 retention and recovery fences upgrade atomically and reopen (425.572939ms)
✔ provider deletion keeps bytes; exact preview removes only selected local message and bytes (309.263632ms)
✔ filed original pins survive mirror cleanup and block full account purge (250.225974ms)
✔ changed selection invalidates preview and failure keeps message, publication, and chunks (231.373505ms)
✔ explicit disconnected account removal deletes only its account and leaves foreign keys valid (242.121223ms)
✔ unfinished import references and immutable draft attachment pins survive ordinary cleanup (234.081454ms)
✔ immutable draft attachment history remains outside ordinary mirror cleanup (237.935189ms)
✔ encrypted queries survive reopen, preserve exact filters and reject foreign IDs and stale CAS (472.099309ms)
✔ bounded saved query pages never skip large records; request schema rejects injection and paging state (312.169424ms)
✔ lexical, exact and structured search survive offline rebuild and encrypted reopen (808.173842ms)
✔ replaced raw invalidates snippets immediately and literal punctuation is distinct from FTS phrase tokens (249.76916ms)
✔ grouped addresses, HTML umlauts, unnamed attachments and generic read flags retain exact semantics (258.450946ms)
✔ disconnected account never contributes results, snippets, counts or rebuild access (432.540531ms)
✔ search pagination and rebuild are bounded and preserve cross-account duplicate identities (262.502792ms)
✔ v7 upgrade is atomic, idempotent and rebuilds existing locally stored mail (357.317128ms)
✔ incremental scheduler rotates accounts, sees later ingestion and stops before database shutdown (368.932599ms)
✔ unclosed repeated script tags have bounded extraction and an invalid received date cannot poison the batch (452.534078ms)
✔ trigram candidates preserve arbitrary literal substrings, Unicode and GLOB metacharacters (423.387255ms)
✔ paged FTS snippets retain deterministic order and exact structured filtering (377.755979ms)
✔ schema 19 atomically builds substring candidates for existing encrypted documents (283.416551ms)
✔ substring candidates find text following embedded NUL (264.300708ms)
✔ exact filename candidates retain JavaScript Unicode case normalization (250.354467ms)
✔ single phrase scan retains exact totals, empty pages, source scope and dirty exclusion (398.271585ms)
✔ Gmail discovery excludes pending/unverified aliases and validates complete provider response (26.161163ms)
✔ identity defaults/signatures persist; aliases removed by refresh and stale generations fail closed (555.613355ms)
✔ Microsoft shared sender requires declared permission and follows parent lock/revocation (294.308998ms)
✔ IMAP requires explicit configuration, supports removal, and never inherits a username as From (333.366223ms)
✔ schema 19 upgrades atomically to sender identities without changing connected accounts (261.197352ms)
✔ worker refreshes authenticated aliases and preserves sender preferences across relaunch (2474.143982ms)
✔ legacy and forged From drafts remain recoverable but cannot enter the outbox (343.261137ms)
✔ schema26 storage save upgrade atomically and reopen encrypted (589.235972ms)
✔ retained original and attachments are verified, deduplicated and survive source removal/reopen (586.205456ms)
✔ generic stream contract saves all writable storage roots with exact originals and verified receipts (3610.769936ms)
✔ lost create response stays uncertain; retry never overwrites existing destination and restore blocks replay (852.341996ms)
✔ cancel after remote staging preserves saved evidence and stops remaining files; explicit new copy uses fresh names (906.064477ms)
✔ shutdown aborts an ambiguous upload without scheduling more; restored same-folder save is deliberate fresh intent (436.558837ms)
✔ authorized matter scope gathers all 501 receipts in bounded RPCs before count/snippets and denies revoked reads (6529.139212ms)
✔ V1 receipt never grants V2 body/attachment count, snippet, source read or export after same-key projection changes (894.534051ms)
✔ matter upload uses exact pinned bytes, durable lost-commit replay key and current binding fence (558.700596ms)
✔ restore quarantines complete and in-flight saves while preserving accepted file versions and pins (385.204989ms)
✔ custody lock synchronously aborts active shared requests and permits only explicit new work after reopen (690.340451ms)
✔ shutdown aborts stalled root lookups and fences an already pending create before scheduling (358.458822ms)
✔ backup verification rejects a storage receipt with mismatched retained content evidence (280.065597ms)
✔ host route authorizes workspace before shared credentials and forwards a real save intent (429.311374ms)
✔ provider-native attachment publication invalidates old source scope and is included in a fresh retained snapshot (358.050005ms)
✔ cancel between authorization batches drops its one-shot scope and never starts a mail query (2981.884628ms)
✔ long Unicode attachment names fit portable filename byte limits on a real temporary filesystem (257.989095ms)
✔ page commit dedupes provider identity, rejects replay, binds account and preserves generations (278.738354ms)
✔ metadata, cursor and recoverable jobs roll back together on callback, identity or FK failure (226.54006ms)
✔ async/thenable metadata rolls back and revoked writer rejects delayed or retained writes (222.023041ms)
✔ fenced retries retain backoff and budget through reopen, reclaim only bounded expired leases (386.042119ms)
✔ expired reclaim obeys its limit and invalid clock cannot mutate checkpoints (218.418768ms)
✔ success and permanent failure are terminal; slow result callbacks cannot revive expired leases (216.283875ms)
✔ untouched, explicit empty discovery and succeeded jobs remain separate from downloaded bytes (210.039475ms)
✔ SIGKILL before page commit recovers encrypted checkpoint/jobs atomically (690.096386ms)
✔ SIGKILL after page commit recovers encrypted checkpoint/jobs atomically (688.844782ms)
✔ SIGKILL lease page commit recovers encrypted checkpoint/jobs atomically (700.752337ms)
✔ v2 upgrade is additive and atomic; future versions and failed DDL remain unchanged (318.797692ms)
✔ raw followups commit after enumeration and join every current/later parent scope across reopen (577.92354ms)
✔ followup dedupe preserves succeeded/failed children and prohibits self or recursive part jobs (436.037653ms)
✔ followups reject identity/account/bounds misuse without invoking metadata or hiding work (294.938436ms)
✔ followup insertion failure and thenable callbacks roll back metadata, children and parent success (232.914246ms)
✔ expired and replaced parent leases cannot enqueue children, including after callback expiry (391.917855ms)
✔ SIGKILL before followup commit preserves all-or-nothing discovery (720.7004ms)
✔ SIGKILL after followup commit preserves all-or-nothing discovery (692.555982ms)
✔ executor fences and provider retry delays remain account scoped and durable (390.52855ms)
✔ schema28 reverse scope lookup rolls back, preserves closure and reopens idempotently (399.536512ms)
✔ aggregate deduplicates Inbox memberships, tracks unread/move/delete/disconnect and reopens through worker (2127.493693ms)
ℹ tests 447
ℹ suites 0
ℹ pass 447
ℹ fail 0
ℹ cancelled 0
ℹ skipped 0
ℹ todo 0
ℹ duration_ms 177801.631543
Mail acceptance passed in 186.1s.
