{"additionalDesktopQualificationSuites":["mail-artifacts.test.mjs","mail-desktop.test.mjs","mail-draft-recovery.test.mjs","mail-file-publication.test.mjs","mail-image-dimensions.test.mjs","mail-images.test.mjs","mail-keychain-preflight.test.mjs","mail-menu-shortcuts.test.mjs","mail-portability.test.mjs"]}
✔ save and open re-read stored references, verify chunks and confine filenames to a generated path (69.414209ms)
✔ corrupt bytes and locked accounts cannot publish attachments (11.806833ms)
✔ account-switch cancellation fences a late save dialog, and message-supplied destination is rejected (35.07925ms)
✔ offline archive locators save verified originals and attachments without provider credentials (10.849416ms)
✔ native cancellation preserves an existing selected file and creates no publication (3.521125ms)
✔ native replacement publishes verified bytes only after download and rejects a changed destination (22.396041ms)
✔ native Unicode names retain their extension within portable filesystem byte limits (10.177417ms)
✔ private defaults, bounded burst and account recheck before click (4.083458ms)
✔ late polls cannot expose preview after privacy change, lock, or quit (0.979083ms)
✔ suspend and persistent user pause fence resume; new epoch on reconnect (1.019333ms)
✔ unavailable accounts and read messages never show native previews (0.695875ms)
✔ encrypted fsync recovery survives host failure/reopen; stale acknowledgment cannot remove newer edits (28.401958ms)
✔ preflight denial, hostile path and invalid or oversized records fail closed (2.496ms)
✔ list checks authorization once per account per call and never caches across calls (10.391417ms)
✔ unsupported hard links fall back to exclusive creation and exact verified bytes (8.084833ms)
✔ fallback never overwrites an existing or racing destination (3.440625ms)
✔ cancellation and write errors clean only the partial file owned by this operation (4.221625ms)
✔ cancellation cleanup preserves a replacement created by another operation (3.071333ms)
✔ cancellation before fallback creates no destination (1.930875ms)
✔ small GIF/APNG animations remain supported and charge their complete frame canvas budget (1.335875ms)
✔ animation count, canvas amplification, truncated containers and hidden frame declarations fail before decode (3.18575ms)
✔ APNG subframes and PNG header identity cannot bypass checked canvas dimensions (0.333584ms)
✔ mail image addresses reject private, mapped, local, documentation, credential and unusual-port targets (4.7035ms)
✔ HTML/CSS resources decode entities and CSS escapes without treating unrelated text as a resource (3.552291ms)
✔ native image download pins checked DNS, blocks redirect-to-private and sends no ambient credentials (0.768334ms)
✔ encoded dimensions reject bombs before raster decode (0.287667ms)
✔ native image grants read the current stored body, bound returned bytes, and reject caller URLs or a lock (23.449417ms)
✔ cancellation ends a stalled DNS lookup before any connection (0.3335ms)
✔ native transport reads bounded raster bytes and rejects oversized or encoded responses (1.618459ms)
✔ aggregate decoded pixels stop before another compressed image reaches the decoder (9.66575ms)
✔ embedded server keeps the OS home while child environment remains isolated (0.484375ms)
✔ missing or redirected macOS keychains fail before native vault access (0.665917ms)
✔ native reply timeout does not execute a late command or request reload (303.396666ms)
✔ native reply drops route/focus changes and never invents fallback after errors (0.384792ms)
✔ native queued dispatch checks renderer focus before opening and coalesces accelerators (0.533416ms)
✔ native archive grants paths only from dialogs; rejects forged paths and stale service (0.988417ms)
ℹ tests 36
ℹ suites 0
ℹ pass 36
ℹ fail 0
ℹ cancelled 0
ℹ skipped 0
ℹ todo 0
ℹ duration_ms 685.600042
