bun test v1.3.9 (cf6cdbbb)

::group::apps/server/src/mail/local.e2e.test.ts:
(pass) actual HTTP drafts, immutable submission replay, events and encrypted worker restart [5288.93ms]

::endgroup::

::group::apps/server/src/mail/search.e2e.test.ts:
(pass) actual HTTP -> service -> Node worker -> encrypted local search, authorization, restart and rebuild [4179.33ms]

::endgroup::

::group::apps/server/src/mail/routes.e2e.test.ts:
(pass) local HTTP reads complete encrypted originals and attachments offline with scope, lock and page bounds [4390.38ms]
(pass) mail routes are absent by default and when sharing binds all interfaces [10.78ms]
(pass) sync controls require a local host token and reject settings in bodies or query strings [8.98ms]
(pass) connection routes accept provider selection but reject credentials, paths, owners and excess input [8.72ms]
(pass) only host-token auth can access mail; all remote bearer scopes are denied [11.44ms]
(pass) request bodies, owner overrides and malformed pagination cannot reach mail service [7.38ms]
(pass) lock/unlock and bounded pagination flow through injected service; account errors are indistinguishable [7.20ms]
(pass) native/keychain errors are redacted and server shutdown stops the service [5.55ms]
(pass) security maintenance accepts only host-bound operations and redacts backup secrets [6.96ms]
(pass) onboarding HTTP forwards explicit personal selection and bounded cancellable TLS input only for host [8.26ms]
(pass) draft synchronization HTTP enforces host authorization, exact version and conflict hash contracts [8.32ms]

::endgroup::

 13 pass
 0 fail
 214 expect() calls
Ran 13 tests across 3 files. [14.38s]
