Mail acceptance: darwin/arm64, Node 24.11.0; one compilation, concurrency 2.
Running all 65 native mail suites (no provider network or real credentials).
✔ isolated text and Office extraction preserves Unicode and section provenance (528.877041ms)
✔ actual PDF text and scanned PDF OCR run offline in private processes (1393.941917ms)
✔ bounded stdout preserves Unicode across multiple pipe chunks (136.130875ms)
✔ unsupported, malformed, expanded-byte and page budgets fail visibly (1598.456875ms)
✔ cancellation kills and reaps an actual extraction process before accepting a late result (1.155625ms)
✔ focused actual Electron extraction process resolves canvas, WASM and local bilingual models (589.701375ms)
✔ trusted shorter deadline kills and reaps the actual parser process (12.749917ms)
✔ EIG-154 Office entity and traversal fixtures cannot read or write local files (545.304ms)
✔ EIG-154 PDF JavaScript is data and parser environment excludes parent secrets and loader hooks (445.653875ms)
✔ German headers, quoted printable and charset decoding remain bounded deterministic metadata (19.993625ms)
✔ inline CID, HTML, attached text and message/rfc822 are preserved without expansion (6.780667ms)
✔ part IDs and output are independent of original chunk boundaries (24.326041ms)
✔ 8MiB generated attachment streams to awaited sink without full-content materialization (5040.436625ms)
✔ malformed base64 and unclosed boundaries fail visibly instead of completing (10.511167ms)
✔ input, headers, body, attachment bytes and counts reject at bounded limits (9.808208ms)
✔ unsupported encoding/charset and duplicate structure headers remain incomplete (2.242375ms)
✔ sink must consume fully; sink/source exceptions remain fixed and original stays unchanged (7.257541ms)
✔ deadline and cancellation bound ignored source/sink waits and fence later writes (29.361417ms)
✔ valid flowed delsp semantics and transport-whitespace delimiters preserve HTML and original hash (5.596916ms)
✔ presentation selects the last supported alternative and related root while retaining mixed body sections (2.26925ms)
✔ original rendering EML fixtures project exact HTML and verified CID bytes (10.478167ms)
✔ mboxrd preserves exact binary MIME and escaped From with ending "" (525.755834ms)
✔ mboxrd preserves exact binary MIME and escaped From with ending "\n" (589.902542ms)
✔ mboxrd preserves exact binary MIME and escaped From with ending "\r\n" (643.192042ms)
✔ mboxrd scan resumes at an envelope and does not buffer long lines (32.387ms)
✔ write-all advances by actual bytes and rejects zero progress (0.523916ms)
✔ manifest path traversal, symlinks and Content-Length mbox variants are rejected (2.178166ms)
✔ cached access validates binding, avoids refresh, isolates owner and reveals no secret binding fields (234.921666ms)
✔ one in-flight refresh per account, independent accounts, durable replacement and encrypted DB/WAL (383.956833ms)
✔ Gmail omitted scopes preserve recorded grants, unknown remains unknown; explicit scopes replace; refresh preserve is exact (233.419125ms)
✔ expiry margin triggers refresh; missing refresh requires reconsent (208.937708ms)
✔ provider, client and Graph authority mismatches fail before HTTP including cached tokens (215.580083ms)
✔ disconnect fences pending settings and never returns or persists stale token (208.746917ms)
✔ reconnect fences pending settings and never returns or persists stale token (214.968291ms)
✔ disconnect fences pending network and never returns or persists stale token (208.784166ms)
✔ reconnect fences pending network and never returns or persists stale token (207.180417ms)
✔ two coordinators cannot overwrite a winning rotation and loser can acquire winner later (209.693625ms)
✔ close immediately rejects uncooperative settings, late completion cannot write (201.658917ms)
✔ close immediately rejects uncooperative network, late completion cannot write (208.0695ms)
✔ deadline bounds ignored cancellation, late result cannot rotate, transient errors redact and preserve safe retry advice (229.823875ms)
✔ real refresh parser with injected HTTP preserves omitted refresh token and recorded Gmail scopes (214.561041ms)
✔ provider classifications stay bounded, do not retry or mutate stored credentials (227.481875ms)
✔ close fences token delivery even when configuration resolves in the same microtask turn (207.300792ms)
✔ independent review: total deadline fences synchronous refresh overrun before persistence (248.242542ms)
✔ independent review: provider Retry-After is not shortened into an earlier retry (213.342042ms)
✔ new connection atomically persists encrypted credentials and secret-free renewable status (230.757291ms)
✔ repeat stable identity requires explicit reconnect and preserves original credentials (221.568291ms)
✔ reconnect wrong identity cannot replace original binding or tokens (210.871542ms)
✔ reconnect stamp fences disconnect during consent (212.403333ms)
✔ foreign and unconfigured archives reject reconnect before OAuth (199.960625ms)
✔ persistence failure after account insert rolls back both account and credentials (202.676583ms)
✔ cancel during consent and verification fences late tokens and identity (210.904ms)
✔ close is idempotent, blocks new flows and fences late listener startup (201.483917ms)
✔ expiry is distinct, provider count is bounded and terminal statuses expire (234.18875ms)
✔ resource grants gate connections while missing refresh remains explicit nonrenewable (210.316167ms)
✔ provider denial/identity error redacted and options strictly bounded (206.135375ms)
✔ startup timeout and provider cancellation have distinct terminal semantics (218.395417ms)
✔ explicit reconnect cannot inherit an absent refresh credential or change client registration (220.842041ms)
✔ controller disconnect persists before cleanup and cancels consent/identity reconnect races (239.703ms)
✔ disconnect retains archive and rejects foreign/unconfigured accounts with fixed errors (220.342958ms)
✔ repeated disconnect fences a reconnect in another controller even while already disconnected (220.651334ms)
✔ recent then paginated all history deduplicates originals and completes encrypted projections (960.417833ms)
✔ pause fences late discovery; reopen explicitly resumes same generation (978.128959ms)
✔ missing projector preserves raw and labels but never claims complete (783.736958ms)
✔ provider retry floor survives reopen without early requests (447.716959ms)
✔ rate limits enter persisted cooldown after five failures and recover automatically after reopen (1038.678458ms)
✔ close is bounded and late raw chunks cannot publish after disconnect (322.971791ms)
✔ scope and configuration failures are fixed; metadata-only accounts cannot start (240.1905ms)
✔ uncooperative discovery timeout retains capacity until settlement and never accumulates requests (2677.979917ms)
✔ authentication rejection retains a retry job and resumes after credentials are renewed (1009.5565ms)
✔ pause invalidates discovery even when durable pause update fails (261.496708ms)
✔ failed raw sink releases awaited producer before any retry (254.851791ms)
✔ persisted complete status rechecks current raw and projection availability (758.891417ms)
✔ raw-handler acquisition timeout fences the next queued job and retains original physical operation (2432.0465ms)
✔ history pages durably add mail, apply unread deltas and retain remotely deleted originals (1256.610208ms)
✔ pause/reopen between history pages retains original anchor and continuation (1022.205667ms)
✔ expired history reconciles fresh generation, uses minimal existing snapshots and retains absent originals (1293.545958ms)
✔ history checkpoint transaction failure rolls back label changes and page cursor together (759.390334ms)
✔ one incomplete original remains visible while later history receives new mail and removal resolves it (1526.508084ms)
✔ raw404 records authoritative provider absence instead of a permanently incomplete known message (507.909875ms)
✔ legacy completed backfill without pre-enumeration anchor reconciles a new generation before catch-up (1320.683959ms)
✔ mailbox anchor never becomes an unchanged message history version during initial or expired backfill (515.9545ms)
✔ download throttling defers the whole account without exhausting originals and resumes after restart (1106.472041ms)
✔ restart recovers legacy transiently exhausted downloads without reviving permanent content failures (953.614625ms)
✔ untyped history refreshes current labels, downloads unknown mail and retains a 404 original (1921.291291ms)
✔ untyped history read failure preserves cursor and applies the whole page after restart (1753.379208ms)
✔ untyped history pause fences late snapshots and never checkpoints their page (1025.9225ms)
✔ untyped history caps collected metadata and keeps the page unacknowledged (2028.957917ms)
✔ authoritative Gmail manifest and never-opened MIME parts survive history replay, expiry reconciliation and offline reopen (1672.427834ms)
✔ production raw and minimal message starts share quota pacing and pause interrupts the wait (1307.763833ms)
✔ Node pagination uses fixed endpoint and retains opaque continuation (13.109166ms)
✔ Node raw delivery is sequential and bounded, metadata follows successful sink (8.328833ms)
✔ Node cancellation fences late sink calls and timeouts reject hanging sinks (16.170625ms)
✔ full paginated history, nested ordinary Archive, all originals and separate attachment references survive reopen (640.626583ms)
✔ immutable ID move changes membership, keeps original and does not collapse duplicate RFC IDs (425.469459ms)
✔ pause/reopen between pages resumes durable continuation without fetching first original again (627.203ms)
✔ protected MIME and reference attachment are explicit attention while other content downloads (472.1325ms)
✔ late provider result after disconnect cannot publish; foreign owner cannot inspect (312.765167ms)
✔ fixed-host authenticated immutable requests and hostile continuations are rejected before HTTP (12.387041ms)
✔ actual Node worker and local service select Graph settings, sync, reopen, and lock disconnected archive (1584.552167ms)
✔ page transaction fault rolls back metadata, jobs and continuation together (512.77875ms)
✔ retry floor survives reopening and source interruption never publishes partial raw (480.551458ms)
✔ uncooperative discovery retains physical capacity until settlement (681.723458ms)
✔ file attachment size mismatch prevents completion and keeps raw intact (250.771917ms)
✔ Retry-After preserves numeric and HTTP-date provider minimums without one-hour cap (2.155958ms)
✔ access retry minimum survives journal/reopen and synchronous delayed operation cannot publish (499.870625ms)
✔ byte transport absolute deadline rejects a synchronous delayed fetch before yielding (40.65875ms)
✔ credential retry minimum inside raw job is persisted without early resend (498.412291ms)
✔ generated 8 MiB file and embedded item bytes stream durably without whole-content buffers (870.618542ms)
✔ v8 to v9 migration rolls back completely and preserves credentials, drafts and legacy actions (403.840791ms)
✔ encrypted MIME envelopes remain intact but cannot claim readable projection complete (396.831666ms)
✔ changed draft on body retry refetches MIME instead of pairing new metadata with an old original (400.796875ms)
✔ direct Graph filenames are indexed with account scope and metadata updates dirty the index (393.687375ms)
✔ documented OData delta continuations retain opaque padding and reject other owners, keys and traversal (3.1575ms)
✔ delta replay resolves moves via current GET, retains removed originals/actions, and recovers expired cursors (1627.994208ms)
✔ delta current GET permission failure never tombstones, and cursor/jobs survive cancelled in-flight metadata (1582.12425ms)
✔ escaped opaque slash is valid and a disappearing folder never cascades live membership (631.256375ms)
✔ folder hierarchy application yields after 100 rows and resumes staged cursor after pause (2946.355208ms)
✔ a revived folder discovers its newly created parent before applying the hierarchy (596.590625ms)
✔ startup rejects a current-version store with incomplete delta state without repairing it (206.4265ms)
✔ mixed bulk success and rejection remain per-message, owner scoped, durable and undoable before dispatch (487.295667ms)
✔ timeout after dispatch is uncertain after reopen and is never automatically resubmitted (413.246875ms)
✔ changed credentials and remote conflicts fence old intent before any write (277.59425ms)
✔ retired dispatch owner publishes nothing; expired lease becomes uncertain and label deletion preserves originals (249.378458ms)
✔ shared Graph actions require declared write access, use the bound mailbox and retire queued intent when grants change (278.601875ms)
✔ Gmail read/flag/archive/trash/labels preserve unrelated labels and dispatch once (16.122666ms)
✔ Gmail checks current labels and permanent delete scope before dispatch; lost post-write verification is uncertain (0.775208ms)
✔ Graph immutable moves, read flags, copies and delegated writes use exact mailbox scope (1.986542ms)
✔ Graph stale change keys, read-only and shared read/write grants never confer primary writes (0.236125ms)
✔ Label rename uses remote identity and name precondition; system labels and nonempty Graph folder deletes never dispatch (1.001042ms)
✔ Gmail media submission retains Bcc in private MIME and treats accepted response as delivery unknown (2.40975ms)
✔ Graph shared MIME uses signed-in submission and preserves From while Graph determines actual Sender (0.234083ms)
✔ Graph primary large attachment uses bounded opaque upload chunks without bearer token, then sends prepared draft once (5.109542ms)
✔ Graph interrupted preparation refuses retry and foreign upload URLs never receive MIME or tokens (1.410583ms)
✔ timeouts and provider failures distinguish uncertainty from explicit rejection; Sent match requires sender and Message-ID (6.344583ms)
✔ Node Google canonical subject comes from userinfo with profile consistency (13.165041ms)
✔ Node Graph identity is bound to API verified tenant, not UPN (0.541792ms)
✔ Node mismatch and ignored-abort deadline produce no identity (12.657166ms)
✔ actual TLS discovers hierarchy/special use, UID pages preserve copies, originals/attachments and INTERNALDATE (545.533666ms)
✔ certificate/authentication failures are fixed and failed connect never creates active accounts (230.878125ms)
✔ reconnect after partial history preserves its durable generation, keeps originals and disconnect blocks search (1389.529083ms)
✔ UIDVALIDITY replacement keeps old message identities and content while configured folder scope is explicit (332.139041ms)
✔ real service and Node worker authenticate TLS IMAP, backfill and expose offline attachment bytes (2046.317375ms)
✔ non-ESEARCH sparse four-billion UID mailbox completes in bounded requests (302.828917ms)
✔ restore of actual IMAP ciphertext clears passwords, pauses runs and preserves attachment bytes (891.444458ms)
✔ UID pages stay bounded, dense adaptive windows narrow without advancing and mid-backfill validity changes stop safely (635.798042ms)
✔ polling reconciles flags, expunges, folder removal/addition and UIDVALIDITY while preserving originals and draft/action records (553.586083ms)
✔ actual TLS flags/copy/native MOVE/UIDPLUS delete and empty mailbox changes dispatch once; unknown keywords and unsafe fallback stay unsupported (594.086667ms)
✔ connection loss after accepted copy is uncertain and never replayed; reconnect fences queued old-password work (472.574583ms)
✔ servers without UIDPLUS/MOVE reject move and permanent delete without any write; copy remains usable (354.797708ms)
✔ actual service worker public local action API executes IMAP intent and preserves offline reads after reconciliation (939.672333ms)
✔ CONDSTORE/QRESYNC enabled sessions use changedSince; IDLE wakes a bounded full UID/presence reconciliation (348.031292ms)
✔ UIDPLUS MOVE fallback scopes expunge, preserves unrelated Deleted messages and does not delete after an ambiguous COPY (306.86575ms)
✔ native MOVE is one command; stale flag snapshots fail before dispatch and cancellation keeps queued intent inert (366.838417ms)
✔ a mailbox disappearing after LIST is reconciled; repeatedly unstable UIDVALIDITY stops after a bounded recovery budget (346.189375ms)
✔ a superseded engine wake cannot adopt the winner run stamp or revive old dispatch (333.128833ms)
✔ post-discovery refresh refuses another database connection replacing the run revision (460.54ms)
✔ special archive uses server SPECIAL-USE with UID-safe MOVE; ambiguous or unavailable targets never dispatch (378.670042ms)
✔ actual Node gmail callback with normal system hostname resolution (20.006875ms)
✔ actual Node graph callback with normal system hostname resolution (6.558375ms)
✔ actual Node cancel closes both listeners without provider HTTP (2.711791ms)
✔ gmail real HTTP submission adapter remains uncertain across encrypted reopen and only exact Sent evidence settles it (634.957959ms)
✔ graph real HTTP submission adapter remains uncertain across encrypted reopen and only exact Sent evidence settles it (595.050125ms)
✔ verified TLS SMTP lost DATA acknowledgment survives encrypted restart; Sent reconciliation never repeats DATA or APPEND (794.331458ms)
✔ personal OAuth callback, encrypted immutable identity, restart refresh and account-kind binding (991.965208ms)
✔ onboarding cancellation before HTTP start and during IMAP discovery cannot publish a late account (766.721791ms)
✔ Graph Inbox comes from the well-known lookup, independent of localized or misleading folder display names (254.675166ms)
✔ late Inbox lookup cannot persist a role after credential disconnect (261.084542ms)
✔ Google preserves omitted refresh token and sends credentials only in form body (13.141041ms)
✔ Graph exposes replacement without mutating original credential (0.493125ms)
✔ Node timeout and reconsent errors remain redacted (13.719292ms)
✔ uncertain SMTP submission reconciles an existing Sent copy read-only without APPEND (0.644167ms)
✔ uncertain SMTP no match, duplicate Message-ID and foreign sender remain unresolved without APPEND (0.182417ms)
✔ only known accepted submission can append a missing Sent copy; existing copy is not duplicated (0.162ms)
✔ SMTP implicit TLS authenticates over verified TLS and reports partial recipients (56.924375ms)
✔ SMTP required STARTTLS authenticates over verified TLS and reports partial recipients (46.295958ms)
✔ SMTP without required STARTTLS never authenticates or sends (44.821333ms)
✔ SMTP lost final DATA acknowledgment is uncertain and does not repeat DATA (59.896375ms)
✔ actual worker proposal sends nothing until approval, pins journal atomically and resumes exactly once (2209.933ms)
✔ actual worker rejects edited draft and revoked grant before any outbox record (777.156875ms)
✔ actual worker saves and binds atomically, denies foreign-grant edits and revoked new writes, allows stale rejection (960.029208ms)
✔ account disconnect invalidates agent capability and pending approval without sending (771.252167ms)
✔ real OAuth callback → encrypted account → account-owned worker, duplicate announcements, offline restart and deliberate pause (2137.773459ms)
✔ desktop suspension and supervised worker restart preserve pauses and restore safe account sessions (2129.008667ms)
✔ private worker imports and indexes offline, reopens archive and rejects provider sync (2117.894792ms)
✔ independent provider manifest/raw/body/attachment reads match encrypted originals without writes or private output (537.009958ms)
✔ different memberships and a missing local provider identity remain explicit mismatches (742.916417ms)
✔ moving provider history and exceeded bounds cannot report qualification success (532.83025ms)
✔ overlapping diagnostics are refused; cancellation releases physical requests and emits no private error (546.7895ms)
✔ credential disconnect fences pending provider reads before further work (235.863042ms)
✔ cancel retains the diagnostic slot until an abort-ignoring provider request physically settles (550.291625ms)
✔ matching bytes cannot qualify an unenumerated or failed stored MIME projection (767.370667ms)
✔ a fresh unsupported MIME projection records incomplete coverage instead of a byte-only match (498.731916ms)
✔ non-metadata failures report only allowlisted category and numeric retry timing without automatic retries (281.559083ms)
✔ metadata pacing and rate-limit recovery count each successful identity once and respect Retry-After (2482.887208ms)
✔ metadata Retry-After beyond the overall deadline is not shortened and never dispatched early (247.647958ms)
✔ cancel interrupts metadata backoff and raw rate limiting never replays partial sink work (260.289709ms)
✔ metadata authorization and unconfirmed transient failures are not retried (412.303583ms)
✔ sample-only mode obtains independent bytes without metadata calls or claiming full membership qualification (235.163042ms)
✔ quota evidence retains only HTTP status and known reason, including bounded429 bodies (293.956875ms)
✔ attachment-only MIME with a complete empty body envelope remains a valid sample (665.577333ms)
✔ qualifier matches multipart originals larger than64KiB including body and attachment bytes (926.466ms)
✔ actual worker retention requires pause and fresh preview; isolated archive account removal never calls providers (1204.281833ms)
✔ bounds each run, selects explicit generation and isolates accounts (230.402875ms)
✔ global admission and one job per account persist across scopes (201.627541ms)
✔ explicit bounded parallel accounts remain isolated (202.097084ms)
✔ active leases renew and completion remains fenced (218.597542ms)
✔ expired lease prevents late completion or retirement of another owner (216.449708ms)
✔ stolen lease prevents late completion or retirement of another owner (201.498375ms)
✔ pause fences late completion and quarantines ignored abort until settlement (201.198917ms)
✔ close immediately returns paused result, rejects new runs, and never erases durable jobs (197.601167ms)
✔ monotonic deadline catches synchronous work before completion and rolls callback overrun back (353.058042ms)
✔ provider minimum retry delay and attempts survive reopen; permanent and missing-completion failures are bounded (372.952375ms)
✔ raw publication, metadata and followups commit atomically; rolled-back success is retried (204.371291ms)
✔ committed completion followed by handler error never replays and async metadata writer cannot escape (201.913208ms)
✔ deadline retains physical admission for uncooperative work and late capability stays revoked (212.86125ms)
✔ pause inside metadata callback rolls back publication and job success together (218.230792ms)
✔ account-local replay keys preserve intent, duplicates do not reset success or conflate accounts (391.310666ms)
✔ owner/account lease boundaries and fixed redaction reject foreign or malformed work (209.222042ms)
✔ only safe pre-dispatch failures retry; backoff and exhausted attempts survive reopen (386.803875ms)
✔ dispatch commit fences unsafe retry and recovery never automatically resends (398.265833ms)
✔ cancellation fences active lease; post-dispatch cancellation is uncertain rather than remote cancellation (324.569083ms)
✔ known rejection/conflict are terminal; refresh policy is explicit and never blindly reapplied (204.601958ms)
✔ bounded recovery, pagination and lease renewal preserve ordering and fences (210.02875ms)
✔ write failure after SQL mutation rolls back the dispatch marker with fixed error (379.134833ms)
✔ v4 migration is atomic, preserves unmanaged legacy actions and requires v5 guard (840.278792ms)
✔ SIGKILL after durable running boundary preserves safe recovery (665.781125ms)
✔ SIGKILL after durable dispatching boundary preserves safe recovery (628.986625ms)
✔ competing Node writers deduplicate replay keys and grant only one lease (658.250083ms)
✔ preflight throttling persists provider minimum delay without permitting post-dispatch retry (369.056ms)
✔ explicit offline archive grant resolves only its opaque capability; unknown token, missing permission and restore deny (214.528125ms)
✔ revoked history and expired grants do not hide or consume live grants (254.546ms)
✔ actual plugin yields readable body; V1 matter receipt denies changed V2 body/attachments/export/search and in-flight reads (657.977209ms)
✔ accounts added after schema 0 upgrade retain resumable event streams (230.573333ms)
✔ accounts added after schema 22 upgrade retain resumable event streams (219.56025ms)
✔ schema23 account rebuild atomically retains identities, encrypted blobs and child foreign keys (469.766625ms)
✔ upload retries, scope, verification, cleanup, pinned bytes and restart (841.523542ms)
✔ same-content uploads reuse verified publication without orphan objects; final retries survive reopen (785.26325ms)
✔ valid current-schema encrypted content survives reopen and shallow diagnostic returns only fixed codes/counts (396.696625ms)
✔ v1 reopen requires upgrade; a failed current migration rolls back and never repairs legacy stored refs (586.7645ms)
✔ missing/newer/incomplete schema reports fixed codes without creating tables or downgrading (361.981333ms)
✔ logical identity/provider corruption is reported without reflecting private values or repairing rows (208.320834ms)
✔ foreign-key violations and disabled enforcement are diagnosed without changing the setting (208.0385ms)
✔ missing publication and incomplete chunk objects cannot pass a shallow complete-content diagnostic (239.4105ms)
✔ shallow checks explicitly do not claim full content hash verification (207.019958ms)
✔ keyset scan pages and total scan budget stay bounded; partial results never claim health (226.2995ms)
✔ SQLite diagnostic failures return fixed codes instead of database error details (195.620625ms)
✔ fast startup guard uses only schema metadata and settings, with fixed safe failures (208.699333ms)
✔ fast startup guard refuses missing tables, missing columns and future versions before use (593.59825ms)
✔ Graph immutable identity keeps its stored content while a move replaces folder membership (202.87425ms)
✔ v3 fast guard requires journal tables/columns and refuses an unmigrated v2 schema (265.1015ms)
✔ encrypted content writes/readback/reopen are bounded, coalesced, verified and invisible until publication (597.843834ms)
✔ empty bodies and same-account SHA refs work across messages/labels without cross-account aliasing (227.197875ms)
✔ source failures, incorrect expectations and byte limits preserve an existing durable part (212.610416ms)
✔ chunk disk failure and final publication failure roll back without changing old content or cursor (239.066708ms)
✔ staging cleanup cannot remove published/shared/draft content, and reads detect invalid persisted bytes (208.61625ms)
✔ v1 to current schema preserves legacy metadata, is idempotent and rolls back an injected migration failure (255.93125ms)
✔ process death after a durable staging chunk preserves prior manifest; reopen permits explicit cleanup and retry (596.424709ms)
✔ migrated formerly-complete metadata reports attention until real bytes are published (262.821458ms)
✔ publication and fenced job success commit together; stale lease keeps the previous original (206.894292ms)
✔ publication callbacks reject asynchronous work and roll back callback mutations (199.568833ms)
✔ actual SQLITE_FULL retains the prior raw and unfinished checkpoint job through reopen, then retry publishes once (426.582792ms)
✔ credential tokens stay encrypted in live DB/WAL and retain binding/version after reopen (380.279292ms)
✔ immutable owner/account/provider/client/authority/subject binding fails closed (199.214667ms)
✔ refresh CAS has explicit preserve/replace/clear semantics and does not invent grants (198.817041ms)
✔ disconnect/reconnect fences old refreshes, clears credentials and retains archive bytes (359.443291ms)
✔ write failure redacts driver details and rolls token rotation back (230.61325ms)
✔ revision overflow and invalid expiry never wrap or partially alter credentials (223.339333ms)
✔ two actual Node refresh writers sharing a snapshot produce one CAS winner after restart (672.055042ms)
✔ v3 to v4 migration preserves existing data and fast guard requires credential structure (264.525625ms)
✔ new account and first credentials share the caller's outer transaction (198.203417ms)
(node:9106) ExperimentalWarning: SQLite is an experimental feature and might change at any time
(Use `node --trace-warnings ...` to show where the warning was created)
✔ requires exactly 32 bytes and an absolute filesystem path before creating files (4.305375ms)
✔ encrypted FTS and bytes survive a fresh process; DB/WAL are private and contain no markers (353.47ms)
✔ wrong key leaves an existing encrypted database byte-identical and readable (484.5695ms)
✔ plaintext database is rejected without encrypting, truncating or migrating it (164.705708ms)
✔ rollback, nested savepoints, synchronous return values and thenable rejection (177.84525ms)
✔ rejects symlinks and insecure existing file permissions (6.041625ms)
✔ rejects Bun before native loading or filesystem changes (45.78225ms)
✔ actual Bun runtime refuses the adapter without loading the native addon (199.412667ms)
✔ rejects unknown/plaintext native modules before creating a target file (62.593292ms)
✔ reused statements preserve bindings, eviction, schema changes and rollback (510.197375ms)
✔ provider mapping and local immutable history survive restart; BCC belongs private draft only (506.054958ms)
✔ lost create acknowledgment reconciles fixed Message-ID after process restart without duplicate creation (437.722417ms)
✔ unresolved outcome never creates a duplicate and incomplete draft remains lossless locally (351.204917ms)
✔ remote edit conflict needs exact reconciliation; use remote preserves prior local revision (605.389584ms)
✔ copy-then-delete recovers after accepted create or accepted delete; no duplicate remote remains (675.152458ms)
✔ verified remote deletion precedes local tombstone and retains historical unsent text (492.778458ms)
✔ IMAP Drafts convention and UIDPLUS are required, APPENDUID is mapped and UIDVALIDITY fences deletion (1.208375ms)
✔ copy replacement conflict use-remote deletes only verified duplicate and retains local history (353.803583ms)
✔ adopt never overwrites local edits made after the reconciliation request (364.350083ms)
✔ send cleanup requires succeeded immutable submission pin and never deletes newer local edits (302.201917ms)
✔ changed uncertain Gmail result is a conflict; adopted drafts resume normal synchronization (365.631875ms)
✔ unlinked local draft deletion does not require an available provider (298.401ms)
✔ credential fence rejects disconnected or archive-locked Gmail even with unchanged generation (235.210875ms)
✔ missing To, BCC-only and incomplete recipients publish as drafts with local fragments retained (351.913083ms)
✔ ImapFlow STORE tagged OK MODIFIED behavior cannot lead to unconditional reflag or expunge (0.555417ms)
✔ revocation after remote dispatch retains explicit uncertainty instead of stranded syncing state (260.314833ms)
✔ unavailable sender blocks remote publication while keeping the complete recoverable draft (301.190291ms)
✔ adopting a remote multipart draft above64KiB preserves attachment bytes and local history (381.896416ms)
✔ durable automatic extraction indexes local attachment text and exposes exact part provenance offline (1400.395625ms)
✔ expired claims are restart-recoverable, old lease results rejected, account scope precedes reads (536.20175ms)
✔ raw replacement retains old extraction but removes it from current search/read; reset fences in-flight completion (214.713959ms)
✔ disconnect fences extraction and retained text (197.696208ms)
✔ malformed downloads stay downloaded while extraction fails visibly and can be reset (592.946ms)
✔ actual IMAP credential generation and archive lock fence extraction without compatibility tables (360.907083ms)
✔ schema29 repairs historical replay triggers atomically and retains complete/failed extraction through reopen (396.287167ms)
✔ schema24 retained filing upgrade atomically and reopen encrypted (373.136667ms)
✔ retained original and attachments are verified, deduplicated and survive source removal/reopen (461.417708ms)
✔ baseline must precede enumeration; legacy partial and completed runs restart a fresh preserved generation (370.793584ms)
✔ large decimal message versions fence raw snapshots and history deltas in both directions; same-event replay is idempotent (355.78125ms)
✔ partial scan cannot sweep; bounded terminal reconciliation survives restart and retains encrypted originals (358.545958ms)
✔ paged event apply, raw jobs and terminal anchor share one transaction and reject stale replay (356.6655ms)
✔ v6 migration preserves legacy presence, is atomic on failure and guard requires v7 columns (425.139333ms)
✔ fenced GET absence retains watermark; reappearance restarts only a missing-original terminal raw job (198.942667ms)
✔ unknown-message stale snapshot is explicit until a fresh complete metadata baseline arrives (193.086458ms)
✔ run generation, fixed recent boundary, retry budget, CAS and explicit completion survive reopen (371.96025ms)
✔ provider envelope survives malformed MIME, updates exact thread/labels and preserves raw (205.447667ms)
✔ raw to MIME projection commits body/attachments/decoded headers and job success with encrypted restart (379.265917ms)
✔ same raw hash preserves current projection; changed raw clears only derived completeness and retains originals (211.504459ms)
✔ credential change during source consumption fences final projection and preserves original (202.362417ms)
✔ v5 migration is atomic and idempotent, guard rejects incomplete v6 (249.440125ms)
✔ progress deduplicates scopes and requires every current projected attachment (210.953792ms)
✔ separate scopes, explicit sender declarations, inherited custody, parent and child revocation fences (253.76325ms)
✔ shared transport binds every collection and continuation to the selected mailbox (11.48725ms)
✔ mailbox-level 403 revokes shared access without touching the signed-in credential (223.853125ms)
✔ schema17 migration is atomic and idempotent (215.759042ms)
✔ worker configures two shared mailboxes with independent sync and restores identity from storage (1386.090917ms)
✔ shared list and delta continuations accept canonical mailbox encodings without changing opaque tokens (6.037375ms)
✔ a parent archive lock fails shared access closed even with connected state and scopes (238.909041ms)
✔ historical v5 persisted store survives SIGKILL after ddl, reopen and upgrade (804.312292ms)
✔ historical v5 persisted store survives SIGKILL after version-write, reopen and upgrade (840.886042ms)
✔ historical v9 persisted store survives SIGKILL after ddl, reopen and upgrade (762.749459ms)
✔ historical v9 persisted store survives SIGKILL after version-write, reopen and upgrade (763.46175ms)
✔ draft CAS snapshots and idempotent save survive encrypted reopen without changing originals (471.611417ms)
✔ submission snapshots are immutable, replay survives editing/deleting head and never claims sending (431.735667ms)
✔ retained draft attachment reads bind immutable version and ordinal after provider replacement (417.284458ms)
✔ mutation intents validate local scope, stay unapplied and cancellation preserves uncertainty (272.706167ms)
✔ disconnect and reconnect fence credentials without resurrecting an old intent (276.193167ms)
✔ events are account-scoped resumable hints, rollback-safe and reset after restored sequence rewind (436.2845ms)
✔ v9 migration is atomic and preserves legacy rows and encrypted originals (264.976416ms)
✔ actual Gmail removal and durable content publication notify readers, scan touches stay quiet (251.254541ms)
✔ actual native rekey changes access key and preserves complete encrypted contents and search (1207.630541ms)
✔ restore keeps portable source immutable, disconnects tokens and quarantines queued submissions (738.7325ms)
✔ failed authentication, wrong digest and existing destination never replace original ciphertext (554.596209ms)
✔ main-process maintenance promotes generations and restores a passphrase backup through a private actual Node child (3648.876292ms)
✔ actual Graph v9 recovery pauses and fences runs while preserving originals, direct attachments and search (993.092167ms)
✔ actual v10 recovery preserves immutable drafts and attachment pins and resets event cursors (938.073875ms)
✔ missing blob aborts backup without changing source; correct digest with wrong key fails closed (1282.953458ms)
✔ schema22 notification ledger upgrade atomically and reopen encrypted (376.265ms)
✔ all providers suppress backfill, notify current unread Inbox arrivals once, and preserve claims on restart (407.632666ms)
✔ settings epochs, account revocation, burst collapse and private preview boundaries (270.561625ms)
✔ initial discovery cannot alert even when imported messages have recent dates (237.283541ms)
✔ hot first account backlog cannot starve a quiet account notification (251.213084ms)
✔ schema21 outbox and SMTP custody upgrade atomically and reopen encrypted (400.077708ms)
✔ immutable MIME, pinned draft and repeated clicks survive accepted restart without resending (300.441625ms)
✔ lost provider acknowledgment remains uncertain across restart; Sent reconciliation never resends (261.718334ms)
✔ cancel before dispatch prevents send; cancellation after boundary cannot retract known acceptance (290.74475ms)
✔ dispatch rechecks sender rights, partial recipients retain draft, explicit rejected retry keeps MIME (293.686667ms)
✔ SMTP custody is owner scoped, metadata only and invalidated by account generation (233.605ms)
✔ private worker outbox queues durably while paused and resumes exactly once (2020.131041ms)
✔ private worker legacy-service queues durably while paused and resumes exactly once (2052.083916ms)
✔ private worker legacy-worker queues durably while paused and resumes exactly once (1994.515208ms)
✔ suspension aborts crossed dispatch into uncertainty and resume never resends (267.039167ms)
✔ suspension before dispatch keeps safe queued work and sends once after resume (259.650791ms)
✔ archive migration rollback and reopen retain online account children and enforce FKs (405.509958ms)
✔ encrypted eml roundtrip keeps exact MIME, dates and distinct duplicate IDs offline (553.377167ms)
✔ encrypted mboxrd roundtrip keeps exact MIME, dates and distinct duplicate IDs offline (502.514792ms)
✔ large mbox import pauses and resumes after encrypted reopen without identity merges (4804.680916ms)
✔ changed source, missing footer and hostile manifest cannot spoof an online identity (196.971125ms)
✔ offline archive rejects local drafts, outbound actions and credential binding (222.612292ms)
✔ export snapshot failure rolls back its job; it cannot resume as an empty success (212.482958ms)
✔ export resumes after checkpoint with discarded output tail and complete manifest (1483.693167ms)
✔ attachments are decoded offline and original MIME remains exact; changed bundle bytes fail closed (410.733875ms)
✔ provider received order, real inbox roles, unknown dates and large-frame continuations survive worker pagination (846.708917ms)
✔ conversation pages group the whole account thread, preserve singletons and include replies outside Inbox (270.067334ms)
✔ list preview is bounded Unicode text from the current indexed source, never a replaced or foreign body (249.015084ms)
✔ actual restored accepted and uncertain submissions stay inert after reconnect; draft and file jobs remain quarantined (925.263875ms)
✔ legacy v1 recovery envelope with actual schema8 restores to clean profile and repairs search offline (1378.436542ms)
✔ legacy v1 recovery envelope with actual schema24 restores to clean profile and repairs search offline (978.19675ms)
✔ schema25 retention and recovery fences upgrade atomically and reopen (368.251583ms)
✔ provider deletion keeps bytes; exact preview removes only selected local message and bytes (226.942ms)
✔ filed original pins survive mirror cleanup and block full account purge (207.201708ms)
✔ changed selection invalidates preview and failure keeps message, publication, and chunks (213.377792ms)
✔ explicit disconnected account removal deletes only its account and leaves foreign keys valid (210.603625ms)
✔ unfinished import references and immutable draft attachment pins survive ordinary cleanup (203.652167ms)
✔ immutable draft attachment history remains outside ordinary mirror cleanup (203.944542ms)
✔ encrypted queries survive reopen, preserve exact filters and reject foreign IDs and stale CAS (390.830458ms)
✔ bounded saved query pages never skip large records; request schema rejects injection and paging state (201.758417ms)
✔ lexical, exact and structured search survive offline rebuild and encrypted reopen (419.5425ms)
✔ replaced raw invalidates snippets immediately and literal punctuation is distinct from FTS phrase tokens (206.113417ms)
✔ grouped addresses, HTML umlauts, unnamed attachments and generic read flags retain exact semantics (209.928792ms)
✔ disconnected account never contributes results, snippets, counts or rebuild access (383.223125ms)
✔ search pagination and rebuild are bounded and preserve cross-account duplicate identities (230.270709ms)
✔ v7 upgrade is atomic, idempotent and rebuilds existing locally stored mail (271.830333ms)
✔ incremental scheduler rotates accounts, sees later ingestion and stops before database shutdown (329.507167ms)
✔ unclosed repeated script tags have bounded extraction and an invalid received date cannot poison the batch (375.845292ms)
✔ trigram candidates preserve arbitrary literal substrings, Unicode and GLOB metacharacters (374.892208ms)
✔ paged FTS snippets retain deterministic order and exact structured filtering (276.093875ms)
✔ schema 19 atomically builds substring candidates for existing encrypted documents (229.0815ms)
✔ substring candidates find text following embedded NUL (208.979791ms)
✔ exact filename candidates retain JavaScript Unicode case normalization (216.371542ms)
✔ single phrase scan retains exact totals, empty pages, source scope and dirty exclusion (363.557417ms)
✔ Gmail discovery excludes pending/unverified aliases and validates complete provider response (11.135209ms)
✔ identity defaults/signatures persist; aliases removed by refresh and stale generations fail closed (264.900917ms)
✔ Microsoft shared sender requires declared permission and follows parent lock/revocation (219.196334ms)
✔ IMAP requires explicit configuration, supports removal, and never inherits a username as From (232.478167ms)
✔ schema 19 upgrades atomically to sender identities without changing connected accounts (220.283834ms)
✔ worker refreshes authenticated aliases and preserves sender preferences across relaunch (1352.170708ms)
✔ legacy and forged From drafts remain recoverable but cannot enter the outbox (228.800708ms)
✔ schema26 storage save upgrade atomically and reopen encrypted (541.592875ms)
✔ retained original and attachments are verified, deduplicated and survive source removal/reopen (432.957208ms)
✔ generic stream contract saves all writable storage roots with exact originals and verified receipts (1674.340667ms)
✔ lost create response stays uncertain; retry never overwrites existing destination and restore blocks replay (314.497166ms)
✔ cancel after remote staging preserves saved evidence and stops remaining files; explicit new copy uses fresh names (456.334917ms)
✔ shutdown aborts an ambiguous upload without scheduling more; restored same-folder save is deliberate fresh intent (312.424292ms)
✔ authorized matter scope gathers all 501 receipts in bounded RPCs before count/snippets and denies revoked reads (2506.974625ms)
✔ V1 receipt never grants V2 body/attachment count, snippet, source read or export after same-key projection changes (275.798292ms)
✔ matter upload uses exact pinned bytes, durable lost-commit replay key and current binding fence (328.987834ms)
✔ restore quarantines complete and in-flight saves while preserving accepted file versions and pins (255.808708ms)
✔ custody lock synchronously aborts active shared requests and permits only explicit new work after reopen (408.427ms)
✔ shutdown aborts stalled root lookups and fences an already pending create before scheduling (254.868458ms)
✔ backup verification rejects a storage receipt with mismatched retained content evidence (222.655208ms)
✔ host route authorizes workspace before shared credentials and forwards a real save intent (292.137708ms)
✔ provider-native attachment publication invalidates old source scope and is included in a fresh retained snapshot (265.5615ms)
✔ cancel between authorization batches drops its one-shot scope and never starts a mail query (1344.754917ms)
✔ long Unicode attachment names fit portable filename byte limits on a real temporary filesystem (215.881583ms)
✔ page commit dedupes provider identity, rejects replay, binds account and preserves generations (240.198416ms)
✔ metadata, cursor and recoverable jobs roll back together on callback, identity or FK failure (203.304583ms)
✔ async/thenable metadata rolls back and revoked writer rejects delayed or retained writes (199.387375ms)
✔ fenced retries retain backoff and budget through reopen, reclaim only bounded expired leases (368.965084ms)
✔ expired reclaim obeys its limit and invalid clock cannot mutate checkpoints (201.57475ms)
✔ success and permanent failure are terminal; slow result callbacks cannot revive expired leases (199.124791ms)
✔ untouched, explicit empty discovery and succeeded jobs remain separate from downloaded bytes (197.759042ms)
✔ SIGKILL before page commit recovers encrypted checkpoint/jobs atomically (586.318125ms)
✔ SIGKILL after page commit recovers encrypted checkpoint/jobs atomically (582.263584ms)
✔ SIGKILL lease page commit recovers encrypted checkpoint/jobs atomically (590.008166ms)
✔ v2 upgrade is additive and atomic; future versions and failed DDL remain unchanged (244.266209ms)
✔ raw followups commit after enumeration and join every current/later parent scope across reopen (513.43625ms)
✔ followup dedupe preserves succeeded/failed children and prohibits self or recursive part jobs (195.400166ms)
✔ followups reject identity/account/bounds misuse without invoking metadata or hiding work (200.158416ms)
✔ followup insertion failure and thenable callbacks roll back metadata, children and parent success (205.173875ms)
✔ expired and replaced parent leases cannot enqueue children, including after callback expiry (356.135ms)
✔ SIGKILL before followup commit preserves all-or-nothing discovery (575.9015ms)
✔ SIGKILL after followup commit preserves all-or-nothing discovery (570.757542ms)
✔ executor fences and provider retry delays remain account scoped and durable (349.861417ms)
✔ schema28 reverse scope lookup rolls back, preserves closure and reopens idempotently (367.486375ms)
✔ aggregate deduplicates Inbox memberships, tracks unread/move/delete/disconnect and reopens through worker (1189.804ms)
ℹ tests 447
ℹ suites 0
ℹ pass 447
ℹ fail 0
ℹ cancelled 0
ℹ skipped 0
ℹ todo 0
ℹ duration_ms 113336.008917
Mail acceptance passed in 117.2s.
