Mail acceptance: darwin/arm64, Node 24.11.0; one compilation, concurrency 2.
Provider recovery source SHA-256: 7e9ae2fdac463c90ee2d0dc4ed6a1939205184d5a5bdacf7ada7f8d5db10119d
Provider recovery suites: ["providers/access-coordinator","providers/connection-controller","providers/gmail-backfill","providers/gmail","providers/graph-backfill","providers/http-action-runner","providers/http-actions","providers/http-submit","providers/identity","providers/imap-backfill","providers/imap-incremental","providers/oauth","providers/outbound-recovery","providers/personal-account","providers/reader-inbox","providers/refresh","providers/sent-copy","providers/smtp-submit","runtime/connection-sync","runtime/sync-executor","storage/action-journal","storage/content-store","storage/credentials","storage/database","storage/consistency","storage/sync-journal","storage/gmail-history","storage/gmail-projection","storage/graph-mailboxes","storage/sender-identities","storage/compose","storage/draft-sync","storage/outbox","storage/historical-upgrades","storage/maintenance","storage/recovery","storage/retention","storage/search","mime/project","storage/extraction"]
Running all 40 native mail suites (no provider network or real credentials).
TAP version 13
# Subtest: German headers, quoted printable and charset decoding remain bounded deterministic metadata
ok 1 - German headers, quoted printable and charset decoding remain bounded deterministic metadata
  ---
  duration_ms: 24.26025
  type: 'test'
  ...
# Subtest: inline CID, HTML, attached text and message/rfc822 are preserved without expansion
ok 2 - inline CID, HTML, attached text and message/rfc822 are preserved without expansion
  ---
  duration_ms: 5.732667
  type: 'test'
  ...
# Subtest: part IDs and output are independent of original chunk boundaries
ok 3 - part IDs and output are independent of original chunk boundaries
  ---
  duration_ms: 11.971291
  type: 'test'
  ...
# Subtest: 8MiB generated attachment streams to awaited sink without full-content materialization
ok 4 - 8MiB generated attachment streams to awaited sink without full-content materialization
  ---
  duration_ms: 2802.768625
  type: 'test'
  ...
# Subtest: malformed base64 and unclosed boundaries fail visibly instead of completing
ok 5 - malformed base64 and unclosed boundaries fail visibly instead of completing
  ---
  duration_ms: 7.430375
  type: 'test'
  ...
# Subtest: input, headers, body, attachment bytes and counts reject at bounded limits
ok 6 - input, headers, body, attachment bytes and counts reject at bounded limits
  ---
  duration_ms: 7.914833
  type: 'test'
  ...
# Subtest: unsupported encoding/charset and duplicate structure headers remain incomplete
ok 7 - unsupported encoding/charset and duplicate structure headers remain incomplete
  ---
  duration_ms: 0.985291
  type: 'test'
  ...
# Subtest: sink must consume fully; sink/source exceptions remain fixed and original stays unchanged
ok 8 - sink must consume fully; sink/source exceptions remain fixed and original stays unchanged
  ---
  duration_ms: 5.038416
  type: 'test'
  ...
# Subtest: deadline and cancellation bound ignored source/sink waits and fence later writes
ok 9 - deadline and cancellation bound ignored source/sink waits and fence later writes
  ---
  duration_ms: 26.593542
  type: 'test'
  ...
# Subtest: valid flowed delsp semantics and transport-whitespace delimiters preserve HTML and original hash
ok 10 - valid flowed delsp semantics and transport-whitespace delimiters preserve HTML and original hash
  ---
  duration_ms: 3.8765
  type: 'test'
  ...
# Subtest: presentation selects the last supported alternative and related root while retaining mixed body sections
ok 11 - presentation selects the last supported alternative and related root while retaining mixed body sections
  ---
  duration_ms: 1.865375
  type: 'test'
  ...
# Subtest: original rendering EML fixtures project exact HTML and verified CID bytes
ok 12 - original rendering EML fixtures project exact HTML and verified CID bytes
  ---
  duration_ms: 10.098875
  type: 'test'
  ...
# Subtest: cached access validates binding, avoids refresh, isolates owner and reveals no secret binding fields
ok 13 - cached access validates binding, avoids refresh, isolates owner and reveals no secret binding fields
  ---
  duration_ms: 188.935916
  type: 'test'
  ...
# Subtest: one in-flight refresh per account, independent accounts, durable replacement and encrypted DB/WAL
ok 14 - one in-flight refresh per account, independent accounts, durable replacement and encrypted DB/WAL
  ---
  duration_ms: 284.838584
  type: 'test'
  ...
# Subtest: Gmail omitted scopes preserve recorded grants, unknown remains unknown; explicit scopes replace; refresh preserve is exact
ok 15 - Gmail omitted scopes preserve recorded grants, unknown remains unknown; explicit scopes replace; refresh preserve is exact
  ---
  duration_ms: 181.673667
  type: 'test'
  ...
# Subtest: expiry margin triggers refresh; missing refresh requires reconsent
ok 16 - expiry margin triggers refresh; missing refresh requires reconsent
  ---
  duration_ms: 159.418125
  type: 'test'
  ...
# Subtest: provider, client and Graph authority mismatches fail before HTTP including cached tokens
ok 17 - provider, client and Graph authority mismatches fail before HTTP including cached tokens
  ---
  duration_ms: 166.517
  type: 'test'
  ...
# Subtest: disconnect fences pending settings and never returns or persists stale token
ok 18 - disconnect fences pending settings and never returns or persists stale token
  ---
  duration_ms: 160.04975
  type: 'test'
  ...
# Subtest: reconnect fences pending settings and never returns or persists stale token
ok 19 - reconnect fences pending settings and never returns or persists stale token
  ---
  duration_ms: 160.713042
  type: 'test'
  ...
# Subtest: disconnect fences pending network and never returns or persists stale token
ok 20 - disconnect fences pending network and never returns or persists stale token
  ---
  duration_ms: 158.42025
  type: 'test'
  ...
# Subtest: reconnect fences pending network and never returns or persists stale token
ok 21 - reconnect fences pending network and never returns or persists stale token
  ---
  duration_ms: 162.17
  type: 'test'
  ...
# Subtest: two coordinators cannot overwrite a winning rotation and loser can acquire winner later
ok 22 - two coordinators cannot overwrite a winning rotation and loser can acquire winner later
  ---
  duration_ms: 160.311959
  type: 'test'
  ...
# Subtest: close immediately rejects uncooperative settings, late completion cannot write
ok 23 - close immediately rejects uncooperative settings, late completion cannot write
  ---
  duration_ms: 155.2575
  type: 'test'
  ...
# Subtest: close immediately rejects uncooperative network, late completion cannot write
ok 24 - close immediately rejects uncooperative network, late completion cannot write
  ---
  duration_ms: 165.786084
  type: 'test'
  ...
# Subtest: deadline bounds ignored cancellation, late result cannot rotate, transient errors redact and preserve safe retry advice
ok 25 - deadline bounds ignored cancellation, late result cannot rotate, transient errors redact and preserve safe retry advice
  ---
  duration_ms: 178.980042
  type: 'test'
  ...
# Subtest: real refresh parser with injected HTTP preserves omitted refresh token and recorded Gmail scopes
ok 26 - real refresh parser with injected HTTP preserves omitted refresh token and recorded Gmail scopes
  ---
  duration_ms: 166.047666
  type: 'test'
  ...
# Subtest: provider classifications stay bounded, do not retry or mutate stored credentials
ok 27 - provider classifications stay bounded, do not retry or mutate stored credentials
  ---
  duration_ms: 175.265
  type: 'test'
  ...
# Subtest: close fences token delivery even when configuration resolves in the same microtask turn
ok 28 - close fences token delivery even when configuration resolves in the same microtask turn
  ---
  duration_ms: 154.295875
  type: 'test'
  ...
# Subtest: independent review: total deadline fences synchronous refresh overrun before persistence
ok 29 - independent review: total deadline fences synchronous refresh overrun before persistence
  ---
  duration_ms: 191.729167
  type: 'test'
  ...
# Subtest: independent review: provider Retry-After is not shortened into an earlier retry
ok 30 - independent review: provider Retry-After is not shortened into an earlier retry
  ---
  duration_ms: 155.065084
  type: 'test'
  ...
# Subtest: new connection atomically persists encrypted credentials and secret-free renewable status
ok 31 - new connection atomically persists encrypted credentials and secret-free renewable status
  ---
  duration_ms: 178.878208
  type: 'test'
  ...
# Subtest: repeat stable identity requires explicit reconnect and preserves original credentials
ok 32 - repeat stable identity requires explicit reconnect and preserves original credentials
  ---
  duration_ms: 171.247
  type: 'test'
  ...
# Subtest: reconnect wrong identity cannot replace original binding or tokens
ok 33 - reconnect wrong identity cannot replace original binding or tokens
  ---
  duration_ms: 164.142834
  type: 'test'
  ...
# Subtest: reconnect stamp fences disconnect during consent
ok 34 - reconnect stamp fences disconnect during consent
  ---
  duration_ms: 164.740708
  type: 'test'
  ...
# Subtest: foreign and unconfigured archives reject reconnect before OAuth
ok 35 - foreign and unconfigured archives reject reconnect before OAuth
  ---
  duration_ms: 153.254041
  type: 'test'
  ...
# Subtest: persistence failure after account insert rolls back both account and credentials
ok 36 - persistence failure after account insert rolls back both account and credentials
  ---
  duration_ms: 157.563625
  type: 'test'
  ...
# Subtest: cancel during consent and verification fences late tokens and identity
ok 37 - cancel during consent and verification fences late tokens and identity
  ---
  duration_ms: 163.024708
  type: 'test'
  ...
# Subtest: close is idempotent, blocks new flows and fences late listener startup
ok 38 - close is idempotent, blocks new flows and fences late listener startup
  ---
  duration_ms: 159.154083
  type: 'test'
  ...
# Subtest: expiry is distinct, provider count is bounded and terminal statuses expire
ok 39 - expiry is distinct, provider count is bounded and terminal statuses expire
  ---
  duration_ms: 187.188208
  type: 'test'
  ...
# Subtest: resource grants gate connections while missing refresh remains explicit nonrenewable
ok 40 - resource grants gate connections while missing refresh remains explicit nonrenewable
  ---
  duration_ms: 165.410209
  type: 'test'
  ...
# Subtest: provider denial/identity error redacted and options strictly bounded
ok 41 - provider denial/identity error redacted and options strictly bounded
  ---
  duration_ms: 157.834292
  type: 'test'
  ...
# Subtest: startup timeout and provider cancellation have distinct terminal semantics
ok 42 - startup timeout and provider cancellation have distinct terminal semantics
  ---
  duration_ms: 169.794042
  type: 'test'
  ...
# Subtest: explicit reconnect cannot inherit an absent refresh credential or change client registration
ok 43 - explicit reconnect cannot inherit an absent refresh credential or change client registration
  ---
  duration_ms: 171.7395
  type: 'test'
  ...
# Subtest: controller disconnect persists before cleanup and cancels consent/identity reconnect races
ok 44 - controller disconnect persists before cleanup and cancels consent/identity reconnect races
  ---
  duration_ms: 184.047041
  type: 'test'
  ...
# Subtest: disconnect retains archive and rejects foreign/unconfigured accounts with fixed errors
ok 45 - disconnect retains archive and rejects foreign/unconfigured accounts with fixed errors
  ---
  duration_ms: 161.229208
  type: 'test'
  ...
# Subtest: repeated disconnect fences a reconnect in another controller even while already disconnected
ok 46 - repeated disconnect fences a reconnect in another controller even while already disconnected
  ---
  duration_ms: 161.991833
  type: 'test'
  ...
# Subtest: recent then paginated all history deduplicates originals and completes encrypted projections
ok 47 - recent then paginated all history deduplicates originals and completes encrypted projections
  ---
  duration_ms: 390.111917
  type: 'test'
  ...
# Subtest: pause fences late discovery; reopen explicitly resumes same generation
ok 48 - pause fences late discovery; reopen explicitly resumes same generation
  ---
  duration_ms: 415.065709
  type: 'test'
  ...
# Subtest: missing projector preserves raw and labels but never claims complete
ok 49 - missing projector preserves raw and labels but never claims complete
  ---
  duration_ms: 226.548917
  type: 'test'
  ...
# Subtest: provider retry floor survives reopen without early requests
ok 50 - provider retry floor survives reopen without early requests
  ---
  duration_ms: 331.589709
  type: 'test'
  ...
# Subtest: rate limits enter persisted cooldown after five failures and recover automatically after reopen
ok 51 - rate limits enter persisted cooldown after five failures and recover automatically after reopen
  ---
  duration_ms: 443.979667
  type: 'test'
  ...
# Subtest: close is bounded and late raw chunks cannot publish after disconnect
ok 52 - close is bounded and late raw chunks cannot publish after disconnect
  ---
  duration_ms: 216.82425
  type: 'test'
  ...
# Subtest: scope and configuration failures are fixed; metadata-only accounts cannot start
ok 53 - scope and configuration failures are fixed; metadata-only accounts cannot start
  ---
  duration_ms: 162.718667
  type: 'test'
  ...
# Subtest: uncooperative discovery timeout retains capacity until settlement and never accumulates requests
ok 54 - uncooperative discovery timeout retains capacity until settlement and never accumulates requests
  ---
  duration_ms: 412.582083
  type: 'test'
  ...
# Subtest: authentication rejection retains a retry job and resumes after credentials are renewed
ok 55 - authentication rejection retains a retry job and resumes after credentials are renewed
  ---
  duration_ms: 259.28725
  type: 'test'
  ...
# Subtest: pause invalidates discovery even when durable pause update fails
ok 56 - pause invalidates discovery even when durable pause update fails
  ---
  duration_ms: 204.287834
  type: 'test'
  ...
# Subtest: failed raw sink releases awaited producer before any retry
ok 57 - failed raw sink releases awaited producer before any retry
  ---
  duration_ms: 185.537625
  type: 'test'
  ...
# Subtest: persisted complete status rechecks current raw and projection availability
ok 58 - persisted complete status rechecks current raw and projection availability
  ---
  duration_ms: 236.60125
  type: 'test'
  ...
# Subtest: raw-handler acquisition timeout fences the next queued job and retains original physical operation
ok 59 - raw-handler acquisition timeout fences the next queued job and retains original physical operation
  ---
  duration_ms: 307.43275
  type: 'test'
  ...
# Subtest: history pages durably add mail, apply unread deltas and retain remotely deleted originals
ok 60 - history pages durably add mail, apply unread deltas and retain remotely deleted originals
  ---
  duration_ms: 259.457
  type: 'test'
  ...
# Subtest: pause/reopen between history pages retains original anchor and continuation
ok 61 - pause/reopen between history pages retains original anchor and continuation
  ---
  duration_ms: 402.418541
  type: 'test'
  ...
# Subtest: expired history reconciles fresh generation, uses minimal existing snapshots and retains absent originals
ok 62 - expired history reconciles fresh generation, uses minimal existing snapshots and retains absent originals
  ---
  duration_ms: 287.188291
  type: 'test'
  ...
# Subtest: history checkpoint transaction failure rolls back label changes and page cursor together
ok 63 - history checkpoint transaction failure rolls back label changes and page cursor together
  ---
  duration_ms: 246.489792
  type: 'test'
  ...
# Subtest: one incomplete original remains visible while later history receives new mail and removal resolves it
ok 64 - one incomplete original remains visible while later history receives new mail and removal resolves it
  ---
  duration_ms: 1210.549209
  type: 'test'
  ...
# Subtest: raw404 records authoritative provider absence instead of a permanently incomplete known message
ok 65 - raw404 records authoritative provider absence instead of a permanently incomplete known message
  ---
  duration_ms: 210.884916
  type: 'test'
  ...
# Subtest: legacy completed backfill without pre-enumeration anchor reconciles a new generation before catch-up
ok 66 - legacy completed backfill without pre-enumeration anchor reconciles a new generation before catch-up
  ---
  duration_ms: 329.364833
  type: 'test'
  ...
# Subtest: mailbox anchor never becomes an unchanged message history version during initial or expired backfill
ok 67 - mailbox anchor never becomes an unchanged message history version during initial or expired backfill
  ---
  duration_ms: 234.820042
  type: 'test'
  ...
# Subtest: download throttling defers the whole account without exhausting originals and resumes after restart
ok 68 - download throttling defers the whole account without exhausting originals and resumes after restart
  ---
  duration_ms: 406.874542
  type: 'test'
  ...
# Subtest: restart recovers legacy transiently exhausted downloads without reviving permanent content failures
ok 69 - restart recovers legacy transiently exhausted downloads without reviving permanent content failures
  ---
  duration_ms: 390.353459
  type: 'test'
  ...
# Subtest: untyped history refreshes current labels, downloads unknown mail and retains a 404 original
ok 70 - untyped history refreshes current labels, downloads unknown mail and retains a 404 original
  ---
  duration_ms: 361.338917
  type: 'test'
  ...
# Subtest: untyped history read failure preserves cursor and applies the whole page after restart
ok 71 - untyped history read failure preserves cursor and applies the whole page after restart
  ---
  duration_ms: 376.620209
  type: 'test'
  ...
# Subtest: untyped history pause fences late snapshots and never checkpoints their page
ok 72 - untyped history pause fences late snapshots and never checkpoints their page
  ---
  duration_ms: 261.817041
  type: 'test'
  ...
# Subtest: untyped history caps collected metadata and keeps the page unacknowledged
ok 73 - untyped history caps collected metadata and keeps the page unacknowledged
  ---
  duration_ms: 239.903959
  type: 'test'
  ...
# Subtest: authoritative Gmail manifest and never-opened MIME parts survive history replay, expiry reconciliation and offline reopen
ok 74 - authoritative Gmail manifest and never-opened MIME parts survive history replay, expiry reconciliation and offline reopen
  ---
  duration_ms: 536.696083
  type: 'test'
  ...
# Subtest: Node pagination uses fixed endpoint and retains opaque continuation
ok 75 - Node pagination uses fixed endpoint and retains opaque continuation
  ---
  duration_ms: 11.953041
  type: 'test'
  ...
# Subtest: Node raw delivery is sequential and bounded, metadata follows successful sink
ok 76 - Node raw delivery is sequential and bounded, metadata follows successful sink
  ---
  duration_ms: 5.297208
  type: 'test'
  ...
# Subtest: Node cancellation fences late sink calls and timeouts reject hanging sinks
ok 77 - Node cancellation fences late sink calls and timeouts reject hanging sinks
  ---
  duration_ms: 12.181875
  type: 'test'
  ...
# Subtest: full paginated history, nested ordinary Archive, all originals and separate attachment references survive reopen
ok 78 - full paginated history, nested ordinary Archive, all originals and separate attachment references survive reopen
  ---
  duration_ms: 502.350542
  type: 'test'
  ...
# Subtest: immutable ID move changes membership, keeps original and does not collapse duplicate RFC IDs
ok 79 - immutable ID move changes membership, keeps original and does not collapse duplicate RFC IDs
  ---
  duration_ms: 330.359458
  type: 'test'
  ...
# Subtest: pause/reopen between pages resumes durable continuation without fetching first original again
ok 80 - pause/reopen between pages resumes durable continuation without fetching first original again
  ---
  duration_ms: 494.71725
  type: 'test'
  ...
# Subtest: protected MIME and reference attachment are explicit attention while other content downloads
ok 81 - protected MIME and reference attachment are explicit attention while other content downloads
  ---
  duration_ms: 338.969542
  type: 'test'
  ...
# Subtest: late provider result after disconnect cannot publish; foreign owner cannot inspect
ok 82 - late provider result after disconnect cannot publish; foreign owner cannot inspect
  ---
  duration_ms: 238.864833
  type: 'test'
  ...
# Subtest: fixed-host authenticated immutable requests and hostile continuations are rejected before HTTP
ok 83 - fixed-host authenticated immutable requests and hostile continuations are rejected before HTTP
  ---
  duration_ms: 9.591792
  type: 'test'
  ...
# Subtest: actual Node worker and local service select Graph settings, sync, reopen, and lock disconnected archive
ok 84 - actual Node worker and local service select Graph settings, sync, reopen, and lock disconnected archive
  ---
  duration_ms: 1188.30825
  type: 'test'
  ...
# Subtest: page transaction fault rolls back metadata, jobs and continuation together
ok 85 - page transaction fault rolls back metadata, jobs and continuation together
  ---
  duration_ms: 376.895708
  type: 'test'
  ...
# Subtest: retry floor survives reopening and source interruption never publishes partial raw
ok 86 - retry floor survives reopening and source interruption never publishes partial raw
  ---
  duration_ms: 384.140333
  type: 'test'
  ...
# Subtest: uncooperative discovery retains physical capacity until settlement
ok 87 - uncooperative discovery retains physical capacity until settlement
  ---
  duration_ms: 555.219083
  type: 'test'
  ...
# Subtest: file attachment size mismatch prevents completion and keeps raw intact
ok 88 - file attachment size mismatch prevents completion and keeps raw intact
  ---
  duration_ms: 201.947167
  type: 'test'
  ...
# Subtest: Retry-After preserves numeric and HTTP-date provider minimums without one-hour cap
ok 89 - Retry-After preserves numeric and HTTP-date provider minimums without one-hour cap
  ---
  duration_ms: 1.904833
  type: 'test'
  ...
# Subtest: access retry minimum survives journal/reopen and synchronous delayed operation cannot publish
ok 90 - access retry minimum survives journal/reopen and synchronous delayed operation cannot publish
  ---
  duration_ms: 392.346666
  type: 'test'
  ...
# Subtest: byte transport absolute deadline rejects a synchronous delayed fetch before yielding
ok 91 - byte transport absolute deadline rejects a synchronous delayed fetch before yielding
  ---
  duration_ms: 40.613167
  type: 'test'
  ...
# Subtest: credential retry minimum inside raw job is persisted without early resend
ok 92 - credential retry minimum inside raw job is persisted without early resend
  ---
  duration_ms: 346.499875
  type: 'test'
  ...
# Subtest: generated 8 MiB file and embedded item bytes stream durably without whole-content buffers
ok 93 - generated 8 MiB file and embedded item bytes stream durably without whole-content buffers
  ---
  duration_ms: 665.7845
  type: 'test'
  ...
# Subtest: v8 to v9 migration rolls back completely and preserves credentials, drafts and legacy actions
ok 94 - v8 to v9 migration rolls back completely and preserves credentials, drafts and legacy actions
  ---
  duration_ms: 313.055416
  type: 'test'
  ...
# Subtest: encrypted MIME envelopes remain intact but cannot claim readable projection complete
ok 95 - encrypted MIME envelopes remain intact but cannot claim readable projection complete
  ---
  duration_ms: 310.569625
  type: 'test'
  ...
# Subtest: changed draft on body retry refetches MIME instead of pairing new metadata with an old original
ok 96 - changed draft on body retry refetches MIME instead of pairing new metadata with an old original
  ---
  duration_ms: 328.472208
  type: 'test'
  ...
# Subtest: direct Graph filenames are indexed with account scope and metadata updates dirty the index
ok 97 - direct Graph filenames are indexed with account scope and metadata updates dirty the index
  ---
  duration_ms: 311.022
  type: 'test'
  ...
# Subtest: documented OData delta continuations retain opaque padding and reject other owners, keys and traversal
ok 98 - documented OData delta continuations retain opaque padding and reject other owners, keys and traversal
  ---
  duration_ms: 2.868958
  type: 'test'
  ...
# Subtest: delta replay resolves moves via current GET, retains removed originals/actions, and recovers expired cursors
ok 99 - delta replay resolves moves via current GET, retains removed originals/actions, and recovers expired cursors
  ---
  duration_ms: 1175.230584
  type: 'test'
  ...
# Subtest: delta current GET permission failure never tombstones, and cursor/jobs survive cancelled in-flight metadata
ok 100 - delta current GET permission failure never tombstones, and cursor/jobs survive cancelled in-flight metadata
  ---
  duration_ms: 1444.280541
  type: 'test'
  ...
# Subtest: escaped opaque slash is valid and a disappearing folder never cascades live membership
ok 101 - escaped opaque slash is valid and a disappearing folder never cascades live membership
  ---
  duration_ms: 418.422166
  type: 'test'
  ...
# Subtest: folder hierarchy application yields after 100 rows and resumes staged cursor after pause
ok 102 - folder hierarchy application yields after 100 rows and resumes staged cursor after pause
  ---
  duration_ms: 2085.928791
  type: 'test'
  ...
# Subtest: a revived folder discovers its newly created parent before applying the hierarchy
ok 103 - a revived folder discovers its newly created parent before applying the hierarchy
  ---
  duration_ms: 457.529958
  type: 'test'
  ...
# Subtest: startup rejects a current-version store with incomplete delta state without repairing it
ok 104 - startup rejects a current-version store with incomplete delta state without repairing it
  ---
  duration_ms: 162.016042
  type: 'test'
  ...
# Subtest: mixed bulk success and rejection remain per-message, owner scoped, durable and undoable before dispatch
ok 105 - mixed bulk success and rejection remain per-message, owner scoped, durable and undoable before dispatch
  ---
  duration_ms: 370.607291
  type: 'test'
  ...
# Subtest: timeout after dispatch is uncertain after reopen and is never automatically resubmitted
ok 106 - timeout after dispatch is uncertain after reopen and is never automatically resubmitted
  ---
  duration_ms: 308.124
  type: 'test'
  ...
# Subtest: changed credentials and remote conflicts fence old intent before any write
ok 107 - changed credentials and remote conflicts fence old intent before any write
  ---
  duration_ms: 209.584542
  type: 'test'
  ...
# Subtest: retired dispatch owner publishes nothing; expired lease becomes uncertain and label deletion preserves originals
ok 108 - retired dispatch owner publishes nothing; expired lease becomes uncertain and label deletion preserves originals
  ---
  duration_ms: 191.242834
  type: 'test'
  ...
# Subtest: shared Graph actions require declared write access, use the bound mailbox and retire queued intent when grants change
ok 109 - shared Graph actions require declared write access, use the bound mailbox and retire queued intent when grants change
  ---
  duration_ms: 222.190375
  type: 'test'
  ...
# Subtest: Gmail read/flag/archive/trash/labels preserve unrelated labels and dispatch once
ok 110 - Gmail read/flag/archive/trash/labels preserve unrelated labels and dispatch once
  ---
  duration_ms: 14.02
  type: 'test'
  ...
# Subtest: Gmail checks current labels and permanent delete scope before dispatch; lost post-write verification is uncertain
ok 111 - Gmail checks current labels and permanent delete scope before dispatch; lost post-write verification is uncertain
  ---
  duration_ms: 0.782166
  type: 'test'
  ...
# Subtest: Graph immutable moves, read flags, copies and delegated writes use exact mailbox scope
ok 112 - Graph immutable moves, read flags, copies and delegated writes use exact mailbox scope
  ---
  duration_ms: 1.683417
  type: 'test'
  ...
# Subtest: Graph stale change keys, read-only and shared read/write grants never confer primary writes
ok 113 - Graph stale change keys, read-only and shared read/write grants never confer primary writes
  ---
  duration_ms: 0.184
  type: 'test'
  ...
# Subtest: Label rename uses remote identity and name precondition; system labels and nonempty Graph folder deletes never dispatch
ok 114 - Label rename uses remote identity and name precondition; system labels and nonempty Graph folder deletes never dispatch
  ---
  duration_ms: 1.152208
  type: 'test'
  ...
# Subtest: Gmail media submission retains Bcc in private MIME and treats accepted response as delivery unknown
ok 115 - Gmail media submission retains Bcc in private MIME and treats accepted response as delivery unknown
  ---
  duration_ms: 2.283125
  type: 'test'
  ...
# Subtest: Graph shared MIME uses signed-in submission and preserves From while Graph determines actual Sender
ok 116 - Graph shared MIME uses signed-in submission and preserves From while Graph determines actual Sender
  ---
  duration_ms: 0.222292
  type: 'test'
  ...
# Subtest: Graph primary large attachment uses bounded opaque upload chunks without bearer token, then sends prepared draft once
ok 117 - Graph primary large attachment uses bounded opaque upload chunks without bearer token, then sends prepared draft once
  ---
  duration_ms: 4.499125
  type: 'test'
  ...
# Subtest: Graph interrupted preparation refuses retry and foreign upload URLs never receive MIME or tokens
ok 118 - Graph interrupted preparation refuses retry and foreign upload URLs never receive MIME or tokens
  ---
  duration_ms: 1.296833
  type: 'test'
  ...
# Subtest: timeouts and provider failures distinguish uncertainty from explicit rejection; Sent match requires sender and Message-ID
ok 119 - timeouts and provider failures distinguish uncertainty from explicit rejection; Sent match requires sender and Message-ID
  ---
  duration_ms: 4.52075
  type: 'test'
  ...
# Subtest: Node Google canonical subject comes from userinfo with profile consistency
ok 120 - Node Google canonical subject comes from userinfo with profile consistency
  ---
  duration_ms: 11.477166
  type: 'test'
  ...
# Subtest: Node Graph identity is bound to API verified tenant, not UPN
ok 121 - Node Graph identity is bound to API verified tenant, not UPN
  ---
  duration_ms: 0.669916
  type: 'test'
  ...
# Subtest: Node mismatch and ignored-abort deadline produce no identity
ok 122 - Node mismatch and ignored-abort deadline produce no identity
  ---
  duration_ms: 12.130542
  type: 'test'
  ...
# Subtest: actual TLS discovers hierarchy/special use, UID pages preserve copies, originals/attachments and INTERNALDATE
ok 123 - actual TLS discovers hierarchy/special use, UID pages preserve copies, originals/attachments and INTERNALDATE
  ---
  duration_ms: 428.06075
  type: 'test'
  ...
# Subtest: certificate/authentication failures are fixed and failed connect never creates active accounts
ok 124 - certificate/authentication failures are fixed and failed connect never creates active accounts
  ---
  duration_ms: 163.667792
  type: 'test'
  ...
# Subtest: reconnect after partial history preserves its durable generation, keeps originals and disconnect blocks search
ok 125 - reconnect after partial history preserves its durable generation, keeps originals and disconnect blocks search
  ---
  duration_ms: 1286.819959
  type: 'test'
  ...
# Subtest: UIDVALIDITY replacement keeps old message identities and content while configured folder scope is explicit
ok 126 - UIDVALIDITY replacement keeps old message identities and content while configured folder scope is explicit
  ---
  duration_ms: 336.31875
  type: 'test'
  ...
# Subtest: real service and Node worker authenticate TLS IMAP, backfill and expose offline attachment bytes
ok 127 - real service and Node worker authenticate TLS IMAP, backfill and expose offline attachment bytes
  ---
  duration_ms: 1571.620417
  type: 'test'
  ...
# Subtest: non-ESEARCH sparse four-billion UID mailbox completes in bounded requests
ok 128 - non-ESEARCH sparse four-billion UID mailbox completes in bounded requests
  ---
  duration_ms: 231.636208
  type: 'test'
  ...
# Subtest: restore of actual IMAP ciphertext clears passwords, pauses runs and preserves attachment bytes
ok 129 - restore of actual IMAP ciphertext clears passwords, pauses runs and preserves attachment bytes
  ---
  duration_ms: 624.647416
  type: 'test'
  ...
# Subtest: UID pages stay bounded, dense adaptive windows narrow without advancing and mid-backfill validity changes stop safely
ok 130 - UID pages stay bounded, dense adaptive windows narrow without advancing and mid-backfill validity changes stop safely
  ---
  duration_ms: 411.888209
  type: 'test'
  ...
# Subtest: polling reconciles flags, expunges, folder removal/addition and UIDVALIDITY while preserving originals and draft/action records
ok 131 - polling reconciles flags, expunges, folder removal/addition and UIDVALIDITY while preserving originals and draft/action records
  ---
  duration_ms: 447.77475
  type: 'test'
  ...
# Subtest: actual TLS flags/copy/native MOVE/UIDPLUS delete and empty mailbox changes dispatch once; unknown keywords and unsafe fallback stay unsupported
ok 132 - actual TLS flags/copy/native MOVE/UIDPLUS delete and empty mailbox changes dispatch once; unknown keywords and unsafe fallback stay unsupported
  ---
  duration_ms: 419.7575
  type: 'test'
  ...
# Subtest: connection loss after accepted copy is uncertain and never replayed; reconnect fences queued old-password work
ok 133 - connection loss after accepted copy is uncertain and never replayed; reconnect fences queued old-password work
  ---
  duration_ms: 419.955833
  type: 'test'
  ...
# Subtest: servers without UIDPLUS/MOVE reject move and permanent delete without any write; copy remains usable
ok 134 - servers without UIDPLUS/MOVE reject move and permanent delete without any write; copy remains usable
  ---
  duration_ms: 279.687042
  type: 'test'
  ...
# Subtest: actual service worker public local action API executes IMAP intent and preserves offline reads after reconciliation
ok 135 - actual service worker public local action API executes IMAP intent and preserves offline reads after reconciliation
  ---
  duration_ms: 702.004916
  type: 'test'
  ...
# Subtest: CONDSTORE/QRESYNC enabled sessions use changedSince; IDLE wakes a bounded full UID/presence reconciliation
ok 136 - CONDSTORE/QRESYNC enabled sessions use changedSince; IDLE wakes a bounded full UID/presence reconciliation
  ---
  duration_ms: 283.190791
  type: 'test'
  ...
# Subtest: UIDPLUS MOVE fallback scopes expunge, preserves unrelated Deleted messages and does not delete after an ambiguous COPY
ok 137 - UIDPLUS MOVE fallback scopes expunge, preserves unrelated Deleted messages and does not delete after an ambiguous COPY
  ---
  duration_ms: 262.922542
  type: 'test'
  ...
# Subtest: native MOVE is one command; stale flag snapshots fail before dispatch and cancellation keeps queued intent inert
ok 138 - native MOVE is one command; stale flag snapshots fail before dispatch and cancellation keeps queued intent inert
  ---
  duration_ms: 285.350958
  type: 'test'
  ...
# Subtest: a mailbox disappearing after LIST is reconciled; repeatedly unstable UIDVALIDITY stops after a bounded recovery budget
ok 139 - a mailbox disappearing after LIST is reconciled; repeatedly unstable UIDVALIDITY stops after a bounded recovery budget
  ---
  duration_ms: 279.922708
  type: 'test'
  ...
# Subtest: a superseded engine wake cannot adopt the winner run stamp or revive old dispatch
ok 140 - a superseded engine wake cannot adopt the winner run stamp or revive old dispatch
  ---
  duration_ms: 271.210917
  type: 'test'
  ...
# Subtest: post-discovery refresh refuses another database connection replacing the run revision
ok 141 - post-discovery refresh refuses another database connection replacing the run revision
  ---
  duration_ms: 328.547292
  type: 'test'
  ...
# Subtest: special archive uses server SPECIAL-USE with UID-safe MOVE; ambiguous or unavailable targets never dispatch
ok 142 - special archive uses server SPECIAL-USE with UID-safe MOVE; ambiguous or unavailable targets never dispatch
  ---
  duration_ms: 311.573792
  type: 'test'
  ...
# Subtest: actual Node gmail callback with normal system hostname resolution
ok 143 - actual Node gmail callback with normal system hostname resolution
  ---
  duration_ms: 18.028542
  type: 'test'
  ...
# Subtest: actual Node graph callback with normal system hostname resolution
ok 144 - actual Node graph callback with normal system hostname resolution
  ---
  duration_ms: 5.926167
  type: 'test'
  ...
# Subtest: actual Node cancel closes both listeners without provider HTTP
ok 145 - actual Node cancel closes both listeners without provider HTTP
  ---
  duration_ms: 2.391708
  type: 'test'
  ...
# Subtest: gmail real HTTP submission adapter remains uncertain across encrypted reopen and only exact Sent evidence settles it
ok 146 - gmail real HTTP submission adapter remains uncertain across encrypted reopen and only exact Sent evidence settles it
  ---
  duration_ms: 468.468875
  type: 'test'
  ...
# Subtest: graph real HTTP submission adapter remains uncertain across encrypted reopen and only exact Sent evidence settles it
ok 147 - graph real HTTP submission adapter remains uncertain across encrypted reopen and only exact Sent evidence settles it
  ---
  duration_ms: 458.619458
  type: 'test'
  ...
# Subtest: verified TLS SMTP lost DATA acknowledgment survives encrypted restart; Sent reconciliation never repeats DATA or APPEND
ok 148 - verified TLS SMTP lost DATA acknowledgment survives encrypted restart; Sent reconciliation never repeats DATA or APPEND
  ---
  duration_ms: 576.65775
  type: 'test'
  ...
# Subtest: personal OAuth callback, encrypted immutable identity, restart refresh and account-kind binding
ok 149 - personal OAuth callback, encrypted immutable identity, restart refresh and account-kind binding
  ---
  duration_ms: 762.325833
  type: 'test'
  ...
# Subtest: onboarding cancellation before HTTP start and during IMAP discovery cannot publish a late account
ok 150 - onboarding cancellation before HTTP start and during IMAP discovery cannot publish a late account
  ---
  duration_ms: 600.120125
  type: 'test'
  ...
# Subtest: Graph Inbox comes from the well-known lookup, independent of localized or misleading folder display names
ok 151 - Graph Inbox comes from the well-known lookup, independent of localized or misleading folder display names
  ---
  duration_ms: 181.7575
  type: 'test'
  ...
# Subtest: late Inbox lookup cannot persist a role after credential disconnect
ok 152 - late Inbox lookup cannot persist a role after credential disconnect
  ---
  duration_ms: 201.447792
  type: 'test'
  ...
# Subtest: Google preserves omitted refresh token and sends credentials only in form body
ok 153 - Google preserves omitted refresh token and sends credentials only in form body
  ---
  duration_ms: 12.033334
  type: 'test'
  ...
# Subtest: Graph exposes replacement without mutating original credential
ok 154 - Graph exposes replacement without mutating original credential
  ---
  duration_ms: 0.400042
  type: 'test'
  ...
# Subtest: Node timeout and reconsent errors remain redacted
ok 155 - Node timeout and reconsent errors remain redacted
  ---
  duration_ms: 12.978666
  type: 'test'
  ...
# Subtest: uncertain SMTP submission reconciles an existing Sent copy read-only without APPEND
ok 156 - uncertain SMTP submission reconciles an existing Sent copy read-only without APPEND
  ---
  duration_ms: 0.839084
  type: 'test'
  ...
# Subtest: uncertain SMTP no match, duplicate Message-ID and foreign sender remain unresolved without APPEND
ok 157 - uncertain SMTP no match, duplicate Message-ID and foreign sender remain unresolved without APPEND
  ---
  duration_ms: 0.241583
  type: 'test'
  ...
# Subtest: only known accepted submission can append a missing Sent copy; existing copy is not duplicated
ok 158 - only known accepted submission can append a missing Sent copy; existing copy is not duplicated
  ---
  duration_ms: 0.58275
  type: 'test'
  ...
# Subtest: SMTP implicit TLS authenticates over verified TLS and reports partial recipients
ok 159 - SMTP implicit TLS authenticates over verified TLS and reports partial recipients
  ---
  duration_ms: 121.65725
  type: 'test'
  ...
# Subtest: SMTP required STARTTLS authenticates over verified TLS and reports partial recipients
ok 160 - SMTP required STARTTLS authenticates over verified TLS and reports partial recipients
  ---
  duration_ms: 93.622916
  type: 'test'
  ...
# Subtest: SMTP without required STARTTLS never authenticates or sends
ok 161 - SMTP without required STARTTLS never authenticates or sends
  ---
  duration_ms: 74.407459
  type: 'test'
  ...
# Subtest: SMTP lost final DATA acknowledgment is uncertain and does not repeat DATA
ok 162 - SMTP lost final DATA acknowledgment is uncertain and does not repeat DATA
  ---
  duration_ms: 44.690208
  type: 'test'
  ...
# Subtest: real OAuth callback → encrypted account → account-owned worker, duplicate announcements, offline restart and deliberate pause
ok 163 - real OAuth callback → encrypted account → account-owned worker, duplicate announcements, offline restart and deliberate pause
  ---
  duration_ms: 1672.228167
  type: 'test'
  ...
# Subtest: bounds each run, selects explicit generation and isolates accounts
ok 164 - bounds each run, selects explicit generation and isolates accounts
  ---
  duration_ms: 175.270375
  type: 'test'
  ...
# Subtest: global admission and one job per account persist across scopes
ok 165 - global admission and one job per account persist across scopes
  ---
  duration_ms: 155.996833
  type: 'test'
  ...
# Subtest: explicit bounded parallel accounts remain isolated
ok 166 - explicit bounded parallel accounts remain isolated
  ---
  duration_ms: 155.120958
  type: 'test'
  ...
# Subtest: active leases renew and completion remains fenced
ok 167 - active leases renew and completion remains fenced
  ---
  duration_ms: 191.342959
  type: 'test'
  ...
# Subtest: expired lease prevents late completion or retirement of another owner
ok 168 - expired lease prevents late completion or retirement of another owner
  ---
  duration_ms: 159.120833
  type: 'test'
  ...
# Subtest: stolen lease prevents late completion or retirement of another owner
ok 169 - stolen lease prevents late completion or retirement of another owner
  ---
  duration_ms: 204.45775
  type: 'test'
  ...
# Subtest: pause fences late completion and quarantines ignored abort until settlement
ok 170 - pause fences late completion and quarantines ignored abort until settlement
  ---
  duration_ms: 212.302083
  type: 'test'
  ...
# Subtest: close immediately returns paused result, rejects new runs, and never erases durable jobs
ok 171 - close immediately returns paused result, rejects new runs, and never erases durable jobs
  ---
  duration_ms: 210.160875
  type: 'test'
  ...
# Subtest: monotonic deadline catches synchronous work before completion and rolls callback overrun back
ok 172 - monotonic deadline catches synchronous work before completion and rolls callback overrun back
  ---
  duration_ms: 292.904542
  type: 'test'
  ...
# Subtest: provider minimum retry delay and attempts survive reopen; permanent and missing-completion failures are bounded
ok 173 - provider minimum retry delay and attempts survive reopen; permanent and missing-completion failures are bounded
  ---
  duration_ms: 295.605833
  type: 'test'
  ...
# Subtest: raw publication, metadata and followups commit atomically; rolled-back success is retried
ok 174 - raw publication, metadata and followups commit atomically; rolled-back success is retried
  ---
  duration_ms: 164.206667
  type: 'test'
  ...
# Subtest: committed completion followed by handler error never replays and async metadata writer cannot escape
ok 175 - committed completion followed by handler error never replays and async metadata writer cannot escape
  ---
  duration_ms: 157.509125
  type: 'test'
  ...
# Subtest: deadline retains physical admission for uncooperative work and late capability stays revoked
ok 176 - deadline retains physical admission for uncooperative work and late capability stays revoked
  ---
  duration_ms: 166.779375
  type: 'test'
  ...
# Subtest: pause inside metadata callback rolls back publication and job success together
ok 177 - pause inside metadata callback rolls back publication and job success together
  ---
  duration_ms: 155.955333
  type: 'test'
  ...
# Subtest: account-local replay keys preserve intent, duplicates do not reset success or conflate accounts
ok 178 - account-local replay keys preserve intent, duplicates do not reset success or conflate accounts
  ---
  duration_ms: 402.687542
  type: 'test'
  ...
# Subtest: owner/account lease boundaries and fixed redaction reject foreign or malformed work
ok 179 - owner/account lease boundaries and fixed redaction reject foreign or malformed work
  ---
  duration_ms: 171.917542
  type: 'test'
  ...
# Subtest: only safe pre-dispatch failures retry; backoff and exhausted attempts survive reopen
ok 180 - only safe pre-dispatch failures retry; backoff and exhausted attempts survive reopen
  ---
  duration_ms: 289.639792
  type: 'test'
  ...
# Subtest: dispatch commit fences unsafe retry and recovery never automatically resends
ok 181 - dispatch commit fences unsafe retry and recovery never automatically resends
  ---
  duration_ms: 278.210583
  type: 'test'
  ...
# Subtest: cancellation fences active lease; post-dispatch cancellation is uncertain rather than remote cancellation
ok 182 - cancellation fences active lease; post-dispatch cancellation is uncertain rather than remote cancellation
  ---
  duration_ms: 157.528334
  type: 'test'
  ...
# Subtest: known rejection/conflict are terminal; refresh policy is explicit and never blindly reapplied
ok 183 - known rejection/conflict are terminal; refresh policy is explicit and never blindly reapplied
  ---
  duration_ms: 160.98775
  type: 'test'
  ...
# Subtest: bounded recovery, pagination and lease renewal preserve ordering and fences
ok 184 - bounded recovery, pagination and lease renewal preserve ordering and fences
  ---
  duration_ms: 157.531334
  type: 'test'
  ...
# Subtest: write failure after SQL mutation rolls back the dispatch marker with fixed error
ok 185 - write failure after SQL mutation rolls back the dispatch marker with fixed error
  ---
  duration_ms: 160.354542
  type: 'test'
  ...
# Subtest: v4 migration is atomic, preserves unmanaged legacy actions and requires v5 guard
ok 186 - v4 migration is atomic, preserves unmanaged legacy actions and requires v5 guard
  ---
  duration_ms: 214.556
  type: 'test'
  ...
# Subtest: SIGKILL after durable running boundary preserves safe recovery
ok 187 - SIGKILL after durable running boundary preserves safe recovery
  ---
  duration_ms: 479.220041
  type: 'test'
  ...
# Subtest: SIGKILL after durable dispatching boundary preserves safe recovery
ok 188 - SIGKILL after durable dispatching boundary preserves safe recovery
  ---
  duration_ms: 482.657334
  type: 'test'
  ...
# Subtest: competing Node writers deduplicate replay keys and grant only one lease
ok 189 - competing Node writers deduplicate replay keys and grant only one lease
  ---
  duration_ms: 493.518916
  type: 'test'
  ...
# Subtest: preflight throttling persists provider minimum delay without permitting post-dispatch retry
ok 190 - preflight throttling persists provider minimum delay without permitting post-dispatch retry
  ---
  duration_ms: 279.119458
  type: 'test'
  ...
# Subtest: upload retries, scope, verification, cleanup, pinned bytes and restart
ok 191 - upload retries, scope, verification, cleanup, pinned bytes and restart
  ---
  duration_ms: 590.128042
  type: 'test'
  ...
# Subtest: same-content uploads reuse verified publication without orphan objects; final retries survive reopen
ok 192 - same-content uploads reuse verified publication without orphan objects; final retries survive reopen
  ---
  duration_ms: 593.360792
  type: 'test'
  ...
# Subtest: valid current-schema encrypted content survives reopen and shallow diagnostic returns only fixed codes/counts
ok 193 - valid current-schema encrypted content survives reopen and shallow diagnostic returns only fixed codes/counts
  ---
  duration_ms: 302.860167
  type: 'test'
  ...
# Subtest: v1 reopen requires upgrade; a failed current migration rolls back and never repairs legacy stored refs
ok 194 - v1 reopen requires upgrade; a failed current migration rolls back and never repairs legacy stored refs
  ---
  duration_ms: 465.681333
  type: 'test'
  ...
# Subtest: missing/newer/incomplete schema reports fixed codes without creating tables or downgrading
ok 195 - missing/newer/incomplete schema reports fixed codes without creating tables or downgrading
  ---
  duration_ms: 268.439208
  type: 'test'
  ...
# Subtest: logical identity/provider corruption is reported without reflecting private values or repairing rows
ok 196 - logical identity/provider corruption is reported without reflecting private values or repairing rows
  ---
  duration_ms: 160.059667
  type: 'test'
  ...
# Subtest: foreign-key violations and disabled enforcement are diagnosed without changing the setting
ok 197 - foreign-key violations and disabled enforcement are diagnosed without changing the setting
  ---
  duration_ms: 159.654709
  type: 'test'
  ...
# Subtest: missing publication and incomplete chunk objects cannot pass a shallow complete-content diagnostic
ok 198 - missing publication and incomplete chunk objects cannot pass a shallow complete-content diagnostic
  ---
  duration_ms: 179.380958
  type: 'test'
  ...
# Subtest: shallow checks explicitly do not claim full content hash verification
ok 199 - shallow checks explicitly do not claim full content hash verification
  ---
  duration_ms: 180.194
  type: 'test'
  ...
# Subtest: keyset scan pages and total scan budget stay bounded; partial results never claim health
ok 200 - keyset scan pages and total scan budget stay bounded; partial results never claim health
  ---
  duration_ms: 179.480166
  type: 'test'
  ...
# Subtest: SQLite diagnostic failures return fixed codes instead of database error details
ok 201 - SQLite diagnostic failures return fixed codes instead of database error details
  ---
  duration_ms: 153.405667
  type: 'test'
  ...
# Subtest: fast startup guard uses only schema metadata and settings, with fixed safe failures
ok 202 - fast startup guard uses only schema metadata and settings, with fixed safe failures
  ---
  duration_ms: 161.703542
  type: 'test'
  ...
# Subtest: fast startup guard refuses missing tables, missing columns and future versions before use
ok 203 - fast startup guard refuses missing tables, missing columns and future versions before use
  ---
  duration_ms: 464.070125
  type: 'test'
  ...
# Subtest: Graph immutable identity keeps its stored content while a move replaces folder membership
ok 204 - Graph immutable identity keeps its stored content while a move replaces folder membership
  ---
  duration_ms: 158.378958
  type: 'test'
  ...
# Subtest: v3 fast guard requires journal tables/columns and refuses an unmigrated v2 schema
ok 205 - v3 fast guard requires journal tables/columns and refuses an unmigrated v2 schema
  ---
  duration_ms: 220.370083
  type: 'test'
  ...
# Subtest: encrypted content writes/readback/reopen are bounded, coalesced, verified and invisible until publication
ok 206 - encrypted content writes/readback/reopen are bounded, coalesced, verified and invisible until publication
  ---
  duration_ms: 479.0185
  type: 'test'
  ...
# Subtest: empty bodies and same-account SHA refs work across messages/labels without cross-account aliasing
ok 207 - empty bodies and same-account SHA refs work across messages/labels without cross-account aliasing
  ---
  duration_ms: 182.105875
  type: 'test'
  ...
# Subtest: source failures, incorrect expectations and byte limits preserve an existing durable part
ok 208 - source failures, incorrect expectations and byte limits preserve an existing durable part
  ---
  duration_ms: 167.6955
  type: 'test'
  ...
# Subtest: chunk disk failure and final publication failure roll back without changing old content or cursor
ok 209 - chunk disk failure and final publication failure roll back without changing old content or cursor
  ---
  duration_ms: 162.64225
  type: 'test'
  ...
# Subtest: staging cleanup cannot remove published/shared/draft content, and reads detect invalid persisted bytes
ok 210 - staging cleanup cannot remove published/shared/draft content, and reads detect invalid persisted bytes
  ---
  duration_ms: 161.5425
  type: 'test'
  ...
# Subtest: v1 to current schema preserves legacy metadata, is idempotent and rolls back an injected migration failure
ok 211 - v1 to current schema preserves legacy metadata, is idempotent and rolls back an injected migration failure
  ---
  duration_ms: 208.199708
  type: 'test'
  ...
# Subtest: process death after a durable staging chunk preserves prior manifest; reopen permits explicit cleanup and retry
ok 212 - process death after a durable staging chunk preserves prior manifest; reopen permits explicit cleanup and retry
  ---
  duration_ms: 465.021333
  type: 'test'
  ...
# Subtest: migrated formerly-complete metadata reports attention until real bytes are published
ok 213 - migrated formerly-complete metadata reports attention until real bytes are published
  ---
  duration_ms: 211.381791
  type: 'test'
  ...
# Subtest: publication and fenced job success commit together; stale lease keeps the previous original
ok 214 - publication and fenced job success commit together; stale lease keeps the previous original
  ---
  duration_ms: 161.06
  type: 'test'
  ...
# Subtest: publication callbacks reject asynchronous work and roll back callback mutations
ok 215 - publication callbacks reject asynchronous work and roll back callback mutations
  ---
  duration_ms: 157.239834
  type: 'test'
  ...
# Subtest: actual SQLITE_FULL retains the prior raw and unfinished checkpoint job through reopen, then retry publishes once
ok 216 - actual SQLITE_FULL retains the prior raw and unfinished checkpoint job through reopen, then retry publishes once
  ---
  duration_ms: 338.158125
  type: 'test'
  ...
# Subtest: credential tokens stay encrypted in live DB/WAL and retain binding/version after reopen
ok 217 - credential tokens stay encrypted in live DB/WAL and retain binding/version after reopen
  ---
  duration_ms: 287.198583
  type: 'test'
  ...
# Subtest: immutable owner/account/provider/client/authority/subject binding fails closed
ok 218 - immutable owner/account/provider/client/authority/subject binding fails closed
  ---
  duration_ms: 158.3035
  type: 'test'
  ...
# Subtest: refresh CAS has explicit preserve/replace/clear semantics and does not invent grants
ok 219 - refresh CAS has explicit preserve/replace/clear semantics and does not invent grants
  ---
  duration_ms: 160.777417
  type: 'test'
  ...
# Subtest: disconnect/reconnect fences old refreshes, clears credentials and retains archive bytes
ok 220 - disconnect/reconnect fences old refreshes, clears credentials and retains archive bytes
  ---
  duration_ms: 285.261792
  type: 'test'
  ...
# Subtest: write failure redacts driver details and rolls token rotation back
ok 221 - write failure redacts driver details and rolls token rotation back
  ---
  duration_ms: 160.86625
  type: 'test'
  ...
# Subtest: revision overflow and invalid expiry never wrap or partially alter credentials
ok 222 - revision overflow and invalid expiry never wrap or partially alter credentials
  ---
  duration_ms: 158.541167
  type: 'test'
  ...
# Subtest: two actual Node refresh writers sharing a snapshot produce one CAS winner after restart
ok 223 - two actual Node refresh writers sharing a snapshot produce one CAS winner after restart
  ---
  duration_ms: 493.222958
  type: 'test'
  ...
# Subtest: v3 to v4 migration preserves existing data and fast guard requires credential structure
ok 224 - v3 to v4 migration preserves existing data and fast guard requires credential structure
  ---
  duration_ms: 212.875375
  type: 'test'
  ...
# Subtest: new account and first credentials share the caller's outer transaction
ok 225 - new account and first credentials share the caller's outer transaction
  ---
  duration_ms: 162.542625
  type: 'test'
  ...
# (node:60228) ExperimentalWarning: SQLite is an experimental feature and might change at any time
# (Use `node --trace-warnings ...` to show where the warning was created)
# Subtest: requires exactly 32 bytes and an absolute filesystem path before creating files
ok 226 - requires exactly 32 bytes and an absolute filesystem path before creating files
  ---
  duration_ms: 3.861083
  type: 'test'
  ...
# Subtest: encrypted FTS and bytes survive a fresh process; DB/WAL are private and contain no markers
ok 227 - encrypted FTS and bytes survive a fresh process; DB/WAL are private and contain no markers
  ---
  duration_ms: 282.837042
  type: 'test'
  ...
# Subtest: wrong key leaves an existing encrypted database byte-identical and readable
ok 228 - wrong key leaves an existing encrypted database byte-identical and readable
  ---
  duration_ms: 351.692834
  type: 'test'
  ...
# Subtest: plaintext database is rejected without encrypting, truncating or migrating it
ok 229 - plaintext database is rejected without encrypting, truncating or migrating it
  ---
  duration_ms: 122.855084
  type: 'test'
  ...
# Subtest: rollback, nested savepoints, synchronous return values and thenable rejection
ok 230 - rollback, nested savepoints, synchronous return values and thenable rejection
  ---
  duration_ms: 118.945709
  type: 'test'
  ...
# Subtest: rejects symlinks and insecure existing file permissions
ok 231 - rejects symlinks and insecure existing file permissions
  ---
  duration_ms: 2.342625
  type: 'test'
  ...
# Subtest: rejects Bun before native loading or filesystem changes
ok 232 - rejects Bun before native loading or filesystem changes
  ---
  duration_ms: 31.86825
  type: 'test'
  ...
# Subtest: actual Bun runtime refuses the adapter without loading the native addon
ok 233 - actual Bun runtime refuses the adapter without loading the native addon
  ---
  duration_ms: 132.371625
  type: 'test'
  ...
# Subtest: rejects unknown/plaintext native modules before creating a target file
ok 234 - rejects unknown/plaintext native modules before creating a target file
  ---
  duration_ms: 63.23725
  type: 'test'
  ...
# Subtest: reused statements preserve bindings, eviction, schema changes and rollback
ok 235 - reused statements preserve bindings, eviction, schema changes and rollback
  ---
  duration_ms: 388.346917
  type: 'test'
  ...
# Subtest: provider mapping and local immutable history survive restart; BCC belongs private draft only
ok 236 - provider mapping and local immutable history survive restart; BCC belongs private draft only
  ---
  duration_ms: 394.652416
  type: 'test'
  ...
# Subtest: lost create acknowledgment reconciles fixed Message-ID after process restart without duplicate creation
ok 237 - lost create acknowledgment reconciles fixed Message-ID after process restart without duplicate creation
  ---
  duration_ms: 347.451
  type: 'test'
  ...
# Subtest: unresolved outcome never creates a duplicate and incomplete draft remains lossless locally
ok 238 - unresolved outcome never creates a duplicate and incomplete draft remains lossless locally
  ---
  duration_ms: 289.421042
  type: 'test'
  ...
# Subtest: remote edit conflict needs exact reconciliation; use remote preserves prior local revision
ok 239 - remote edit conflict needs exact reconciliation; use remote preserves prior local revision
  ---
  duration_ms: 273.885917
  type: 'test'
  ...
# Subtest: copy-then-delete recovers after accepted create or accepted delete; no duplicate remote remains
ok 240 - copy-then-delete recovers after accepted create or accepted delete; no duplicate remote remains
  ---
  duration_ms: 527.13225
  type: 'test'
  ...
# Subtest: verified remote deletion precedes local tombstone and retains historical unsent text
ok 241 - verified remote deletion precedes local tombstone and retains historical unsent text
  ---
  duration_ms: 365.286334
  type: 'test'
  ...
# Subtest: IMAP Drafts convention and UIDPLUS are required, APPENDUID is mapped and UIDVALIDITY fences deletion
ok 242 - IMAP Drafts convention and UIDPLUS are required, APPENDUID is mapped and UIDVALIDITY fences deletion
  ---
  duration_ms: 1.169375
  type: 'test'
  ...
# Subtest: copy replacement conflict use-remote deletes only verified duplicate and retains local history
ok 243 - copy replacement conflict use-remote deletes only verified duplicate and retains local history
  ---
  duration_ms: 283.73775
  type: 'test'
  ...
# Subtest: adopt never overwrites local edits made after the reconciliation request
ok 244 - adopt never overwrites local edits made after the reconciliation request
  ---
  duration_ms: 259.721083
  type: 'test'
  ...
# Subtest: send cleanup requires succeeded immutable submission pin and never deletes newer local edits
ok 245 - send cleanup requires succeeded immutable submission pin and never deletes newer local edits
  ---
  duration_ms: 253.047708
  type: 'test'
  ...
# Subtest: changed uncertain Gmail result is a conflict; adopted drafts resume normal synchronization
ok 246 - changed uncertain Gmail result is a conflict; adopted drafts resume normal synchronization
  ---
  duration_ms: 302.949375
  type: 'test'
  ...
# Subtest: unlinked local draft deletion does not require an available provider
ok 247 - unlinked local draft deletion does not require an available provider
  ---
  duration_ms: 203.399833
  type: 'test'
  ...
# Subtest: credential fence rejects disconnected or archive-locked Gmail even with unchanged generation
ok 248 - credential fence rejects disconnected or archive-locked Gmail even with unchanged generation
  ---
  duration_ms: 188.076875
  type: 'test'
  ...
# Subtest: missing To, BCC-only and incomplete recipients publish as drafts with local fragments retained
ok 249 - missing To, BCC-only and incomplete recipients publish as drafts with local fragments retained
  ---
  duration_ms: 291.76
  type: 'test'
  ...
# Subtest: ImapFlow STORE tagged OK MODIFIED behavior cannot lead to unconditional reflag or expunge
ok 250 - ImapFlow STORE tagged OK MODIFIED behavior cannot lead to unconditional reflag or expunge
  ---
  duration_ms: 0.709125
  type: 'test'
  ...
# Subtest: revocation after remote dispatch retains explicit uncertainty instead of stranded syncing state
ok 251 - revocation after remote dispatch retains explicit uncertainty instead of stranded syncing state
  ---
  duration_ms: 217.439792
  type: 'test'
  ...
# Subtest: unavailable sender blocks remote publication while keeping the complete recoverable draft
ok 252 - unavailable sender blocks remote publication while keeping the complete recoverable draft
  ---
  duration_ms: 256.539916
  type: 'test'
  ...
# Subtest: durable automatic extraction indexes local attachment text and exposes exact part provenance offline
ok 253 - durable automatic extraction indexes local attachment text and exposes exact part provenance offline
  ---
  duration_ms: 1318.831
  type: 'test'
  ...
# Subtest: expired claims are restart-recoverable, old lease results rejected, account scope precedes reads
ok 254 - expired claims are restart-recoverable, old lease results rejected, account scope precedes reads
  ---
  duration_ms: 279.890292
  type: 'test'
  ...
# Subtest: raw replacement retains old extraction but removes it from current search/read; reset fences in-flight completion
ok 255 - raw replacement retains old extraction but removes it from current search/read; reset fences in-flight completion
  ---
  duration_ms: 171.601083
  type: 'test'
  ...
# Subtest: disconnect fences extraction and retained text
ok 256 - disconnect fences extraction and retained text
  ---
  duration_ms: 159.078917
  type: 'test'
  ...
# Subtest: malformed downloads stay downloaded while extraction fails visibly and can be reset
ok 257 - malformed downloads stay downloaded while extraction fails visibly and can be reset
  ---
  duration_ms: 484.8265
  type: 'test'
  ...
# Subtest: actual IMAP credential generation and archive lock fence extraction without compatibility tables
ok 258 - actual IMAP credential generation and archive lock fence extraction without compatibility tables
  ---
  duration_ms: 278.213416
  type: 'test'
  ...
# Subtest: schema29 repairs historical replay triggers atomically and retains complete/failed extraction through reopen
ok 259 - schema29 repairs historical replay triggers atomically and retains complete/failed extraction through reopen
  ---
  duration_ms: 293.967041
  type: 'test'
  ...
# Subtest: baseline must precede enumeration; legacy partial and completed runs restart a fresh preserved generation
ok 260 - baseline must precede enumeration; legacy partial and completed runs restart a fresh preserved generation
  ---
  duration_ms: 288.570333
  type: 'test'
  ...
# Subtest: large decimal message versions fence raw snapshots and history deltas in both directions; same-event replay is idempotent
ok 261 - large decimal message versions fence raw snapshots and history deltas in both directions; same-event replay is idempotent
  ---
  duration_ms: 282.582292
  type: 'test'
  ...
# Subtest: partial scan cannot sweep; bounded terminal reconciliation survives restart and retains encrypted originals
ok 262 - partial scan cannot sweep; bounded terminal reconciliation survives restart and retains encrypted originals
  ---
  duration_ms: 284.670375
  type: 'test'
  ...
# Subtest: paged event apply, raw jobs and terminal anchor share one transaction and reject stale replay
ok 263 - paged event apply, raw jobs and terminal anchor share one transaction and reject stale replay
  ---
  duration_ms: 280.854917
  type: 'test'
  ...
# Subtest: v6 migration preserves legacy presence, is atomic on failure and guard requires v7 columns
ok 264 - v6 migration preserves legacy presence, is atomic on failure and guard requires v7 columns
  ---
  duration_ms: 336.169125
  type: 'test'
  ...
# Subtest: fenced GET absence retains watermark; reappearance restarts only a missing-original terminal raw job
ok 265 - fenced GET absence retains watermark; reappearance restarts only a missing-original terminal raw job
  ---
  duration_ms: 166.589458
  type: 'test'
  ...
# Subtest: unknown-message stale snapshot is explicit until a fresh complete metadata baseline arrives
ok 266 - unknown-message stale snapshot is explicit until a fresh complete metadata baseline arrives
  ---
  duration_ms: 158.658334
  type: 'test'
  ...
# Subtest: run generation, fixed recent boundary, retry budget, CAS and explicit completion survive reopen
ok 267 - run generation, fixed recent boundary, retry budget, CAS and explicit completion survive reopen
  ---
  duration_ms: 291.858875
  type: 'test'
  ...
# Subtest: provider envelope survives malformed MIME, updates exact thread/labels and preserves raw
ok 268 - provider envelope survives malformed MIME, updates exact thread/labels and preserves raw
  ---
  duration_ms: 175.348333
  type: 'test'
  ...
# Subtest: raw to MIME projection commits body/attachments/decoded headers and job success with encrypted restart
ok 269 - raw to MIME projection commits body/attachments/decoded headers and job success with encrypted restart
  ---
  duration_ms: 329.710166
  type: 'test'
  ...
# Subtest: same raw hash preserves current projection; changed raw clears only derived completeness and retains originals
ok 270 - same raw hash preserves current projection; changed raw clears only derived completeness and retains originals
  ---
  duration_ms: 188.924334
  type: 'test'
  ...
# Subtest: credential change during source consumption fences final projection and preserves original
ok 271 - credential change during source consumption fences final projection and preserves original
  ---
  duration_ms: 181.0655
  type: 'test'
  ...
# Subtest: v5 migration is atomic and idempotent, guard rejects incomplete v6
ok 272 - v5 migration is atomic and idempotent, guard rejects incomplete v6
  ---
  duration_ms: 228.53025
  type: 'test'
  ...
# Subtest: progress deduplicates scopes and requires every current projected attachment
ok 273 - progress deduplicates scopes and requires every current projected attachment
  ---
  duration_ms: 185.747875
  type: 'test'
  ...
# Subtest: separate scopes, explicit sender declarations, inherited custody, parent and child revocation fences
ok 274 - separate scopes, explicit sender declarations, inherited custody, parent and child revocation fences
  ---
  duration_ms: 248.662875
  type: 'test'
  ...
# Subtest: shared transport binds every collection and continuation to the selected mailbox
ok 275 - shared transport binds every collection and continuation to the selected mailbox
  ---
  duration_ms: 10.642959
  type: 'test'
  ...
# Subtest: mailbox-level 403 revokes shared access without touching the signed-in credential
ok 276 - mailbox-level 403 revokes shared access without touching the signed-in credential
  ---
  duration_ms: 201.909125
  type: 'test'
  ...
# Subtest: schema17 migration is atomic and idempotent
ok 277 - schema17 migration is atomic and idempotent
  ---
  duration_ms: 187.700167
  type: 'test'
  ...
# Subtest: worker configures two shared mailboxes with independent sync and restores identity from storage
ok 278 - worker configures two shared mailboxes with independent sync and restores identity from storage
  ---
  duration_ms: 1289.382292
  type: 'test'
  ...
# Subtest: shared list and delta continuations accept canonical mailbox encodings without changing opaque tokens
ok 279 - shared list and delta continuations accept canonical mailbox encodings without changing opaque tokens
  ---
  duration_ms: 5.896333
  type: 'test'
  ...
# Subtest: a parent archive lock fails shared access closed even with connected state and scopes
ok 280 - a parent archive lock fails shared access closed even with connected state and scopes
  ---
  duration_ms: 157.683666
  type: 'test'
  ...
# Subtest: historical v5 persisted store survives SIGKILL after ddl, reopen and upgrade
ok 281 - historical v5 persisted store survives SIGKILL after ddl, reopen and upgrade
  ---
  duration_ms: 658.60775
  type: 'test'
  ...
# Subtest: historical v5 persisted store survives SIGKILL after version-write, reopen and upgrade
ok 282 - historical v5 persisted store survives SIGKILL after version-write, reopen and upgrade
  ---
  duration_ms: 601.953208
  type: 'test'
  ...
# Subtest: historical v9 persisted store survives SIGKILL after ddl, reopen and upgrade
ok 283 - historical v9 persisted store survives SIGKILL after ddl, reopen and upgrade
  ---
  duration_ms: 592.763709
  type: 'test'
  ...
# Subtest: historical v9 persisted store survives SIGKILL after version-write, reopen and upgrade
ok 284 - historical v9 persisted store survives SIGKILL after version-write, reopen and upgrade
  ---
  duration_ms: 600.55775
  type: 'test'
  ...
# Subtest: actual native rekey changes access key and preserves complete encrypted contents and search
ok 285 - actual native rekey changes access key and preserves complete encrypted contents and search
  ---
  duration_ms: 917.004333
  type: 'test'
  ...
# Subtest: restore keeps portable source immutable, disconnects tokens and quarantines queued submissions
ok 286 - restore keeps portable source immutable, disconnects tokens and quarantines queued submissions
  ---
  duration_ms: 559.570333
  type: 'test'
  ...
# Subtest: failed authentication, wrong digest and existing destination never replace original ciphertext
ok 287 - failed authentication, wrong digest and existing destination never replace original ciphertext
  ---
  duration_ms: 400.295666
  type: 'test'
  ...
# Subtest: main-process maintenance promotes generations and restores a passphrase backup through a private actual Node child
ok 288 - main-process maintenance promotes generations and restores a passphrase backup through a private actual Node child
  ---
  duration_ms: 2901.61575
  type: 'test'
  ...
# Subtest: actual Graph v9 recovery pauses and fences runs while preserving originals, direct attachments and search
ok 289 - actual Graph v9 recovery pauses and fences runs while preserving originals, direct attachments and search
  ---
  duration_ms: 718.774417
  type: 'test'
  ...
# Subtest: actual v10 recovery preserves immutable drafts and attachment pins and resets event cursors
ok 290 - actual v10 recovery preserves immutable drafts and attachment pins and resets event cursors
  ---
  duration_ms: 705.517417
  type: 'test'
  ...
# Subtest: missing blob aborts backup without changing source; correct digest with wrong key fails closed
ok 291 - missing blob aborts backup without changing source; correct digest with wrong key fails closed
  ---
  duration_ms: 894.353833
  type: 'test'
  ...
# Subtest: schema21 outbox and SMTP custody upgrade atomically and reopen encrypted
ok 292 - schema21 outbox and SMTP custody upgrade atomically and reopen encrypted
  ---
  duration_ms: 291.240292
  type: 'test'
  ...
# Subtest: immutable MIME, pinned draft and repeated clicks survive accepted restart without resending
ok 293 - immutable MIME, pinned draft and repeated clicks survive accepted restart without resending
  ---
  duration_ms: 225.340916
  type: 'test'
  ...
# Subtest: lost provider acknowledgment remains uncertain across restart; Sent reconciliation never resends
ok 294 - lost provider acknowledgment remains uncertain across restart; Sent reconciliation never resends
  ---
  duration_ms: 206.997292
  type: 'test'
  ...
# Subtest: cancel before dispatch prevents send; cancellation after boundary cannot retract known acceptance
ok 295 - cancel before dispatch prevents send; cancellation after boundary cannot retract known acceptance
  ---
  duration_ms: 217.383125
  type: 'test'
  ...
# Subtest: dispatch rechecks sender rights, partial recipients retain draft, explicit rejected retry keeps MIME
ok 296 - dispatch rechecks sender rights, partial recipients retain draft, explicit rejected retry keeps MIME
  ---
  duration_ms: 235.377333
  type: 'test'
  ...
# Subtest: SMTP custody is owner scoped, metadata only and invalidated by account generation
ok 297 - SMTP custody is owner scoped, metadata only and invalidated by account generation
  ---
  duration_ms: 189.793708
  type: 'test'
  ...
# Subtest: private worker outbox queues durably while paused and resumes exactly once
ok 298 - private worker outbox queues durably while paused and resumes exactly once
  ---
  duration_ms: 1632.591875
  type: 'test'
  ...
# Subtest: private worker legacy-service queues durably while paused and resumes exactly once
ok 299 - private worker legacy-service queues durably while paused and resumes exactly once
  ---
  duration_ms: 1581.324209
  type: 'test'
  ...
# Subtest: private worker legacy-worker queues durably while paused and resumes exactly once
ok 300 - private worker legacy-worker queues durably while paused and resumes exactly once
  ---
  duration_ms: 1569.818083
  type: 'test'
  ...
# Subtest: suspension aborts crossed dispatch into uncertainty and resume never resends
ok 301 - suspension aborts crossed dispatch into uncertainty and resume never resends
  ---
  duration_ms: 199.811541
  type: 'test'
  ...
# Subtest: suspension before dispatch keeps safe queued work and sends once after resume
ok 302 - suspension before dispatch keeps safe queued work and sends once after resume
  ---
  duration_ms: 213.289042
  type: 'test'
  ...
# Subtest: actual restored accepted and uncertain submissions stay inert after reconnect; draft and file jobs remain quarantined
ok 303 - actual restored accepted and uncertain submissions stay inert after reconnect; draft and file jobs remain quarantined
  ---
  duration_ms: 667.970791
  type: 'test'
  ...
# Subtest: legacy v1 recovery envelope with actual schema8 restores to clean profile and repairs search offline
ok 304 - legacy v1 recovery envelope with actual schema8 restores to clean profile and repairs search offline
  ---
  duration_ms: 933.188584
  type: 'test'
  ...
# Subtest: legacy v1 recovery envelope with actual schema24 restores to clean profile and repairs search offline
ok 305 - legacy v1 recovery envelope with actual schema24 restores to clean profile and repairs search offline
  ---
  duration_ms: 804.335209
  type: 'test'
  ...
# Subtest: provider deletion keeps bytes; exact preview removes only selected local message and bytes
ok 306 - provider deletion keeps bytes; exact preview removes only selected local message and bytes
  ---
  duration_ms: 173.086583
  type: 'test'
  ...
# Subtest: filed original pins survive mirror cleanup and block full account purge
ok 307 - filed original pins survive mirror cleanup and block full account purge
  ---
  duration_ms: 166.414208
  type: 'test'
  ...
# Subtest: changed selection invalidates preview and failure keeps message, publication, and chunks
ok 308 - changed selection invalidates preview and failure keeps message, publication, and chunks
  ---
  duration_ms: 161.466292
  type: 'test'
  ...
# Subtest: explicit disconnected account removal deletes only its account and leaves foreign keys valid
ok 309 - explicit disconnected account removal deletes only its account and leaves foreign keys valid
  ---
  duration_ms: 176.446
  type: 'test'
  ...
# Subtest: unfinished import references and immutable draft attachment pins survive ordinary cleanup
ok 310 - unfinished import references and immutable draft attachment pins survive ordinary cleanup
  ---
  duration_ms: 180.477
  type: 'test'
  ...
# Subtest: immutable draft attachment history remains outside ordinary mirror cleanup
ok 311 - immutable draft attachment history remains outside ordinary mirror cleanup
  ---
  duration_ms: 162.610667
  type: 'test'
  ...
# Subtest: lexical, exact and structured search survive offline rebuild and encrypted reopen
ok 312 - lexical, exact and structured search survive offline rebuild and encrypted reopen
  ---
  duration_ms: 324.596209
  type: 'test'
  ...
# Subtest: replaced raw invalidates snippets immediately and literal punctuation is distinct from FTS phrase tokens
ok 313 - replaced raw invalidates snippets immediately and literal punctuation is distinct from FTS phrase tokens
  ---
  duration_ms: 164.748375
  type: 'test'
  ...
# Subtest: grouped addresses, HTML umlauts, unnamed attachments and generic read flags retain exact semantics
ok 314 - grouped addresses, HTML umlauts, unnamed attachments and generic read flags retain exact semantics
  ---
  duration_ms: 168.132708
  type: 'test'
  ...
# Subtest: disconnected account never contributes results, snippets, counts or rebuild access
ok 315 - disconnected account never contributes results, snippets, counts or rebuild access
  ---
  duration_ms: 284.546959
  type: 'test'
  ...
# Subtest: search pagination and rebuild are bounded and preserve cross-account duplicate identities
ok 316 - search pagination and rebuild are bounded and preserve cross-account duplicate identities
  ---
  duration_ms: 167.520875
  type: 'test'
  ...
# Subtest: v7 upgrade is atomic, idempotent and rebuilds existing locally stored mail
ok 317 - v7 upgrade is atomic, idempotent and rebuilds existing locally stored mail
  ---
  duration_ms: 208.260791
  type: 'test'
  ...
# Subtest: incremental scheduler rotates accounts, sees later ingestion and stops before database shutdown
ok 318 - incremental scheduler rotates accounts, sees later ingestion and stops before database shutdown
  ---
  duration_ms: 267.260167
  type: 'test'
  ...
# Subtest: unclosed repeated script tags have bounded extraction and an invalid received date cannot poison the batch
ok 319 - unclosed repeated script tags have bounded extraction and an invalid received date cannot poison the batch
  ---
  duration_ms: 290.614792
  type: 'test'
  ...
# Subtest: trigram candidates preserve arbitrary literal substrings, Unicode and GLOB metacharacters
ok 320 - trigram candidates preserve arbitrary literal substrings, Unicode and GLOB metacharacters
  ---
  duration_ms: 285.997042
  type: 'test'
  ...
# Subtest: paged FTS snippets retain deterministic order and exact structured filtering
ok 321 - paged FTS snippets retain deterministic order and exact structured filtering
  ---
  duration_ms: 220.088708
  type: 'test'
  ...
# Subtest: schema 19 atomically builds substring candidates for existing encrypted documents
ok 322 - schema 19 atomically builds substring candidates for existing encrypted documents
  ---
  duration_ms: 182.83025
  type: 'test'
  ...
# Subtest: substring candidates find text following embedded NUL
ok 323 - substring candidates find text following embedded NUL
  ---
  duration_ms: 159.477042
  type: 'test'
  ...
# Subtest: exact filename candidates retain JavaScript Unicode case normalization
ok 324 - exact filename candidates retain JavaScript Unicode case normalization
  ---
  duration_ms: 162.117833
  type: 'test'
  ...
# Subtest: single phrase scan retains exact totals, empty pages, source scope and dirty exclusion
ok 325 - single phrase scan retains exact totals, empty pages, source scope and dirty exclusion
  ---
  duration_ms: 279.656834
  type: 'test'
  ...
# Subtest: Gmail discovery excludes pending/unverified aliases and validates complete provider response
ok 326 - Gmail discovery excludes pending/unverified aliases and validates complete provider response
  ---
  duration_ms: 11.182458
  type: 'test'
  ...
# Subtest: identity defaults/signatures persist; aliases removed by refresh and stale generations fail closed
ok 327 - identity defaults/signatures persist; aliases removed by refresh and stale generations fail closed
  ---
  duration_ms: 211.320875
  type: 'test'
  ...
# Subtest: Microsoft shared sender requires declared permission and follows parent lock/revocation
ok 328 - Microsoft shared sender requires declared permission and follows parent lock/revocation
  ---
  duration_ms: 171.185292
  type: 'test'
  ...
# Subtest: IMAP requires explicit configuration, supports removal, and never inherits a username as From
ok 329 - IMAP requires explicit configuration, supports removal, and never inherits a username as From
  ---
  duration_ms: 182.737375
  type: 'test'
  ...
# Subtest: schema 19 upgrades atomically to sender identities without changing connected accounts
ok 330 - schema 19 upgrades atomically to sender identities without changing connected accounts
  ---
  duration_ms: 171.32025
  type: 'test'
  ...
# Subtest: worker refreshes authenticated aliases and preserves sender preferences across relaunch
ok 331 - worker refreshes authenticated aliases and preserves sender preferences across relaunch
  ---
  duration_ms: 1049.836375
  type: 'test'
  ...
# Subtest: legacy and forged From drafts remain recoverable but cannot enter the outbox
ok 332 - legacy and forged From drafts remain recoverable but cannot enter the outbox
  ---
  duration_ms: 184.175208
  type: 'test'
  ...
# Subtest: page commit dedupes provider identity, rejects replay, binds account and preserves generations
ok 333 - page commit dedupes provider identity, rejects replay, binds account and preserves generations
  ---
  duration_ms: 181.048666
  type: 'test'
  ...
# Subtest: metadata, cursor and recoverable jobs roll back together on callback, identity or FK failure
ok 334 - metadata, cursor and recoverable jobs roll back together on callback, identity or FK failure
  ---
  duration_ms: 155.140583
  type: 'test'
  ...
# Subtest: async/thenable metadata rolls back and revoked writer rejects delayed or retained writes
ok 335 - async/thenable metadata rolls back and revoked writer rejects delayed or retained writes
  ---
  duration_ms: 154.091792
  type: 'test'
  ...
# Subtest: fenced retries retain backoff and budget through reopen, reclaim only bounded expired leases
ok 336 - fenced retries retain backoff and budget through reopen, reclaim only bounded expired leases
  ---
  duration_ms: 274.916792
  type: 'test'
  ...
# Subtest: expired reclaim obeys its limit and invalid clock cannot mutate checkpoints
ok 337 - expired reclaim obeys its limit and invalid clock cannot mutate checkpoints
  ---
  duration_ms: 151.817542
  type: 'test'
  ...
# Subtest: success and permanent failure are terminal; slow result callbacks cannot revive expired leases
ok 338 - success and permanent failure are terminal; slow result callbacks cannot revive expired leases
  ---
  duration_ms: 153.043292
  type: 'test'
  ...
# Subtest: untouched, explicit empty discovery and succeeded jobs remain separate from downloaded bytes
ok 339 - untouched, explicit empty discovery and succeeded jobs remain separate from downloaded bytes
  ---
  duration_ms: 151.110625
  type: 'test'
  ...
# Subtest: SIGKILL before page commit recovers encrypted checkpoint/jobs atomically
ok 340 - SIGKILL before page commit recovers encrypted checkpoint/jobs atomically
  ---
  duration_ms: 452.147
  type: 'test'
  ...
# Subtest: SIGKILL after page commit recovers encrypted checkpoint/jobs atomically
ok 341 - SIGKILL after page commit recovers encrypted checkpoint/jobs atomically
  ---
  duration_ms: 453.773333
  type: 'test'
  ...
# Subtest: SIGKILL lease page commit recovers encrypted checkpoint/jobs atomically
ok 342 - SIGKILL lease page commit recovers encrypted checkpoint/jobs atomically
  ---
  duration_ms: 457.108291
  type: 'test'
  ...
# Subtest: v2 upgrade is additive and atomic; future versions and failed DDL remain unchanged
ok 343 - v2 upgrade is additive and atomic; future versions and failed DDL remain unchanged
  ---
  duration_ms: 199.793041
  type: 'test'
  ...
# Subtest: raw followups commit after enumeration and join every current/later parent scope across reopen
ok 344 - raw followups commit after enumeration and join every current/later parent scope across reopen
  ---
  duration_ms: 392.252333
  type: 'test'
  ...
# Subtest: followup dedupe preserves succeeded/failed children and prohibits self or recursive part jobs
ok 345 - followup dedupe preserves succeeded/failed children and prohibits self or recursive part jobs
  ---
  duration_ms: 152.871458
  type: 'test'
  ...
# Subtest: followups reject identity/account/bounds misuse without invoking metadata or hiding work
ok 346 - followups reject identity/account/bounds misuse without invoking metadata or hiding work
  ---
  duration_ms: 154.277084
  type: 'test'
  ...
# Subtest: followup insertion failure and thenable callbacks roll back metadata, children and parent success
ok 347 - followup insertion failure and thenable callbacks roll back metadata, children and parent success
  ---
  duration_ms: 153.218709
  type: 'test'
  ...
# Subtest: expired and replaced parent leases cannot enqueue children, including after callback expiry
ok 348 - expired and replaced parent leases cannot enqueue children, including after callback expiry
  ---
  duration_ms: 273.643083
  type: 'test'
  ...
# Subtest: SIGKILL before followup commit preserves all-or-nothing discovery
ok 349 - SIGKILL before followup commit preserves all-or-nothing discovery
  ---
  duration_ms: 450.154834
  type: 'test'
  ...
# Subtest: SIGKILL after followup commit preserves all-or-nothing discovery
ok 350 - SIGKILL after followup commit preserves all-or-nothing discovery
  ---
  duration_ms: 453.286334
  type: 'test'
  ...
# Subtest: executor fences and provider retry delays remain account scoped and durable
ok 351 - executor fences and provider retry delays remain account scoped and durable
  ---
  duration_ms: 272.527
  type: 'test'
  ...
# Subtest: schema28 reverse scope lookup rolls back, preserves closure and reopens idempotently
ok 352 - schema28 reverse scope lookup rolls back, preserves closure and reopens idempotently
  ---
  duration_ms: 273.514083
  type: 'test'
  ...
1..352
# tests 352
# suites 0
# pass 352
# fail 0
# cancelled 0
# skipped 0
# todo 0
# duration_ms 58567.134
Mail acceptance passed in 61.4s.
