{"additionalDesktopQualificationSuites":["mail-artifacts.test.mjs","mail-desktop.test.mjs","mail-draft-recovery.test.mjs","mail-file-publication.test.mjs","mail-image-dimensions.test.mjs","mail-images.test.mjs","mail-keychain-preflight.test.mjs","mail-menu-shortcuts.test.mjs","mail-portability.test.mjs"]}
✔ save and open re-read stored references, verify chunks and confine filenames to a generated path (117.4406ms)
✔ corrupt bytes and locked accounts cannot publish attachments (22.924ms)
✔ account-switch cancellation fences a late save dialog, and message-supplied destination is rejected (55.1309ms)
✔ offline archive locators save verified originals and attachments without provider credentials (33.422ms)
✔ native cancellation preserves an existing selected file and creates no publication (7.2376ms)
✔ native replacement publishes verified bytes only after download and rejects a changed destination (54.065ms)
✔ native Unicode names retain their extension within portable filesystem byte limits (26.1954ms)
✔ private defaults, bounded burst and account recheck before click (5.9628ms)
✔ late polls cannot expose preview after privacy change, lock, or quit (1.4335ms)
✔ suspend and persistent user pause fence resume; new epoch on reconnect (1.7875ms)
✔ unavailable accounts and read messages never show native previews (1.4008ms)
✔ encrypted fsync recovery survives host failure/reopen; stale acknowledgment cannot remove newer edits (4277.8864ms)
✔ preflight denial, hostile path and invalid or oversized records fail closed (593.3156ms)
✔ list checks authorization once per account per call and never caches across calls (2912.4025ms)
✔ unsupported hard links fall back to exclusive creation and exact verified bytes (22.7954ms)
✔ fallback never overwrites an existing or racing destination (6.5185ms)
✔ cancellation and write errors clean only the partial file owned by this operation (8.041ms)
✔ cancellation cleanup preserves a replacement created by another operation (5.9045ms)
✔ cancellation before fallback creates no destination (3.019ms)
✔ small GIF/APNG animations remain supported and charge their complete frame canvas budget (3.3295ms)
✔ animation count, canvas amplification, truncated containers and hidden frame declarations fail before decode (6.608ms)
✔ APNG subframes and PNG header identity cannot bypass checked canvas dimensions (0.9261ms)
✔ mail image addresses reject private, mapped, local, documentation, credential and unusual-port targets (6.2543ms)
✔ HTML/CSS resources decode entities and CSS escapes without treating unrelated text as a resource (6.5185ms)
✔ native image download pins checked DNS, blocks redirect-to-private and sends no ambient credentials (1.5226ms)
✔ encoded dimensions reject bombs before raster decode (0.6199ms)
✔ native image grants read the current stored body, bound returned bytes, and reject caller URLs or a lock (62.0526ms)
✔ cancellation ends a stalled DNS lookup before any connection (0.4342ms)
✔ native transport reads bounded raster bytes and rejects oversized or encoded responses (2.1558ms)
✔ aggregate decoded pixels stop before another compressed image reaches the decoder (25.3053ms)
✔ embedded server keeps the OS home while child environment remains isolated (0.8267ms)
✔ missing or redirected macOS keychains fail before native vault access (1.293ms)
✔ native reply timeout does not execute a late command or request reload (310.3946ms)
✔ native reply drops route/focus changes and never invents fallback after errors (0.6935ms)
✔ native queued dispatch checks renderer focus before opening and coalesces accelerators (0.9889ms)
✔ native archive grants paths only from dialogs; rejects forged paths and stale service (2.7891ms)
ℹ tests 36
ℹ suites 0
ℹ pass 36
ℹ fail 0
ℹ cancelled 0
ℹ skipped 0
ℹ todo 0
ℹ duration_ms 8013.8867
