Mail acceptance: win32/x64, Node 24.11.0; one compilation, concurrency 2.
Running all 65 native mail suites (no provider network or real credentials).
✔ isolated text and Office extraction preserves Unicode and section provenance (1209.84ms)
✔ actual PDF text and scanned PDF OCR run offline in private processes (2325.486ms)
✔ bounded stdout preserves Unicode across multiple pipe chunks (306.9292ms)
✔ unsupported, malformed, expanded-byte and page budgets fail visibly (3547.3375ms)
✔ cancellation kills and reaps an actual extraction process before accepting a late result (4.5804ms)
✔ focused actual Electron extraction process resolves canvas, WASM and local bilingual models (1034.4836ms)
✔ trusted shorter deadline kills and reaps the actual parser process (24.6893ms)
✔ EIG-154 Office entity and traversal fixtures cannot read or write local files (1058.4389ms)
✔ EIG-154 PDF JavaScript is data and parser environment excludes parent secrets and loader hooks (1305.4798ms)
✔ German headers, quoted printable and charset decoding remain bounded deterministic metadata (31.4735ms)
✔ inline CID, HTML, attached text and message/rfc822 are preserved without expansion (8.7746ms)
✔ part IDs and output are independent of original chunk boundaries (16.9005ms)
✔ 8MiB generated attachment streams to awaited sink without full-content materialization (1341.7932ms)
✔ malformed base64 and unclosed boundaries fail visibly instead of completing (12.4776ms)
✔ input, headers, body, attachment bytes and counts reject at bounded limits (14.1987ms)
✔ unsupported encoding/charset and duplicate structure headers remain incomplete (2.5091ms)
✔ sink must consume fully; sink/source exceptions remain fixed and original stays unchanged (7.9929ms)
✔ deadline and cancellation bound ignored source/sink waits and fence later writes (30.499ms)
✔ valid flowed delsp semantics and transport-whitespace delimiters preserve HTML and original hash (4.5732ms)
✔ presentation selects the last supported alternative and related root while retaining mixed body sections (2.0553ms)
✖ original rendering EML fixtures project exact HTML and verified CID bytes (1.7982ms)
✔ mboxrd preserves exact binary MIME and escaped From with ending "" (1131.8738ms)
✔ mboxrd preserves exact binary MIME and escaped From with ending "\n" (1171.1048ms)
✔ mboxrd preserves exact binary MIME and escaped From with ending "\r\n" (1271.1951ms)
✔ mboxrd scan resumes at an envelope and does not buffer long lines (35.612ms)
✔ write-all advances by actual bytes and rejects zero progress (0.9786ms)
✔ manifest path traversal, symlinks and Content-Length mbox variants are rejected (5.8923ms)
✔ cached access validates binding, avoids refresh, isolates owner and reveals no secret binding fields (1129.8254ms)
✔ one in-flight refresh per account, independent accounts, durable replacement and encrypted DB/WAL (2057.4419ms)
✔ Gmail omitted scopes preserve recorded grants, unknown remains unknown; explicit scopes replace; refresh preserve is exact (1086.6279ms)
✔ expiry margin triggers refresh; missing refresh requires reconsent (1059.9613ms)
✔ provider, client and Graph authority mismatches fail before HTTP including cached tokens (1048.1081ms)
✔ disconnect fences pending settings and never returns or persists stale token (1011.9158ms)
✔ reconnect fences pending settings and never returns or persists stale token (1014.3177ms)
✔ disconnect fences pending network and never returns or persists stale token (1016.3365ms)
✔ reconnect fences pending network and never returns or persists stale token (1024.1883ms)
✔ two coordinators cannot overwrite a winning rotation and loser can acquire winner later (982.7881ms)
✔ close immediately rejects uncooperative settings, late completion cannot write (1003.5009ms)
✔ close immediately rejects uncooperative network, late completion cannot write (1018.3443ms)
✔ deadline bounds ignored cancellation, late result cannot rotate, transient errors redact and preserve safe retry advice (1045.0302ms)
✔ real refresh parser with injected HTTP preserves omitted refresh token and recorded Gmail scopes (1042.621ms)
✔ provider classifications stay bounded, do not retry or mutate stored credentials (1038.7368ms)
✔ close fences token delivery even when configuration resolves in the same microtask turn (992.3155ms)
✔ independent review: total deadline fences synchronous refresh overrun before persistence (1023.3797ms)
✔ independent review: provider Retry-After is not shortened into an earlier retry (1001.8954ms)
✔ new connection atomically persists encrypted credentials and secret-free renewable status (1054.0816ms)
✔ repeat stable identity requires explicit reconnect and preserves original credentials (1042.0962ms)
✔ reconnect wrong identity cannot replace original binding or tokens (1046.8228ms)
✔ reconnect stamp fences disconnect during consent (1013.3575ms)
✔ foreign and unconfigured archives reject reconnect before OAuth (986.529ms)
✔ persistence failure after account insert rolls back both account and credentials (989.7187ms)
✔ cancel during consent and verification fences late tokens and identity (1031.5777ms)
✔ close is idempotent, blocks new flows and fences late listener startup (977.4453ms)
✔ expiry is distinct, provider count is bounded and terminal statuses expire (1004.5057ms)
✔ resource grants gate connections while missing refresh remains explicit nonrenewable (1010.5463ms)
✔ provider denial/identity error redacted and options strictly bounded (992.981ms)
✔ startup timeout and provider cancellation have distinct terminal semantics (1057.7959ms)
✔ explicit reconnect cannot inherit an absent refresh credential or change client registration (1058.4198ms)
✔ controller disconnect persists before cleanup and cancels consent/identity reconnect races (1116.7082ms)
✔ disconnect retains archive and rejects foreign/unconfigured accounts with fixed errors (1009.2328ms)
✔ repeated disconnect fences a reconnect in another controller even while already disconnected (1031.2409ms)
✔ recent then paginated all history deduplicates originals and completes encrypted projections (2686.8524ms)
✔ pause fences late discovery; reopen explicitly resumes same generation (2707.2529ms)
✔ missing projector preserves raw and labels but never claims complete (1668.4922ms)
✔ provider retry floor survives reopen without early requests (2126.6159ms)
✔ rate limits enter persisted cooldown after five failures and recover automatically after reopen (2638.5123ms)
✔ close is bounded and late raw chunks cannot publish after disconnect (1163.7244ms)
✔ scope and configuration failures are fixed; metadata-only accounts cannot start (1057.0339ms)
✔ uncooperative discovery timeout retains capacity until settlement and never accumulates requests (3850.5706ms)
✔ authentication rejection retains a retry job and resumes after credentials are renewed (1909.709ms)
✔ pause invalidates discovery even when durable pause update fails (1142.4403ms)
✔ failed raw sink releases awaited producer before any retry (1120.1332ms)
✔ persisted complete status rechecks current raw and projection availability (1745.8588ms)
✖ raw-handler acquisition timeout fences the next queued job and retains original physical operation (9340.0664ms)
✔ history pages durably add mail, apply unread deltas and retain remotely deleted originals (2127.9125ms)
✔ pause/reopen between history pages retains original anchor and continuation (2706.3053ms)
✔ expired history reconciles fresh generation, uses minimal existing snapshots and retains absent originals (2322.9314ms)
✔ history checkpoint transaction failure rolls back label changes and page cursor together (1710.9645ms)
✔ one incomplete original remains visible while later history receives new mail and removal resolves it (2522.1696ms)
✔ raw404 records authoritative provider absence instead of a permanently incomplete known message (1381.2327ms)
✔ legacy completed backfill without pre-enumeration anchor reconciles a new generation before catch-up (2386.7482ms)
✔ mailbox anchor never becomes an unchanged message history version during initial or expired backfill (1487.2193ms)
✔ download throttling defers the whole account without exhausting originals and resumes after restart (2723.3379ms)
✔ restart recovers legacy transiently exhausted downloads without reviving permanent content failures (2609.294ms)
✔ untyped history refreshes current labels, downloads unknown mail and retains a 404 original (3524.4958ms)
✔ untyped history read failure preserves cursor and applies the whole page after restart (3457.6308ms)
✔ untyped history pause fences late snapshots and never checkpoints their page (1887.6379ms)
✔ untyped history caps collected metadata and keeps the page unacknowledged (2942.3472ms)
✔ authoritative Gmail manifest and never-opened MIME parts survive history replay, expiry reconciliation and offline reopen (3346.3414ms)
✔ production raw and minimal message starts share quota pacing and pause interrupts the wait (2220.1249ms)
✔ Node pagination uses fixed endpoint and retains opaque continuation (26.4969ms)
✔ Node raw delivery is sequential and bounded, metadata follows successful sink (43.7438ms)
✔ Node cancellation fences late sink calls and timeouts reject hanging sinks (14.8005ms)
✔ full paginated history, nested ordinary Archive, all originals and separate attachment references survive reopen (2865.7978ms)
✔ immutable ID move changes membership, keeps original and does not collapse duplicate RFC IDs (1913.2583ms)
✔ pause/reopen between pages resumes durable continuation without fetching first original again (2903.1662ms)
✔ protected MIME and reference attachment are explicit attention while other content downloads (1927.7093ms)
✔ late provider result after disconnect cannot publish; foreign owner cannot inspect (1203.6988ms)
✔ fixed-host authenticated immutable requests and hostile continuations are rejected before HTTP (21.6656ms)
✔ actual Node worker and local service select Graph settings, sync, reopen, and lock disconnected archive (6322.6755ms)
✔ page transaction fault rolls back metadata, jobs and continuation together (1841.7914ms)
✔ retry floor survives reopening and source interruption never publishes partial raw (2134.6329ms)
✔ uncooperative discovery retains physical capacity until settlement (2872.3114ms)
✔ file attachment size mismatch prevents completion and keeps raw intact (1125.1009ms)
✔ Retry-After preserves numeric and HTTP-date provider minimums without one-hour cap (2.6379ms)
✔ access retry minimum survives journal/reopen and synchronous delayed operation cannot publish (1881.9926ms)
✔ byte transport absolute deadline rejects a synchronous delayed fetch before yielding (40.9723ms)
✔ credential retry minimum inside raw job is persisted without early resend (1890.8975ms)
✔ generated 8 MiB file and embedded item bytes stream durably without whole-content buffers (3223.3838ms)
✔ v8 to v9 migration rolls back completely and preserves credentials, drafts and legacy actions (2153.8186ms)
✔ encrypted MIME envelopes remain intact but cannot claim readable projection complete (1618.7516ms)
✔ changed draft on body retry refetches MIME instead of pairing new metadata with an old original (1678.0614ms)
✔ direct Graph filenames are indexed with account scope and metadata updates dirty the index (1893.9071ms)
✔ documented OData delta continuations retain opaque padding and reject other owners, keys and traversal (7.2464ms)
✔ delta replay resolves moves via current GET, retains removed originals/actions, and recovers expired cursors (5528.7838ms)
✔ delta current GET permission failure never tombstones, and cursor/jobs survive cancelled in-flight metadata (3339.5231ms)
✔ escaped opaque slash is valid and a disappearing folder never cascades live membership (2312.3006ms)
✖ folder hierarchy application yields after 100 rows and resumes staged cursor after pause (9794.4492ms)
✔ a revived folder discovers its newly created parent before applying the hierarchy (2429.4763ms)
✔ startup rejects a current-version store with incomplete delta state without repairing it (958.5838ms)
✔ mixed bulk success and rejection remain per-message, owner scoped, durable and undoable before dispatch (2104.364ms)
✔ timeout after dispatch is uncertain after reopen and is never automatically resubmitted (1931.6773ms)
✔ changed credentials and remote conflicts fence old intent before any write (1145.4062ms)
✔ retired dispatch owner publishes nothing; expired lease becomes uncertain and label deletion preserves originals (1165.6062ms)
✔ shared Graph actions require declared write access, use the bound mailbox and retire queued intent when grants change (1252.9024ms)
✔ Gmail read/flag/archive/trash/labels preserve unrelated labels and dispatch once (29.4039ms)
✔ Gmail checks current labels and permanent delete scope before dispatch; lost post-write verification is uncertain (2.0067ms)
✔ Graph immutable moves, read flags, copies and delegated writes use exact mailbox scope (4.6962ms)
✔ Graph stale change keys, read-only and shared read/write grants never confer primary writes (0.526ms)
✔ Label rename uses remote identity and name precondition; system labels and nonempty Graph folder deletes never dispatch (2.2527ms)
✔ Gmail media submission retains Bcc in private MIME and treats accepted response as delivery unknown (5.161ms)
✔ Graph shared MIME uses signed-in submission and preserves From while Graph determines actual Sender (0.5949ms)
✔ Graph primary large attachment uses bounded opaque upload chunks without bearer token, then sends prepared draft once (12.9409ms)
✔ Graph interrupted preparation refuses retry and foreign upload URLs never receive MIME or tokens (2.5731ms)
✔ timeouts and provider failures distinguish uncertainty from explicit rejection; Sent match requires sender and Message-ID (5.7373ms)
✔ Node Google canonical subject comes from userinfo with profile consistency (24.4115ms)
✔ Node Graph identity is bound to API verified tenant, not UPN (1.1818ms)
✔ Node mismatch and ignored-abort deadline produce no identity (15.5074ms)
✔ actual TLS discovers hierarchy/special use, UID pages preserve copies, originals/attachments and INTERNALDATE (2660.4648ms)
✔ certificate/authentication failures are fixed and failed connect never creates active accounts (999.0705ms)
✔ reconnect after partial history preserves its durable generation, keeps originals and disconnect blocks search (2656.7825ms)
✔ UIDVALIDITY replacement keeps old message identities and content while configured folder scope is explicit (1870.0568ms)
✔ real service and Node worker authenticate TLS IMAP, backfill and expose offline attachment bytes (8878.547ms)
✔ non-ESEARCH sparse four-billion UID mailbox completes in bounded requests (1407.1461ms)
✖ restore of actual IMAP ciphertext clears passwords, pauses runs and preserves attachment bytes (3210.916ms)
✔ UID pages stay bounded, dense adaptive windows narrow without advancing and mid-backfill validity changes stop safely (1784.0815ms)
✔ polling reconciles flags, expunges, folder removal/addition and UIDVALIDITY while preserving originals and draft/action records (2521.4981ms)
✔ actual TLS flags/copy/native MOVE/UIDPLUS delete and empty mailbox changes dispatch once; unknown keywords and unsafe fallback stay unsupported (2108.8594ms)
✔ connection loss after accepted copy is uncertain and never replayed; reconnect fences queued old-password work (1728.2925ms)
✔ servers without UIDPLUS/MOVE reject move and permanent delete without any write; copy remains usable (1838.2358ms)
✔ actual service worker public local action API executes IMAP intent and preserves offline reads after reconciliation (3979.2856ms)
✔ CONDSTORE/QRESYNC enabled sessions use changedSince; IDLE wakes a bounded full UID/presence reconciliation (1571.1515ms)
✔ UIDPLUS MOVE fallback scopes expunge, preserves unrelated Deleted messages and does not delete after an ambiguous COPY (1479.3403ms)
✔ native MOVE is one command; stale flag snapshots fail before dispatch and cancellation keeps queued intent inert (1547.2381ms)
✔ a mailbox disappearing after LIST is reconciled; repeatedly unstable UIDVALIDITY stops after a bounded recovery budget (1730.0176ms)
✔ a superseded engine wake cannot adopt the winner run stamp or revive old dispatch (1681.9428ms)
✔ post-discovery refresh refuses another database connection replacing the run revision (2609.465ms)
✔ special archive uses server SPECIAL-USE with UID-safe MOVE; ambiguous or unavailable targets never dispatch (1564.6991ms)
✔ actual Node gmail callback with normal system hostname resolution (38.0196ms)
✔ actual Node graph callback with normal system hostname resolution (12.0377ms)
✔ actual Node cancel closes both listeners without provider HTTP (7.9226ms)
✔ gmail real HTTP submission adapter remains uncertain across encrypted reopen and only exact Sent evidence settles it (2465.2704ms)
✔ graph real HTTP submission adapter remains uncertain across encrypted reopen and only exact Sent evidence settles it (2410.872ms)
✔ verified TLS SMTP lost DATA acknowledgment survives encrypted restart; Sent reconciliation never repeats DATA or APPEND (3146.5075ms)
✔ personal OAuth callback, encrypted immutable identity, restart refresh and account-kind binding (3912.3322ms)
✔ onboarding cancellation before HTTP start and during IMAP discovery cannot publish a late account (2804.7133ms)
✔ Graph Inbox comes from the well-known lookup, independent of localized or misleading folder display names (1075.8988ms)
✔ late Inbox lookup cannot persist a role after credential disconnect (1137.2569ms)
✔ Google preserves omitted refresh token and sends credentials only in form body (29.5887ms)
✔ Graph exposes replacement without mutating original credential (1.1873ms)
✔ Node timeout and reconsent errors remain redacted (19.749ms)
✔ uncertain SMTP submission reconciles an existing Sent copy read-only without APPEND (1.5028ms)
✔ uncertain SMTP no match, duplicate Message-ID and foreign sender remain unresolved without APPEND (0.4114ms)
✔ only known accepted submission can append a missing Sent copy; existing copy is not duplicated (0.3921ms)
✔ SMTP implicit TLS authenticates over verified TLS and reports partial recipients (140.0543ms)
✔ SMTP required STARTTLS authenticates over verified TLS and reports partial recipients (111.6637ms)
✔ SMTP without required STARTTLS never authenticates or sends (79.7474ms)
✔ SMTP lost final DATA acknowledgment is uncertain and does not repeat DATA (123.6832ms)
✔ actual worker proposal sends nothing until approval, pins journal atomically and resumes exactly once (8218.0014ms)
✔ actual worker rejects edited draft and revoked grant before any outbox record (2872.48ms)
✔ actual worker saves and binds atomically, denies foreign-grant edits and revoked new writes, allows stale rejection (4486.6375ms)
✔ account disconnect invalidates agent capability and pending approval without sending (3063.783ms)
✔ real OAuth callback → encrypted account → account-owned worker, duplicate announcements, offline restart and deliberate pause (8307.6331ms)
✔ desktop suspension and supervised worker restart preserve pauses and restore safe account sessions (7435.0434ms)
✔ private worker imports and indexes offline, reopens archive and rejects provider sync (4419.0737ms)
✔ independent provider manifest/raw/body/attachment reads match encrypted originals without writes or private output (1457.7106ms)
✔ different memberships and a missing local provider identity remain explicit mismatches (1642.1427ms)
✔ moving provider history and exceeded bounds cannot report qualification success (1562.7967ms)
✔ overlapping diagnostics are refused; cancellation releases physical requests and emits no private error (1480.7479ms)
✔ credential disconnect fences pending provider reads before further work (1193.5311ms)
✔ cancel retains the diagnostic slot until an abort-ignoring provider request physically settles (1439.713ms)
✔ matching bytes cannot qualify an unenumerated or failed stored MIME projection (1778.8791ms)
✔ a fresh unsupported MIME projection records incomplete coverage instead of a byte-only match (1470.4138ms)
✔ non-metadata failures report only allowlisted category and numeric retry timing without automatic retries (1234.2707ms)
✔ metadata pacing and rate-limit recovery count each successful identity once and respect Retry-After (3399.5057ms)
✔ metadata Retry-After beyond the overall deadline is not shortened and never dispatched early (1096.9378ms)
✔ cancel interrupts metadata backoff and raw rate limiting never replays partial sink work (1164.3802ms)
✔ metadata authorization and unconfirmed transient failures are not retried (1196.8063ms)
✔ sample-only mode obtains independent bytes without metadata calls or claiming full membership qualification (1110.6918ms)
✔ quota evidence retains only HTTP status and known reason, including bounded429 bodies (1262.4837ms)
✔ attachment-only MIME with a complete empty body envelope remains a valid sample (1133.1457ms)
✔ qualifier matches multipart originals larger than64KiB including body and attachment bytes (1338.8881ms)
✔ actual worker retention requires pause and fresh preview; isolated archive account removal never calls providers (3608.7047ms)
✔ bounds each run, selects explicit generation and isolates accounts (1047.2901ms)
✔ global admission and one job per account persist across scopes (1007.4175ms)
✔ explicit bounded parallel accounts remain isolated (1014.6971ms)
✔ active leases renew and completion remains fenced (950.6253ms)
✔ expired lease prevents late completion or retirement of another owner (1048.5189ms)
✔ stolen lease prevents late completion or retirement of another owner (996.353ms)
✔ pause fences late completion and quarantines ignored abort until settlement (1028.1649ms)
✔ close immediately returns paused result, rejects new runs, and never erases durable jobs (952.8333ms)
✔ monotonic deadline catches synchronous work before completion and rolls callback overrun back (964.8292ms)
✔ provider minimum retry delay and attempts survive reopen; permanent and missing-completion failures are bounded (1844.8871ms)
✔ raw publication, metadata and followups commit atomically; rolled-back success is retried (1033.5938ms)
✔ committed completion followed by handler error never replays and async metadata writer cannot escape (1064.2957ms)
✔ deadline retains physical admission for uncooperative work and late capability stays revoked (1041.4351ms)
✔ pause inside metadata callback rolls back publication and job success together (1001.3873ms)
✔ account-local replay keys preserve intent, duplicates do not reset success or conflate accounts (1934.4534ms)
✔ owner/account lease boundaries and fixed redaction reject foreign or malformed work (1051.3594ms)
✔ only safe pre-dispatch failures retry; backoff and exhausted attempts survive reopen (1977.3031ms)
✔ dispatch commit fences unsafe retry and recovery never automatically resends (2033.6269ms)
✔ cancellation fences active lease; post-dispatch cancellation is uncertain rather than remote cancellation (1034.143ms)
✔ known rejection/conflict are terminal; refresh policy is explicit and never blindly reapplied (1096.2569ms)
✔ bounded recovery, pagination and lease renewal preserve ordering and fences (1069.0727ms)
✔ write failure after SQL mutation rolls back the dispatch marker with fixed error (1003.7881ms)
✔ v4 migration is atomic, preserves unmanaged legacy actions and requires v5 guard (1512.2192ms)
✔ SIGKILL after durable running boundary preserves safe recovery (3667.1401ms)
✔ SIGKILL after durable dispatching boundary preserves safe recovery (3778.6644ms)
✔ competing Node writers deduplicate replay keys and grant only one lease (3261.5861ms)
✔ preflight throttling persists provider minimum delay without permitting post-dispatch retry (1953.5011ms)
✔ explicit offline archive grant resolves only its opaque capability; unknown token, missing permission and restore deny (1003.4263ms)
✔ revoked history and expired grants do not hide or consume live grants (1953.5258ms)
✔ actual plugin yields readable body; V1 matter receipt denies changed V2 body/attachments/export/search and in-flight reads (2628.2976ms)
✔ accounts added after schema 0 upgrade retain resumable event streams (1042.0726ms)
✔ accounts added after schema 22 upgrade retain resumable event streams (1153.5265ms)
✔ schema23 account rebuild atomically retains identities, encrypted blobs and child foreign keys (1984.2238ms)
✔ upload retries, scope, verification, cleanup, pinned bytes and restart (3374.6963ms)
✔ same-content uploads reuse verified publication without orphan objects; final retries survive reopen (4109.998ms)
✔ valid current-schema encrypted content survives reopen and shallow diagnostic returns only fixed codes/counts (2081.3693ms)
✔ v1 reopen requires upgrade; a failed current migration rolls back and never repairs legacy stored refs (3402.0049ms)
✔ missing/newer/incomplete schema reports fixed codes without creating tables or downgrading (1985.1233ms)
✔ logical identity/provider corruption is reported without reflecting private values or repairing rows (1117.6231ms)
✔ foreign-key violations and disabled enforcement are diagnosed without changing the setting (1063.0172ms)
✔ missing publication and incomplete chunk objects cannot pass a shallow complete-content diagnostic (1018.5253ms)
✔ shallow checks explicitly do not claim full content hash verification (1053.8376ms)
✔ keyset scan pages and total scan budget stay bounded; partial results never claim health (1034.798ms)
✔ SQLite diagnostic failures return fixed codes instead of database error details (971.9326ms)
✔ fast startup guard uses only schema metadata and settings, with fixed safe failures (1084.5212ms)
✔ fast startup guard refuses missing tables, missing columns and future versions before use (2961.2949ms)
✔ Graph immutable identity keeps its stored content while a move replaces folder membership (1070.3767ms)
✔ v3 fast guard requires journal tables/columns and refuses an unmigrated v2 schema (1579.6845ms)
✔ encrypted content writes/readback/reopen are bounded, coalesced, verified and invisible until publication (2589.9764ms)
✔ empty bodies and same-account SHA refs work across messages/labels without cross-account aliasing (1126.272ms)
✔ source failures, incorrect expectations and byte limits preserve an existing durable part (1258.8809ms)
✔ chunk disk failure and final publication failure roll back without changing old content or cursor (1160.1998ms)
✔ staging cleanup cannot remove published/shared/draft content, and reads detect invalid persisted bytes (1070.8476ms)
✔ v1 to current schema preserves legacy metadata, is idempotent and rolls back an injected migration failure (1540.5571ms)
✔ process death after a durable staging chunk preserves prior manifest; reopen permits explicit cleanup and retry (3652.2406ms)
✔ migrated formerly-complete metadata reports attention until real bytes are published (1555.1183ms)
✔ publication and fenced job success commit together; stale lease keeps the previous original (1131.0892ms)
✔ publication callbacks reject asynchronous work and roll back callback mutations (1119.715ms)
✔ actual SQLITE_FULL retains the prior raw and unfinished checkpoint job through reopen, then retry publishes once (2109.8924ms)
✔ credential tokens stay encrypted in live DB/WAL and retain binding/version after reopen (1924.15ms)
✔ immutable owner/account/provider/client/authority/subject binding fails closed (1030.7382ms)
✔ refresh CAS has explicit preserve/replace/clear semantics and does not invent grants (1082.8839ms)
✔ disconnect/reconnect fences old refreshes, clears credentials and retains archive bytes (1934.3975ms)
✔ write failure redacts driver details and rolls token rotation back (1030.7618ms)
✔ revision overflow and invalid expiry never wrap or partially alter credentials (1068.8814ms)
✔ two actual Node refresh writers sharing a snapshot produce one CAS winner after restart (3284.9336ms)
✔ v3 to v4 migration preserves existing data and fast guard requires credential structure (1505.078ms)
✔ new account and first credentials share the caller's outer transaction (1098.7802ms)
(node:5804) ExperimentalWarning: SQLite is an experimental feature and might change at any time
(Use `node --trace-warnings ...` to show where the warning was created)
✔ requires exactly 32 bytes and an absolute filesystem path before creating files (9.2347ms)
✔ encrypted FTS and bytes survive a fresh process; DB/WAL are private and contain no markers (1973.3734ms)
✔ wrong key leaves an existing encrypted database byte-identical and readable (2687.183ms)
✔ plaintext database is rejected without encrypting, truncating or migrating it (909.3841ms)
✔ rollback, nested savepoints, synchronous return values and thenable rejection (917.2258ms)
✔ rejects symlinks and insecure existing file permissions (361.9553ms)
✔ rejects Bun before native loading or filesystem changes (54.0598ms)
✔ actual Bun runtime refuses the adapter without loading the native addon (102.956ms)
✔ rejects unknown/plaintext native modules before creating a target file (126.1549ms)
✔ reused statements preserve bindings, eviction, schema changes and rollback (3843.7548ms)
✔ provider mapping and local immutable history survive restart; BCC belongs private draft only (2409.1984ms)
✔ lost create acknowledgment reconciles fixed Message-ID after process restart without duplicate creation (2095.4145ms)
✔ unresolved outcome never creates a duplicate and incomplete draft remains lossless locally (1550.0991ms)
✔ remote edit conflict needs exact reconciliation; use remote preserves prior local revision (1339.7551ms)
✔ copy-then-delete recovers after accepted create or accepted delete; no duplicate remote remains (3246.5729ms)
✔ verified remote deletion precedes local tombstone and retains historical unsent text (2238.5766ms)
✔ IMAP Drafts convention and UIDPLUS are required, APPENDUID is mapped and UIDVALIDITY fences deletion (2.7672ms)
✔ copy replacement conflict use-remote deletes only verified duplicate and retains local history (1327.5206ms)
✔ adopt never overwrites local edits made after the reconciliation request (1359.3429ms)
✔ send cleanup requires succeeded immutable submission pin and never deletes newer local edits (1473.6047ms)
✔ changed uncertain Gmail result is a conflict; adopted drafts resume normal synchronization (1452.1701ms)
✔ unlinked local draft deletion does not require an available provider (1133.6695ms)
✔ credential fence rejects disconnected or archive-locked Gmail even with unchanged generation (1116.6476ms)
✔ missing To, BCC-only and incomplete recipients publish as drafts with local fragments retained (1393.571ms)
✔ ImapFlow STORE tagged OK MODIFIED behavior cannot lead to unconditional reflag or expunge (1.1123ms)
✔ revocation after remote dispatch retains explicit uncertainty instead of stranded syncing state (1224.8799ms)
✔ unavailable sender blocks remote publication while keeping the complete recoverable draft (1275.9481ms)
✔ adopting a remote multipart draft above64KiB preserves attachment bytes and local history (1382.9557ms)
✔ durable automatic extraction indexes local attachment text and exposes exact part provenance offline (3089.1961ms)
✔ expired claims are restart-recoverable, old lease results rejected, account scope precedes reads (2186.5303ms)
✔ raw replacement retains old extraction but removes it from current search/read; reset fences in-flight completion (1093.5015ms)
✔ disconnect fences extraction and retained text (1033.054ms)
✔ malformed downloads stay downloaded while extraction fails visibly and can be reset (2484.6391ms)
✔ actual IMAP credential generation and archive lock fence extraction without compatibility tables (1941.1799ms)
✔ schema29 repairs historical replay triggers atomically and retains complete/failed extraction through reopen (2209.2948ms)
✔ schema24 retained filing upgrade atomically and reopen encrypted (2184.4523ms)
✔ retained original and attachments are verified, deduplicated and survive source removal/reopen (2095.3657ms)
✔ baseline must precede enumeration; legacy partial and completed runs restart a fresh preserved generation (1925.4397ms)
✔ large decimal message versions fence raw snapshots and history deltas in both directions; same-event replay is idempotent (1925.094ms)
✔ partial scan cannot sweep; bounded terminal reconciliation survives restart and retains encrypted originals (1961.4673ms)
✔ paged event apply, raw jobs and terminal anchor share one transaction and reject stale replay (1964.7087ms)
✔ v6 migration preserves legacy presence, is atomic on failure and guard requires v7 columns (2610.9861ms)
✔ fenced GET absence retains watermark; reappearance restarts only a missing-original terminal raw job (1047.9187ms)
✔ unknown-message stale snapshot is explicit until a fresh complete metadata baseline arrives (1004.0103ms)
✔ run generation, fixed recent boundary, retry budget, CAS and explicit completion survive reopen (1932.917ms)
✔ provider envelope survives malformed MIME, updates exact thread/labels and preserves raw (1255.2775ms)
✔ raw to MIME projection commits body/attachments/decoded headers and job success with encrypted restart (1983.8893ms)
✔ same raw hash preserves current projection; changed raw clears only derived completeness and retains originals (1062.0707ms)
✔ credential change during source consumption fences final projection and preserves original (1065.4026ms)
✔ v5 migration is atomic and idempotent, guard rejects incomplete v6 (1499.7505ms)
✔ progress deduplicates scopes and requires every current projected attachment (1092.3155ms)
✔ separate scopes, explicit sender declarations, inherited custody, parent and child revocation fences (1215.6803ms)
✔ shared transport binds every collection and continuation to the selected mailbox (24.6112ms)
✔ mailbox-level 403 revokes shared access without touching the signed-in credential (1016.9245ms)
✔ schema17 migration is atomic and idempotent (1119.4878ms)
✔ worker configures two shared mailboxes with independent sync and restores identity from storage (5355.8669ms)
✔ shared list and delta continuations accept canonical mailbox encodings without changing opaque tokens (11.7607ms)
✔ a parent archive lock fails shared access closed even with connected state and scopes (1079.9037ms)
✔ historical v5 persisted store survives SIGKILL after ddl, reopen and upgrade (4796.2704ms)
✔ historical v5 persisted store survives SIGKILL after version-write, reopen and upgrade (4795.0387ms)
✔ historical v9 persisted store survives SIGKILL after ddl, reopen and upgrade (4654.8973ms)
✔ historical v9 persisted store survives SIGKILL after version-write, reopen and upgrade (4573.3621ms)
✔ draft CAS snapshots and idempotent save survive encrypted reopen without changing originals (2143.6135ms)
✔ submission snapshots are immutable, replay survives editing/deleting head and never claims sending (2126.0708ms)
✔ retained draft attachment reads bind immutable version and ordinal after provider replacement (2142.2474ms)
✔ mutation intents validate local scope, stay unapplied and cancellation preserves uncertainty (1179.2252ms)
✔ disconnect and reconnect fence credentials without resurrecting an old intent (1237.299ms)
✔ events are account-scoped resumable hints, rollback-safe and reset after restored sequence rewind (2104.5889ms)
✔ v9 migration is atomic and preserves legacy rows and encrypted originals (1446.5447ms)
✔ actual Gmail removal and durable content publication notify readers, scan touches stay quiet (1221.9359ms)
✖ actual native rekey changes access key and preserves complete encrypted contents and search (3699.7982ms)
✖ restore keeps portable source immutable, disconnects tokens and quarantines queued submissions (2877.0826ms)
✔ failed authentication, wrong digest and existing destination never replace original ciphertext (3487.5324ms)
file:///D:/a/legalwork/legalwork/apps/server/scripts/mail-acceptance.mjs:62
      else reject(new Error(`Mail acceptance subprocess failed (exit=${code}, signal=${signal ?? 'none'}).`));
                  ^

Error: Mail acceptance subprocess failed (exit=null, signal=SIGKILL).
    at ChildProcess.<anonymous> (file:///D:/a/legalwork/legalwork/apps/server/scripts/mail-acceptance.mjs:62:19)
    at Object.onceWrapper (node:events:623:26)
    at ChildProcess.emit (node:events:508:28)
    at maybeClose (node:internal/child_process:1101:16)
    at ChildProcess._handle.onexit (node:internal/child_process:305:5)

Node.js v24.11.0
